Archive member included to satisfy reference by file (symbol)

c:/program files/microchip/xc32/v4.00/bin/bin/../../lib/gcc/pic32c/8.3.1/../../../../pic32c/lib/thumb/v7e-m+dp/hard\libpic32c.a(data_init.o)
                              build/DevBoard/debug/_ext/1844592860/startup_xc32.o (__pic32c_data_initialization)
c:/program files/microchip/xc32/v4.00/bin/bin/../../lib/gcc/pic32c/8.3.1/../../../../pic32c/lib/thumb/v7e-m+dp/hard\libg-musl.a(__libc_start_main.o)
                              build/DevBoard/debug/_ext/1844592860/startup_xc32.o (__libc_init_array)
c:/program files/microchip/xc32/v4.00/bin/bin/../../lib/gcc/pic32c/8.3.1/../../../../pic32c/lib/thumb/v7e-m+dp/hard\libg-musl.a(libc.o)
                              c:/program files/microchip/xc32/v4.00/bin/bin/../../lib/gcc/pic32c/8.3.1/../../../../pic32c/lib/thumb/v7e-m+dp/hard\libg-musl.a(__libc_start_main.o) (__progname_full)
c:/program files/microchip/xc32/v4.00/bin/bin/../../lib/gcc/pic32c/8.3.1/../../../../pic32c/lib/thumb/v7e-m+dp/hard\libg-musl.a(stdin.o)
                              build/DevBoard/debug/_ext/1844592860/initialization.o (_stdin)
c:/program files/microchip/xc32/v4.00/bin/bin/../../lib/gcc/pic32c/8.3.1/../../../../pic32c/lib/thumb/v7e-m+dp/hard\libg-musl.a(stdout.o)
                              build/DevBoard/debug/_ext/1844592860/initialization.o (_stdout)
c:/program files/microchip/xc32/v4.00/bin/bin/../../lib/gcc/pic32c/8.3.1/../../../../pic32c/lib/thumb/v7e-m+dp/hard\libg-musl.a(printf.o)
                              build/DevBoard/debug/_ext/1164684806/drv_bm71.o (printf)
c:/program files/microchip/xc32/v4.00/bin/bin/../../lib/gcc/pic32c/8.3.1/../../../../pic32c/lib/thumb/v7e-m+dp/hard\libg-musl.a(puts.o)
                              build/DevBoard/debug/_ext/1164684806/drv_bm71_command_decode.o (puts)
c:/program files/microchip/xc32/v4.00/bin/bin/../../lib/gcc/pic32c/8.3.1/../../../../pic32c/lib/thumb/v7e-m+dp/hard\libg-musl.a(setbuf.o)
                              build/DevBoard/debug/_ext/1844592860/initialization.o (setbuf)
c:/program files/microchip/xc32/v4.00/bin/bin/../../lib/gcc/pic32c/8.3.1/../../../../pic32c/lib/thumb/v7e-m+dp/hard\libg-musl.a(memcpy.o)
                              build/DevBoard/debug/_ext/975528730/plib_efc.o (memcpy)
c:/program files/microchip/xc32/v4.00/bin/bin/../../lib/gcc/pic32c/8.3.1/../../../../pic32c/lib/thumb/v7e-m+dp/hard\libg-musl.a(memset.o)
                              build/DevBoard/debug/_ext/1790450025/sys_time.o (memset)
c:/program files/microchip/xc32/v4.00/bin/bin/../../lib/gcc/pic32c/8.3.1/../../../../pic32c/lib/thumb/v7e-m+dp/hard\libg-musl.a(__environ.o)
                              c:/program files/microchip/xc32/v4.00/bin/bin/../../lib/gcc/pic32c/8.3.1/../../../../pic32c/lib/thumb/v7e-m+dp/hard\libg-musl.a(__libc_start_main.o) (__environ)
c:/program files/microchip/xc32/v4.00/bin/bin/../../lib/gcc/pic32c/8.3.1/../../../../pic32c/lib/thumb/v7e-m+dp/hard\libg-musl.a(fputs.o)
                              c:/program files/microchip/xc32/v4.00/bin/bin/../../lib/gcc/pic32c/8.3.1/../../../../pic32c/lib/thumb/v7e-m+dp/hard\libg-musl.a(puts.o) (fputs)
c:/program files/microchip/xc32/v4.00/bin/bin/../../lib/gcc/pic32c/8.3.1/../../../../pic32c/lib/thumb/v7e-m+dp/hard\libg-musl.a(__io_init_needed.o)
                              c:/program files/microchip/xc32/v4.00/bin/bin/../../lib/gcc/pic32c/8.3.1/../../../../pic32c/lib/thumb/v7e-m+dp/hard\libg-musl.a(stdout.o) (__io_init_needed)
c:/program files/microchip/xc32/v4.00/bin/bin/../../lib/gcc/pic32c/8.3.1/../../../../pic32c/lib/thumb/v7e-m+dp/hard\libg-musl.a(__io_rw_needed.o)
                              c:/program files/microchip/xc32/v4.00/bin/bin/../../lib/gcc/pic32c/8.3.1/../../../../pic32c/lib/thumb/v7e-m+dp/hard\libg-musl.a(stdin.o) (__io_rw_needed)
c:/program files/microchip/xc32/v4.00/bin/bin/../../lib/gcc/pic32c/8.3.1/../../../../pic32c/lib/thumb/v7e-m+dp/hard\libg-musl.a(__stdio_read.o)
                              c:/program files/microchip/xc32/v4.00/bin/bin/../../lib/gcc/pic32c/8.3.1/../../../../pic32c/lib/thumb/v7e-m+dp/hard\libg-musl.a(stdin.o) (__stdio_read)
c:/program files/microchip/xc32/v4.00/bin/bin/../../lib/gcc/pic32c/8.3.1/../../../../pic32c/lib/thumb/v7e-m+dp/hard\libg-musl.a(__towrite_rw.o)
                              c:/program files/microchip/xc32/v4.00/bin/bin/../../lib/gcc/pic32c/8.3.1/../../../../pic32c/lib/thumb/v7e-m+dp/hard\libg-musl.a(__io_rw_needed.o) (__towrite_rw_needed)
c:/program files/microchip/xc32/v4.00/bin/bin/../../lib/gcc/pic32c/8.3.1/../../../../pic32c/lib/thumb/v7e-m+dp/hard\libg-musl.a(fwrite.o)
                              c:/program files/microchip/xc32/v4.00/bin/bin/../../lib/gcc/pic32c/8.3.1/../../../../pic32c/lib/thumb/v7e-m+dp/hard\libg-musl.a(fputs.o) (fwrite)
c:/program files/microchip/xc32/v4.00/bin/bin/../../lib/gcc/pic32c/8.3.1/../../../../pic32c/lib/thumb/v7e-m+dp/hard\libg-musl.a(putc.o)
[...]
Memory Configuration

Name             Origin             Length             Attributes
rom              0x00400000         0x00200000         xrl
ram              0x20400000         0x00060000         xw !r
itcm             0x00000000         0x00000000         xw
dtcm             0x20000000         0x00000000         xw !r
config_D0000000  0xd0000000         0x00000004
config_D0000008  0xd0000008         0x00000004
config_D0000004  0xd0000004         0x00000004
config_D000000C  0xd000000c         0x00000004
config_D0000010  0xd0000010         0x00000004
*default*        0x00000000         0xffffffff

Linker script and memory map

LOAD c:/program files/microchip/xc32/v4.00/bin/bin/../../lib/gcc/pic32c/8.3.1/thumb/v7e-m+dp/hard/crti.o
LOAD c:/program files/microchip/xc32/v4.00/bin/bin/../../lib/gcc/pic32c/8.3.1/thumb/v7e-m+dp/hard/crtbegin.o
LOAD build/DevBoard/debug/_ext/1164684806/drv_bm71.o
LOAD build/DevBoard/debug/_ext/1164684806/drv_bm71_ble.o
LOAD build/DevBoard/debug/_ext/1164684806/drv_bm71_command_decode.o
LOAD build/DevBoard/debug/_ext/1164684806/drv_bm71_command_send.o
LOAD build/DevBoard/debug/_ext/1164684806/drv_bm71_gpio.o
LOAD build/DevBoard/debug/_ext/1164684806/drv_bm71_uart.o
LOAD build/DevBoard/debug/_ext/975527002/plib_clk.o
LOAD build/DevBoard/debug/_ext/975528730/plib_efc.o
LOAD build/DevBoard/debug/_ext/176903338/plib_nvic.o
LOAD build/DevBoard/debug/_ext/975539406/plib_pio.o
LOAD build/DevBoard/debug/_ext/975541657/plib_rtc.o
LOAD build/DevBoard/debug/_ext/975541674/plib_rtt.o
LOAD build/DevBoard/debug/_ext/177051549/plib_supc.o
LOAD build/DevBoard/debug/_ext/522720201/plib_tc0.o
LOAD build/DevBoard/debug/_ext/29817896/plib_twihs0_master.o
LOAD build/DevBoard/debug/_ext/1195404349/plib_usart1.o
LOAD build/DevBoard/debug/_ext/1195404349/plib_usart0.o
LOAD build/DevBoard/debug/_ext/1583257634/xc32_monitor.o
LOAD build/DevBoard/debug/_ext/1973979987/sys_cache.o
LOAD build/DevBoard/debug/_ext/1497937361/sys_int.o
LOAD build/DevBoard/debug/_ext/1790450025/sys_time.o
LOAD build/DevBoard/debug/_ext/1844592860/initialization.o
LOAD build/DevBoard/debug/_ext/1844592860/interrupts.o
LOAD build/DevBoard/debug/_ext/1844592860/exceptions.o
LOAD build/DevBoard/debug/_ext/1844592860/startup_xc32.o
LOAD build/DevBoard/debug/_ext/1844592860/libc_syscalls.o
LOAD build/DevBoard/debug/_ext/1844592860/tasks.o
LOAD build/DevBoard/debug/_ext/1844592860/MAX30102.o
LOAD build/DevBoard/debug/_ext/1360937237/main.o
LOAD build/DevBoard/debug/_ext/1360937237/app.o
                0x00000001                __MPLAB_BUILD = 0x1
                0x00600000                __rom_end = (ORIGIN (rom) + LENGTH (rom))
                0x20460000                __ram_end = (ORIGIN (ram) + LENGTH (ram))

.config_D0000000
 *(.config_D0000000)

.config_D0000008
 *(.config_D0000008)

.config_D0000004
 *(.config_D0000004)

.config_D000000C
 *(.config_D000000C)

.config_D0000010
 *(.config_D0000010)

.vectors        0x00400000      0x168
                0x00400000                . = ALIGN (0x4)
                0x00400000                _sfixed = .
 *(.vectors .vectors.* .vectors_default .vectors_default.*)
 .vectors.exception_table
                0x00400000      0x168 build/DevBoard/debug/_ext/1844592860/interrupts.o
                0x00400000                exception_table
 *(.isr_vector)
 *(.reset*)
 *(.after_vectors)

.text           0x00400168       0x20
                0x00400168                . = ALIGN (0x4)
 *(.glue_7t)
 .glue_7t       0x00400168        0x0 linker stubs
 *(.glue_7)
 .glue_7        0x00400168        0x0 linker stubs
 *(.gnu.linkonce.r.*)
 *(.ARM.extab* .gnu.linkonce.armextab.*)
                0x00400168                . = ALIGN (0x4)
 *(.init)
 .init          0x00400168        0x4 c:/program files/microchip/xc32/v4.00/bin/bin/../../lib/gcc/pic32c/8.3.1/thumb/v7e-m+dp/hard/crti.o
                0x00400168                _init
 .init          0x0040016c        0x8 c:/program files/microchip/xc32/v4.00/bin/bin/../../lib/gcc/pic32c/8.3.1/thumb/v7e-m+dp/hard/crtn.o
                0x00400174                . = ALIGN (0x4)
                0x00400174                __preinit_array_start = .
 *(.preinit_array)
                0x00400174                __preinit_array_end = .
                0x00400174                . = ALIGN (0x4)
                0x00400174                __init_array_start = .
 *(SORT_BY_NAME(.init_array.*))
 *(.init_array)
 .init_array    0x00400174        0x4 c:/program files/microchip/xc32/v4.00/bin/bin/../../lib/gcc/pic32c/8.3.1/thumb/v7e-m+dp/hard/crtbegin.o
                0x00400178                __init_array_end = .
                0x00400178                . = ALIGN (0x4)
 *crtbegin.o(.ctors)
 *(EXCLUDE_FILE(*crtend.o) .ctors)
 *(SORT_BY_NAME(.ctors.*))
 *crtend.o(.ctors)
                0x00400178                . = ALIGN (0x4)
 *(.fini)
 .fini          0x00400178        0x4 c:/program files/microchip/xc32/v4.00/bin/bin/../../lib/gcc/pic32c/8.3.1/thumb/v7e-m+dp/hard/crti.o
                0x00400178                _fini
 .fini          0x0040017c        0x8 c:/program files/microchip/xc32/v4.00/bin/bin/../../lib/gcc/pic32c/8.3.1/thumb/v7e-m+dp/hard/crtn.o
                0x00400184                . = ALIGN (0x4)
                0x00400184                __fini_array_start = .
 *(.fini_array)
 .fini_array    0x00400184        0x4 c:/program files/microchip/xc32/v4.00/bin/bin/../../lib/gcc/pic32c/8.3.1/thumb/v7e-m+dp/hard/crtbegin.o
 *(SORT_BY_NAME(.fini_array.*))
                0x00400188                __fini_array_end = .
 *crtbegin.o(.dtors)
 *(EXCLUDE_FILE(*crtend.o) .dtors)
 *(SORT_BY_NAME(.dtors.*))
 *crtend.o(.dtors)
                0x00400188                . = ALIGN (0x4)
                0x00400188                _efixed = .
                [!provide]                PROVIDE (__exidx_start = .)

.ARM.exidx      0x00400188        0x8
 *(.ARM.exidx* .gnu.linkonce.armexidx.*)
 .ARM.exidx     0x00400188        0x8 c:/program files/microchip/xc32/v4.00/bin/bin/../../lib/gcc/pic32c/8.3.1/thumb/v7e-m+dp/hard\libgcc.a(_udivmoddi4.o)
                [!provide]                PROVIDE (__exidx_end = .)
                0x00400190                . = ALIGN (0x4)
                0x00400190                _etext = .

.bss            0x20400000        0x0
                0x20400000                . = ALIGN (0x4)
                0x20400000                __bss_start__ = .
                0x20400000                _sbss = .
                0x20400000                _szero = .
 *(COMMON)
                0x20400000                . = ALIGN (0x4)
                0x20400000                __bss_end__ = .
                0x20400000                _ebss = .
                0x20400000                _ezero = .
                0x20400000                . = ALIGN (0x4)
                0x20400000                _end = .
                0x2045ffff                _ram_end_ = ((ORIGIN (ram) + LENGTH (ram)) - 0x1)
                0x00000001                __ICD2RAM = 0x1
                0x00000001                __MPLAB_DEBUG = 0x1
                0x00000001                __DEBUG = 0x1
                0x00000200                _min_heap_size = 0x200
START GROUP
LOAD c:/program files/microchip/xc32/v4.00/bin/bin/../../lib/gcc/pic32c/8.3.1/../../../../pic32c/lib/thumb/v7e-m+dp/hard\libpic32c.a
LOAD c:/program files/microchip/xc32/v4.00/bin/bin/../../lib/gcc/pic32c/8.3.1/../../../../pic32c/lib/thumb/v7e-m+dp/hard\libm-emfloat.a
LOAD c:/program files/microchip/xc32/v4.00/bin/bin/../../lib/gcc/pic32c/8.3.1/../../../../pic32c/lib/thumb/v7e-m+dp/hard\libg-musl.a
LOAD c:/program files/microchip/xc32/v4.00/bin/bin/../../lib/gcc/pic32c/8.3.1/../../../../pic32c/lib/thumb/v7e-m+dp/hard\libc-musl.a
LOAD c:/program files/microchip/xc32/v4.00/bin/bin/../../lib/gcc/pic32c/8.3.1/../../../../pic32c/lib/thumb/v7e-m+dp/hard\libm-emfloat.a
LOAD c:/program files/microchip/xc32/v4.00/bin/bin/../../lib/gcc/pic32c/8.3.1/thumb/v7e-m+dp/hard\libgcc.a
END GROUP
LOAD c:/program files/microchip/xc32/v4.00/bin/bin/../../lib/gcc/pic32c/8.3.1/thumb/v7e-m+dp/hard/crtend.o
LOAD c:/program files/microchip/xc32/v4.00/bin/bin/../../lib/gcc/pic32c/8.3.1/thumb/v7e-m+dp/hard/crtn.o
OUTPUT(dist/DevBoard/debug/HeartByte-Project.X.debug.elf elf32-littlearm)
LOAD stack
LOAD data_init

.ARM.attributes
                0x00000000       0x32
 .ARM.attributes
                0x00000000       0x1e c:/program files/microchip/xc32/v4.00/bin/bin/../../lib/gcc/pic32c/8.3.1/thumb/v7e-m+dp/hard/crti.o
 .ARM.attributes
                0x0000001e       0x32 c:/program files/microchip/xc32/v4.00/bin/bin/../../lib/gcc/pic32c/8.3.1/thumb/v7e-m+dp/hard/crtbegin.o
 .ARM.attributes
                0x00000050       0x32 build/DevBoard/debug/_ext/1164684806/drv_bm71.o
 .ARM.attributes
                0x00000082       0x32 build/DevBoard/debug/_ext/1164684806/drv_bm71_ble.o
 .ARM.attributes
                0x000000b4       0x32 build/DevBoard/debug/_ext/1164684806/drv_bm71_command_decode.o
 .ARM.attributes
                0x000000e6       0x32 build/DevBoard/debug/_ext/1164684806/drv_bm71_command_send.o
 .ARM.attributes
                0x00000118       0x32 build/DevBoard/debug/_ext/1164684806/drv_bm71_gpio.o
 .ARM.attributes
                0x0000014a       0x32 build/DevBoard/debug/_ext/1164684806/drv_bm71_uart.o
 .ARM.attributes
                0x0000017c       0x32 build/DevBoard/debug/_ext/975527002/plib_clk.o
 .ARM.attributes
                0x000001ae       0x32 build/DevBoard/debug/_ext/975528730/plib_efc.o
 .ARM.attributes
                0x000001e0       0x32 build/DevBoard/debug/_ext/176903338/plib_nvic.o
 .ARM.attributes
                0x00000212       0x32 build/DevBoard/debug/_ext/975539406/plib_pio.o
 .ARM.attributes
                0x00000244       0x32 build/DevBoard/debug/_ext/975541657/plib_rtc.o
 .ARM.attributes
                0x00000276       0x32 build/DevBoard/debug/_ext/975541674/plib_rtt.o
 .ARM.attributes
                0x000002a8       0x32 build/DevBoard/debug/_ext/177051549/plib_supc.o
 .ARM.attributes
                0x000002da       0x32 build/DevBoard/debug/_ext/522720201/plib_tc0.o
 .ARM.attributes
                0x0000030c       0x32 build/DevBoard/debug/_ext/29817896/plib_twihs0_master.o
 .ARM.attributes
                0x0000033e       0x32 build/DevBoard/debug/_ext/1195404349/plib_usart1.o
 .ARM.attributes
                0x00000370       0x32 build/DevBoard/debug/_ext/1195404349/plib_usart0.o
 .ARM.attributes
                0x000003a2       0x32 build/DevBoard/debug/_ext/1583257634/xc32_monitor.o
 .ARM.attributes
                0x000003d4       0x32 build/DevBoard/debug/_ext/1497937361/sys_int.o
 .ARM.attributes
                0x00000406       0x32 build/DevBoard/debug/_ext/1790450025/sys_time.o
 .ARM.attributes
                0x00000438       0x32 build/DevBoard/debug/_ext/1844592860/initialization.o
 .ARM.attributes
                0x0000046a       0x32 build/DevBoard/debug/_ext/1844592860/interrupts.o
 .ARM.attributes
                0x0000049c       0x32 build/DevBoard/debug/_ext/1844592860/exceptions.o
 .ARM.attributes
                0x000004ce       0x32 build/DevBoard/debug/_ext/1844592860/startup_xc32.o
 .ARM.attributes
                0x00000500       0x32 build/DevBoard/debug/_ext/1844592860/tasks.o
 .ARM.attributes
                0x00000532       0x32 build/DevBoard/debug/_ext/1844592860/MAX30102.o
 .ARM.attributes
                0x00000564       0x32 build/DevBoard/debug/_ext/1360937237/main.o
 .ARM.attributes
                0x00000596       0x32 build/DevBoard/debug/_ext/1360937237/app.o
 .ARM.attributes
                0x000005c8       0x32 c:/program files/microchip/xc32/v4.00/bin/bin/../../lib/gcc/pic32c/8.3.1/../../../../pic32c/lib/thumb/v7e-m+dp/hard\libpic32c.a(data_init.o)
 .ARM.attributes
                0x000005fa       0x34 c:/program files/microchip/xc32/v4.00/bin/bin/../../lib/gcc/pic32c/8.3.1/../../../../pic32c/lib/thumb/v7e-m+dp/hard\libg-musl.a(__libc_start_main.o)
 .ARM.attributes
                0x0000062e       0x32 c:/program files/microchip/xc32/v4.00/bin/bin/../../lib/gcc/pic32c/8.3.1/../../../../pic32c/lib/thumb/v7e-m+dp/hard\libg-musl.a(libc.o)
 .ARM.attributes
                0x00000660       0x34 c:/program files/microchip/xc32/v4.00/bin/bin/../../lib/gcc/pic32c/8.3.1/../../../../pic32c/lib/thumb/v7e-m+dp/hard\libg-musl.a(stdin.o)
 .ARM.attributes
                0x00000694       0x34 c:/program files/microchip/xc32/v4.00/bin/bin/../../lib/gcc/pic32c/8.3.1/../../../../pic32c/lib/thumb/v7e-m+dp/hard\libg-musl.a(stdout.o)
 .ARM.attributes
                0x000006c8       0x34 c:/program files/microchip/xc32/v4.00/bin/bin/../../lib/gcc/pic32c/8.3.1/../../../../pic32c/lib/thumb/v7e-m+dp/hard\libg-musl.a(printf.o)
 .ARM.attributes
                0x000006fc       0x34 c:/program files/microchip/xc32/v4.00/bin/bin/../../lib/gcc/pic32c/8.3.1/../../../../pic32c/lib/thumb/v7e-m+dp/hard\libg-musl.a(puts.o)
 .ARM.attributes
                0x00000730       0x34 c:/program files/microchip/xc32/v4.00/bin/bin/../../lib/gcc/pic32c/8.3.1/../../../../pic32c/lib/thumb/v7e-m+dp/hard\libg-musl.a(setbuf.o)
 .ARM.attributes
                0x00000764       0x34 c:/program files/microchip/xc32/v4.00/bin/bin/../../lib/gcc/pic32c/8.3.1/../../../../pic32c/lib/thumb/v7e-m+dp/hard\libg-musl.a(memcpy.o)
 .ARM.attributes
                0x00000798       0x34 c:/program files/microchip/xc32/v4.00/bin/bin/../../lib/gcc/pic32c/8.3.1/../../../../pic32c/lib/thumb/v7e-m+dp/hard\libg-musl.a(memset.o)
 .ARM.attributes
                0x000007cc       0x32 c:/program files/microchip/xc32/v4.00/bin/bin/../../lib/gcc/pic32c/8.3.1/../../../../pic32c/lib/thumb/v7e-m+dp/hard\libg-musl.a(__environ.o)
 .ARM.attributes
                0x000007fe       0x34 c:/program files/microchip/xc32/v4.00/bin/bin/../../lib/gcc/pic32c/8.3.1/../../../../pic32c/lib/thumb/v7e-m+dp/hard\libg-musl.a(fputs.o)
 .ARM.attributes
                0x00000832       0x34 c:/program files/microchip/xc32/v4.00/bin/bin/../../lib/gcc/pic32c/8.3.1/../../../../pic32c/lib/thumb/v7e-m+dp/hard\libg-musl.a(__stdio_read.o)
 .ARM.attributes
                0x00000866       0x34 c:/program files/microchip/xc32/v4.00/bin/bin/../../lib/gcc/pic32c/8.3.1/../../../../pic32c/lib/thumb/v7e-m+dp/hard\libg-musl.a(__towrite_rw.o)
 .ARM.attributes
                0x0000089a       0x34 c:/program files/microchip/xc32/v4.00/bin/bin/../../lib/gcc/pic32c/8.3.1/../../../../pic32c/lib/thumb/v7e-m+dp/hard\libg-musl.a(fwrite.o)
 .ARM.attributes
                0x000008ce       0x34 c:/program files/microchip/xc32/v4.00/bin/bin/../../lib/gcc/pic32c/8.3.1/../../../../pic32c/lib/thumb/v7e-m+dp/hard\libg-musl.a(putc.o)
 .ARM.attributes
                0x00000902       0x34 c:/program files/microchip/xc32/v4.00/bin/bin/../../lib/gcc/pic32c/8.3.1/../../../../pic32c/lib/thumb/v7e-m+dp/hard\libg-musl.a(setvbuf.o)
 .ARM.attributes
                0x00000936       0x34 c:/program files/microchip/xc32/v4.00/bin/bin/../../lib/gcc/pic32c/8.3.1/../../../../pic32c/lib/thumb/v7e-m+dp/hard\libg-musl.a(vfprintf.o)
 .ARM.attributes
                0x0000096a       0x34 c:/program files/microchip/xc32/v4.00/bin/bin/../../lib/gcc/pic32c/8.3.1/../../../../pic32c/lib/thumb/v7e-m+dp/hard\libg-musl.a(strlen.o)
 .ARM.attributes
                0x0000099e       0x34 c:/program files/microchip/xc32/v4.00/bin/bin/../../lib/gcc/pic32c/8.3.1/../../../../pic32c/lib/thumb/v7e-m+dp/hard\libg-musl.a(readv.o)
 .ARM.attributes
                0x000009d2       0x34 c:/program files/microchip/xc32/v4.00/bin/bin/../../lib/gcc/pic32c/8.3.1/../../../../pic32c/lib/thumb/v7e-m+dp/hard\libg-musl.a(malloc.o)
 .ARM.attributes
                0x00000a06       0x34 c:/program files/microchip/xc32/v4.00/bin/bin/../../lib/gcc/pic32c/8.3.1/../../../../pic32c/lib/thumb/v7e-m+dp/hard\libg-musl.a(expand_heap.o)
 .ARM.attributes
                0x00000a3a       0x34 c:/program files/microchip/xc32/v4.00/bin/bin/../../lib/gcc/pic32c/8.3.1/../../../../pic32c/lib/thumb/v7e-m+dp/hard\libg-musl.a(__init_stdio.o)
 .ARM.attributes
                0x00000a6e       0x34 c:/program files/microchip/xc32/v4.00/bin/bin/../../lib/gcc/pic32c/8.3.1/../../../../pic32c/lib/thumb/v7e-m+dp/hard\libg-musl.a(__out.o)
 .ARM.attributes
                0x00000aa2       0x34 c:/program files/microchip/xc32/v4.00/bin/bin/../../lib/gcc/pic32c/8.3.1/../../../../pic32c/lib/thumb/v7e-m+dp/hard\libg-musl.a(__printf_core.o)
 .ARM.attributes
                0x00000ad6       0x34 c:/program files/microchip/xc32/v4.00/bin/bin/../../lib/gcc/pic32c/8.3.1/../../../../pic32c/lib/thumb/v7e-m+dp/hard\libg-musl.a(__putc.o)
 .ARM.attributes
                0x00000b0a       0x34 c:/program files/microchip/xc32/v4.00/bin/bin/../../lib/gcc/pic32c/8.3.1/../../../../pic32c/lib/thumb/v7e-m+dp/hard\libg-musl.a(__stderr.o)
 .ARM.attributes
                0x00000b3e       0x34 c:/program files/microchip/xc32/v4.00/bin/bin/../../lib/gcc/pic32c/8.3.1/../../../../pic32c/lib/thumb/v7e-m+dp/hard\libg-musl.a(__stdio_close.o)
 .ARM.attributes
                0x00000b72       0x34 c:/program files/microchip/xc32/v4.00/bin/bin/../../lib/gcc/pic32c/8.3.1/../../../../pic32c/lib/thumb/v7e-m+dp/hard\libg-musl.a(__stdio_write.o)
 .ARM.attributes
                0x00000ba6       0x34 c:/program files/microchip/xc32/v4.00/bin/bin/../../lib/gcc/pic32c/8.3.1/../../../../pic32c/lib/thumb/v7e-m+dp/hard\libg-musl.a(__stdout.o)
 .ARM.attributes
                0x00000bda       0x34 c:/program files/microchip/xc32/v4.00/bin/bin/../../lib/gcc/pic32c/8.3.1/../../../../pic32c/lib/thumb/v7e-m+dp/hard\libg-musl.a(__towrite.o)
 .ARM.attributes
                0x00000c0e       0x34 c:/program files/microchip/xc32/v4.00/bin/bin/../../lib/gcc/pic32c/8.3.1/../../../../pic32c/lib/thumb/v7e-m+dp/hard\libg-musl.a(atoi.o)
 .ARM.attributes
                0x00000c42       0x34 c:/program files/microchip/xc32/v4.00/bin/bin/../../lib/gcc/pic32c/8.3.1/../../../../pic32c/lib/thumb/v7e-m+dp/hard\libg-musl.a(read.o)
 .ARM.attributes
                0x00000c76       0x34 c:/program files/microchip/xc32/v4.00/bin/bin/../../lib/gcc/pic32c/8.3.1/../../../../pic32c/lib/thumb/v7e-m+dp/hard\libg-musl.a(writev.o)
 .ARM.attributes
                0x00000caa       0x34 c:/program files/microchip/xc32/v4.00/bin/bin/../../lib/gcc/pic32c/8.3.1/../../../../pic32c/lib/thumb/v7e-m+dp/hard\libg-musl.a(tolower.o)
 .ARM.attributes
                0x00000cde       0x32 c:/program files/microchip/xc32/v4.00/bin/bin/../../lib/gcc/pic32c/8.3.1/../../../../pic32c/lib/thumb/v7e-m+dp/hard\libg-musl.a(__errno_location.o)
 .ARM.attributes
                0x00000d10       0x34 c:/program files/microchip/xc32/v4.00/bin/bin/../../lib/gcc/pic32c/8.3.1/../../../../pic32c/lib/thumb/v7e-m+dp/hard\libg-musl.a(syscall_ret.o)
 .ARM.attributes
                0x00000d44       0x34 c:/program files/microchip/xc32/v4.00/bin/bin/../../lib/gcc/pic32c/8.3.1/../../../../pic32c/lib/thumb/v7e-m+dp/hard\libg-musl.a(__overflow.o)
 .ARM.attributes
                0x00000d78       0x34 c:/program files/microchip/xc32/v4.00/bin/bin/../../lib/gcc/pic32c/8.3.1/../../../../pic32c/lib/thumb/v7e-m+dp/hard\libg-musl.a(__fmt_a.o)
 .ARM.attributes
                0x00000dac       0x34 c:/program files/microchip/xc32/v4.00/bin/bin/../../lib/gcc/pic32c/8.3.1/../../../../pic32c/lib/thumb/v7e-m+dp/hard\libg-musl.a(__fmt_d.o)
 .ARM.attributes
                0x00000de0       0x34 c:/program files/microchip/xc32/v4.00/bin/bin/../../lib/gcc/pic32c/8.3.1/../../../../pic32c/lib/thumb/v7e-m+dp/hard\libg-musl.a(__fmt_fp.o)
 .ARM.attributes
                0x00000e14       0x34 c:/program files/microchip/xc32/v4.00/bin/bin/../../lib/gcc/pic32c/8.3.1/../../../../pic32c/lib/thumb/v7e-m+dp/hard\libg-musl.a(__fmt_o.o)
 .ARM.attributes
                0x00000e48       0x34 c:/program files/microchip/xc32/v4.00/bin/bin/../../lib/gcc/pic32c/8.3.1/../../../../pic32c/lib/thumb/v7e-m+dp/hard\libg-musl.a(__fmt_s.o)
 .ARM.attributes
                0x00000e7c       0x34 c:/program files/microchip/xc32/v4.00/bin/bin/../../lib/gcc/pic32c/8.3.1/../../../../pic32c/lib/thumb/v7e-m+dp/hard\libg-musl.a(__fmt_u.o)
 .ARM.attributes
                0x00000eb0       0x34 c:/program files/microchip/xc32/v4.00/bin/bin/../../lib/gcc/pic32c/8.3.1/../../../../pic32c/lib/thumb/v7e-m+dp/hard\libg-musl.a(__fmt_x.o)
 .ARM.attributes
                0x00000ee4       0x34 c:/program files/microchip/xc32/v4.00/bin/bin/../../lib/gcc/pic32c/8.3.1/../../../../pic32c/lib/thumb/v7e-m+dp/hard\libg-musl.a(__fwrite.o)
 .ARM.attributes
                0x00000f18       0x34 c:/program files/microchip/xc32/v4.00/bin/bin/../../lib/gcc/pic32c/8.3.1/../../../../pic32c/lib/thumb/v7e-m+dp/hard\libg-musl.a(__pop_float.o)
 .ARM.attributes
                0x00000f4c       0x34 c:/program files/microchip/xc32/v4.00/bin/bin/../../lib/gcc/pic32c/8.3.1/../../../../pic32c/lib/thumb/v7e-m+dp/hard\libg-musl.a(__pop_int.o)
 .ARM.attributes
                0x00000f80       0x34 c:/program files/microchip/xc32/v4.00/bin/bin/../../lib/gcc/pic32c/8.3.1/../../../../pic32c/lib/thumb/v7e-m+dp/hard\libg-musl.a(__pop_ptr.o)
 .ARM.attributes
                0x00000fb4       0x34 c:/program files/microchip/xc32/v4.00/bin/bin/../../lib/gcc/pic32c/8.3.1/../../../../pic32c/lib/thumb/v7e-m+dp/hard\libg-musl.a(strcpy.o)
 .ARM.attributes
                0x00000fe8       0x34 c:/program files/microchip/xc32/v4.00/bin/bin/../../lib/gcc/pic32c/8.3.1/../../../../pic32c/lib/thumb/v7e-m+dp/hard\libg-musl.a(toupper.o)
 .ARM.attributes
                0x0000101c       0x34 c:/program files/microchip/xc32/v4.00/bin/bin/../../lib/gcc/pic32c/8.3.1/../../../../pic32c/lib/thumb/v7e-m+dp/hard\libg-musl.a(stpcpy.o)
 .ARM.attributes
                0x00001050       0x32 c:/program files/microchip/xc32/v4.00/bin/bin/../../lib/gcc/pic32c/8.3.1/../../../../pic32c/lib/thumb/v7e-m+dp/hard\libm-emfloat.a(lib_a-_FLOOR.o)
 .ARM.attributes
                0x00001082       0x1e c:/program files/microchip/xc32/v4.00/bin/bin/../../lib/gcc/pic32c/8.3.1/thumb/v7e-m+dp/hard\libgcc.a(_aeabi_uldivmod.o)
 .ARM.attributes
                0x000010a0       0x32 c:/program files/microchip/xc32/v4.00/bin/bin/../../lib/gcc/pic32c/8.3.1/thumb/v7e-m+dp/hard\libgcc.a(_udivmoddi4.o)
 .ARM.attributes
                0x000010d2       0x1e c:/program files/microchip/xc32/v4.00/bin/bin/../../lib/gcc/pic32c/8.3.1/thumb/v7e-m+dp/hard\libgcc.a(_dvmd_tls.o)
 .ARM.attributes
                0x000010f0       0x32 c:/program files/microchip/xc32/v4.00/bin/bin/../../lib/gcc/pic32c/8.3.1/../../../../pic32c/lib/thumb/v7e-m+dp/hard\libpic32c.a(close.o)
 .ARM.attributes
                0x00001122       0x32 c:/program files/microchip/xc32/v4.00/bin/bin/../../lib/gcc/pic32c/8.3.1/../../../../pic32c/lib/thumb/v7e-m+dp/hard\libpic32c.a(lseek.o)
 .ARM.attributes
                0x00001154       0x32 c:/program files/microchip/xc32/v4.00/bin/bin/../../lib/gcc/pic32c/8.3.1/../../../../pic32c/lib/thumb/v7e-m+dp/hard\libpic32c.a(sbrk.o)
 .ARM.attributes
                0x00001186       0x32 c:/program files/microchip/xc32/v4.00/bin/bin/../../lib/gcc/pic32c/8.3.1/../../../../pic32c/lib/thumb/v7e-m+dp/hard\libpic32c.a(write.o)
 .ARM.attributes
                0x000011b8       0x1e c:/program files/microchip/xc32/v4.00/bin/bin/../../lib/gcc/pic32c/8.3.1/thumb/v7e-m+dp/hard/crtn.o

.comment        0x00000000       0x53
 .comment       0x00000000       0x53 c:/program files/microchip/xc32/v4.00/bin/bin/../../lib/gcc/pic32c/8.3.1/thumb/v7e-m+dp/hard/crtbegin.o
                                 0x54 (size before relaxing)
 .comment       0x00000053       0x54 build/DevBoard/debug/_ext/1164684806/drv_bm71.o
 .comment       0x00000053       0x54 build/DevBoard/debug/_ext/1164684806/drv_bm71_ble.o
 .comment       0x00000053       0x54 build/DevBoard/debug/_ext/1164684806/drv_bm71_command_decode.o
 .comment       0x00000053       0x54 build/DevBoard/debug/_ext/1164684806/drv_bm71_command_send.o
 .comment       0x00000053       0x54 build/DevBoard/debug/_ext/1164684806/drv_bm71_gpio.o
 .comment       0x00000053       0x54 build/DevBoard/debug/_ext/1164684806/drv_bm71_uart.o
 .comment       0x00000053       0x54 build/DevBoard/debug/_ext/975527002/plib_clk.o
 .comment       0x00000053       0x54 build/DevBoard/debug/_ext/975528730/plib_efc.o
 .comment       0x00000053       0x54 build/DevBoard/debug/_ext/176903338/plib_nvic.o
 .comment       0x00000053       0x54 build/DevBoard/debug/_ext/975539406/plib_pio.o
 .comment       0x00000053       0x54 build/DevBoard/debug/_ext/975541657/plib_rtc.o
 .comment       0x00000053       0x54 build/DevBoard/debug/_ext/975541674/plib_rtt.o
 .comment       0x00000053       0x54 build/DevBoard/debug/_ext/177051549/plib_supc.o
 .comment       0x00000053       0x54 build/DevBoard/debug/_ext/522720201/plib_tc0.o
 .comment       0x00000053       0x54 build/DevBoard/debug/_ext/29817896/plib_twihs0_master.o
 .comment       0x00000053       0x54 build/DevBoard/debug/_ext/1195404349/plib_usart1.o
 .comment       0x00000053       0x54 build/DevBoard/debug/_ext/1195404349/plib_usart0.o
 .comment       0x00000053       0x54 build/DevBoard/debug/_ext/1583257634/xc32_monitor.o
 .comment       0x00000053       0x54 build/DevBoard/debug/_ext/1497937361/sys_int.o
 .comment       0x00000053       0x54 build/DevBoard/debug/_ext/1790450025/sys_time.o
 .comment       0x00000053       0x54 build/DevBoard/debug/_ext/1844592860/initialization.o
 .comment       0x00000053       0x54 build/DevBoard/debug/_ext/1844592860/interrupts.o
 .comment       0x00000053       0x54 build/DevBoard/debug/_ext/1844592860/exceptions.o
 .comment       0x00000053       0x54 build/DevBoard/debug/_ext/1844592860/startup_xc32.o
 .comment       0x00000053       0x54 build/DevBoard/debug/_ext/1844592860/tasks.o
 .comment       0x00000053       0x54 build/DevBoard/debug/_ext/1844592860/MAX30102.o
 .comment       0x00000053       0x54 build/DevBoard/debug/_ext/1360937237/main.o
 .comment       0x00000053       0x54 build/DevBoard/debug/_ext/1360937237/app.o
 .comment       0x00000053       0x54 c:/program files/microchip/xc32/v4.00/bin/bin/../../lib/gcc/pic32c/8.3.1/../../../../pic32c/lib/thumb/v7e-m+dp/hard\libpic32c.a(data_init.o)
 .comment       0x00000053       0x54 c:/program files/microchip/xc32/v4.00/bin/bin/../../lib/gcc/pic32c/8.3.1/../../../../pic32c/lib/thumb/v7e-m+dp/hard\libg-musl.a(__libc_start_main.o)
 .comment       0x00000053       0x54 c:/program files/microchip/xc32/v4.00/bin/bin/../../lib/gcc/pic32c/8.3.1/../../../../pic32c/lib/thumb/v7e-m+dp/hard\libg-musl.a(libc.o)
 .comment       0x00000053       0x54 c:/program files/microchip/xc32/v4.00/bin/bin/../../lib/gcc/pic32c/8.3.1/../../../../pic32c/lib/thumb/v7e-m+dp/hard\libg-musl.a(stdin.o)
 .comment       0x00000053       0x54 c:/program files/microchip/xc32/v4.00/bin/bin/../../lib/gcc/pic32c/8.3.1/../../../../pic32c/lib/thumb/v7e-m+dp/hard\libg-musl.a(stdout.o)
 .comment       0x00000053       0x54 c:/program files/microchip/xc32/v4.00/bin/bin/../../lib/gcc/pic32c/8.3.1/../../../../pic32c/lib/thumb/v7e-m+dp/hard\libg-musl.a(printf.o)
 .comment       0x00000053       0x54 c:/program files/microchip/xc32/v4.00/bin/bin/../../lib/gcc/pic32c/8.3.1/../../../../pic32c/lib/thumb/v7e-m+dp/hard\libg-musl.a(puts.o)
 .comment       0x00000053       0x54 c:/program files/microchip/xc32/v4.00/bin/bin/../../lib/gcc/pic32c/8.3.1/../../../../pic32c/lib/thumb/v7e-m+dp/hard\libg-musl.a(setbuf.o)
 .comment       0x00000053       0x54 c:/program files/microchip/xc32/v4.00/bin/bin/../../lib/gcc/pic32c/8.3.1/../../../../pic32c/lib/thumb/v7e-m+dp/hard\libg-musl.a(memcpy.o)
 .comment       0x00000053       0x54 c:/program files/microchip/xc32/v4.00/bin/bin/../../lib/gcc/pic32c/8.3.1/../../../../pic32c/lib/thumb/v7e-m+dp/hard\libg-musl.a(memset.o)
 .comment       0x00000053       0x54 c:/program files/microchip/xc32/v4.00/bin/bin/../../lib/gcc/pic32c/8.3.1/../../../../pic32c/lib/thumb/v7e-m+dp/hard\libg-musl.a(__environ.o)
 .comment       0x00000053       0x54 c:/program files/microchip/xc32/v4.00/bin/bin/../../lib/gcc/pic32c/8.3.1/../../../../pic32c/lib/thumb/v7e-m+dp/hard\libg-musl.a(fputs.o)
 .comment       0x00000053       0x54 c:/program files/microchip/xc32/v4.00/bin/bin/../../lib/gcc/pic32c/8.3.1/../../../../pic32c/lib/thumb/v7e-m+dp/hard\libg-musl.a(__stdio_read.o)
 .comment       0x00000053       0x54 c:/program files/microchip/xc32/v4.00/bin/bin/../../lib/gcc/pic32c/8.3.1/../../../../pic32c/lib/thumb/v7e-m+dp/hard\libg-musl.a(__towrite_rw.o)
 .comment       0x00000053       0x54 c:/program files/microchip/xc32/v4.00/bin/bin/../../lib/gcc/pic32c/8.3.1/../../../../pic32c/lib/thumb/v7e-m+dp/hard\libg-musl.a(fwrite.o)
 .comment       0x00000053       0x54 c:/program files/microchip/xc32/v4.00/bin/bin/../../lib/gcc/pic32c/8.3.1/../../../../pic32c/lib/thumb/v7e-m+dp/hard\libg-musl.a(putc.o)
 .comment       0x00000053       0x54 c:/program files/microchip/xc32/v4.00/bin/bin/../../lib/gcc/pic32c/8.3.1/../../../../pic32c/lib/thumb/v7e-m+dp/hard\libg-musl.a(setvbuf.o)
 .comment       0x00000053       0x54 c:/program files/microchip/xc32/v4.00/bin/bin/../../lib/gcc/pic32c/8.3.1/../../../../pic32c/lib/thumb/v7e-m+dp/hard\libg-musl.a(vfprintf.o)
 .comment       0x00000053       0x54 c:/program files/microchip/xc32/v4.00/bin/bin/../../lib/gcc/pic32c/8.3.1/../../../../pic32c/lib/thumb/v7e-m+dp/hard\libg-musl.a(strlen.o)
 .comment       0x00000053       0x54 c:/program files/microchip/xc32/v4.00/bin/bin/../../lib/gcc/pic32c/8.3.1/../../../../pic32c/lib/thumb/v7e-m+dp/hard\libg-musl.a(readv.o)
 .comment       0x00000053       0x54 c:/program files/microchip/xc32/v4.00/bin/bin/../../lib/gcc/pic32c/8.3.1/../../../../pic32c/lib/thumb/v7e-m+dp/hard\libg-musl.a(malloc.o)
 .comment       0x00000053       0x54 c:/program files/microchip/xc32/v4.00/bin/bin/../../lib/gcc/pic32c/8.3.1/../../../../pic32c/lib/thumb/v7e-m+dp/hard\libg-musl.a(expand_heap.o)
 .comment       0x00000053       0x54 c:/program files/microchip/xc32/v4.00/bin/bin/../../lib/gcc/pic32c/8.3.1/../../../../pic32c/lib/thumb/v7e-m+dp/hard\libg-musl.a(__init_stdio.o)
 .comment       0x00000053       0x54 c:/program files/microchip/xc32/v4.00/bin/bin/../../lib/gcc/pic32c/8.3.1/../../../../pic32c/lib/thumb/v7e-m+dp/hard\libg-musl.a(__out.o)
 .comment       0x00000053       0x54 c:/program files/microchip/xc32/v4.00/bin/bin/../../lib/gcc/pic32c/8.3.1/../../../../pic32c/lib/thumb/v7e-m+dp/hard\libg-musl.a(__printf_core.o)
 .comment       0x00000053       0x54 c:/program files/microchip/xc32/v4.00/bin/bin/../../lib/gcc/pic32c/8.3.1/../../../../pic32c/lib/thumb/v7e-m+dp/hard\libg-musl.a(__putc.o)
 .comment       0x00000053       0x54 c:/program files/microchip/xc32/v4.00/bin/bin/../../lib/gcc/pic32c/8.3.1/../../../../pic32c/lib/thumb/v7e-m+dp/hard\libg-musl.a(__stderr.o)
 .comment       0x00000053       0x54 c:/program files/microchip/xc32/v4.00/bin/bin/../../lib/gcc/pic32c/8.3.1/../../../../pic32c/lib/thumb/v7e-m+dp/hard\libg-musl.a(__stdio_close.o)
 .comment       0x00000053       0x54 c:/program files/microchip/xc32/v4.00/bin/bin/../../lib/gcc/pic32c/8.3.1/../../../../pic32c/lib/thumb/v7e-m+dp/hard\libg-musl.a(__stdio_write.o)
 .comment       0x00000053       0x54 c:/program files/microchip/xc32/v4.00/bin/bin/../../lib/gcc/pic32c/8.3.1/../../../../pic32c/lib/thumb/v7e-m+dp/hard\libg-musl.a(__stdout.o)
 .comment       0x00000053       0x54 c:/program files/microchip/xc32/v4.00/bin/bin/../../lib/gcc/pic32c/8.3.1/../../../../pic32c/lib/thumb/v7e-m+dp/hard\libg-musl.a(__towrite.o)
 .comment       0x00000053       0x54 c:/program files/microchip/xc32/v4.00/bin/bin/../../lib/gcc/pic32c/8.3.1/../../../../pic32c/lib/thumb/v7e-m+dp/hard\libg-musl.a(atoi.o)
 .comment       0x00000053       0x54 c:/program files/microchip/xc32/v4.00/bin/bin/../../lib/gcc/pic32c/8.3.1/../../../../pic32c/lib/thumb/v7e-m+dp/hard\libg-musl.a(read.o)
 .comment       0x00000053       0x54 c:/program files/microchip/xc32/v4.00/bin/bin/../../lib/gcc/pic32c/8.3.1/../../../../pic32c/lib/thumb/v7e-m+dp/hard\libg-musl.a(writev.o)
 .comment       0x00000053       0x54 c:/program files/microchip/xc32/v4.00/bin/bin/../../lib/gcc/pic32c/8.3.1/../../../../pic32c/lib/thumb/v7e-m+dp/hard\libg-musl.a(tolower.o)
 .comment       0x00000053       0x54 c:/program files/microchip/xc32/v4.00/bin/bin/../../lib/gcc/pic32c/8.3.1/../../../../pic32c/lib/thumb/v7e-m+dp/hard\libg-musl.a(__errno_location.o)
 .comment       0x00000053       0x54 c:/program files/microchip/xc32/v4.00/bin/bin/../../lib/gcc/pic32c/8.3.1/../../../../pic32c/lib/thumb/v7e-m+dp/hard\libg-musl.a(syscall_ret.o)
 .comment       0x00000053       0x54 c:/program files/microchip/xc32/v4.00/bin/bin/../../lib/gcc/pic32c/8.3.1/../../../../pic32c/lib/thumb/v7e-m+dp/hard\libg-musl.a(__overflow.o)
 .comment       0x00000053       0x54 c:/program files/microchip/xc32/v4.00/bin/bin/../../lib/gcc/pic32c/8.3.1/../../../../pic32c/lib/thumb/v7e-m+dp/hard\libg-musl.a(__fmt_a.o)
 .comment       0x00000053       0x54 c:/program files/microchip/xc32/v4.00/bin/bin/../../lib/gcc/pic32c/8.3.1/../../../../pic32c/lib/thumb/v7e-m+dp/hard\libg-musl.a(__fmt_d.o)
 .comment       0x00000053       0x54 c:/program files/microchip/xc32/v4.00/bin/bin/../../lib/gcc/pic32c/8.3.1/../../../../pic32c/lib/thumb/v7e-m+dp/hard\libg-musl.a(__fmt_fp.o)
 .comment       0x00000053       0x54 c:/program files/microchip/xc32/v4.00/bin/bin/../../lib/gcc/pic32c/8.3.1/../../../../pic32c/lib/thumb/v7e-m+dp/hard\libg-musl.a(__fmt_o.o)
 .comment       0x00000053       0x54 c:/program files/microchip/xc32/v4.00/bin/bin/../../lib/gcc/pic32c/8.3.1/../../../../pic32c/lib/thumb/v7e-m+dp/hard\libg-musl.a(__fmt_s.o)
 .comment       0x00000053       0x54 c:/program files/microchip/xc32/v4.00/bin/bin/../../lib/gcc/pic32c/8.3.1/../../../../pic32c/lib/thumb/v7e-m+dp/hard\libg-musl.a(__fmt_u.o)
 .comment       0x00000053       0x54 c:/program files/microchip/xc32/v4.00/bin/bin/../../lib/gcc/pic32c/8.3.1/../../../../pic32c/lib/thumb/v7e-m+dp/hard\libg-musl.a(__fmt_x.o)
 .comment       0x00000053       0x54 c:/program files/microchip/xc32/v4.00/bin/bin/../../lib/gcc/pic32c/8.3.1/../../../../pic32c/lib/thumb/v7e-m+dp/hard\libg-musl.a(__fwrite.o)
 .comment       0x00000053       0x54 c:/program files/microchip/xc32/v4.00/bin/bin/../../lib/gcc/pic32c/8.3.1/../../../../pic32c/lib/thumb/v7e-m+dp/hard\libg-musl.a(__pop_float.o)
 .comment       0x00000053       0x54 c:/program files/microchip/xc32/v4.00/bin/bin/../../lib/gcc/pic32c/8.3.1/../../../../pic32c/lib/thumb/v7e-m+dp/hard\libg-musl.a(__pop_int.o)
 .comment       0x00000053       0x54 c:/program files/microchip/xc32/v4.00/bin/bin/../../lib/gcc/pic32c/8.3.1/../../../../pic32c/lib/thumb/v7e-m+dp/hard\libg-musl.a(__pop_ptr.o)
 .comment       0x00000053       0x54 c:/program files/microchip/xc32/v4.00/bin/bin/../../lib/gcc/pic32c/8.3.1/../../../../pic32c/lib/thumb/v7e-m+dp/hard\libg-musl.a(strcpy.o)
 .comment       0x00000053       0x54 c:/program files/microchip/xc32/v4.00/bin/bin/../../lib/gcc/pic32c/8.3.1/../../../../pic32c/lib/thumb/v7e-m+dp/hard\libg-musl.a(toupper.o)
 .comment       0x00000053       0x54 c:/program files/microchip/xc32/v4.00/bin/bin/../../lib/gcc/pic32c/8.3.1/../../../../pic32c/lib/thumb/v7e-m+dp/hard\libg-musl.a(stpcpy.o)
 .comment       0x00000053       0x54 c:/program files/microchip/xc32/v4.00/bin/bin/../../lib/gcc/pic32c/8.3.1/../../../../pic32c/lib/thumb/v7e-m+dp/hard\libm-emfloat.a(lib_a-_FLOOR.o)
 .comment       0x00000053       0x54 c:/program files/microchip/xc32/v4.00/bin/bin/../../lib/gcc/pic32c/8.3.1/thumb/v7e-m+dp/hard\libgcc.a(_udivmoddi4.o)
 .comment       0x00000053       0x54 c:/program files/microchip/xc32/v4.00/bin/bin/../../lib/gcc/pic32c/8.3.1/../../../../pic32c/lib/thumb/v7e-m+dp/hard\libpic32c.a(close.o)
 .comment       0x00000053       0x54 c:/program files/microchip/xc32/v4.00/bin/bin/../../lib/gcc/pic32c/8.3.1/../../../../pic32c/lib/thumb/v7e-m+dp/hard\libpic32c.a(lseek.o)
 .comment       0x00000053       0x54 c:/program files/microchip/xc32/v4.00/bin/bin/../../lib/gcc/pic32c/8.3.1/../../../../pic32c/lib/thumb/v7e-m+dp/hard\libpic32c.a(sbrk.o)
 .comment       0x00000053       0x54 c:/program files/microchip/xc32/v4.00/bin/bin/../../lib/gcc/pic32c/8.3.1/../../../../pic32c/lib/thumb/v7e-m+dp/hard\libpic32c.a(write.o)

.debug_info     0x00000000    0x393c5
 .debug_info    0x00000000     0x1fae build/DevBoard/debug/_ext/1164684806/drv_bm71.o
 .debug_info    0x00001fae     0x14d8 build/DevBoard/debug/_ext/1164684806/drv_bm71_ble.o
 .debug_info    0x00003486     0x10c5 build/DevBoard/debug/_ext/1164684806/drv_bm71_command_decode.o
 .debug_info    0x0000454b      0xaa2 build/DevBoard/debug/_ext/1164684806/drv_bm71_command_send.o
 .debug_info    0x00004fed      0xce5 build/DevBoard/debug/_ext/1164684806/drv_bm71_gpio.o
 .debug_info    0x00005cd2      0x995 build/DevBoard/debug/_ext/1164684806/drv_bm71_uart.o
 .debug_info    0x00006667      0x8ce build/DevBoard/debug/_ext/975527002/plib_clk.o
 .debug_info    0x00006f35      0x98e build/DevBoard/debug/_ext/975528730/plib_efc.o
 .debug_info    0x000078c3     0x1334 build/DevBoard/debug/_ext/176903338/plib_nvic.o
 .debug_info    0x00008bf7     0x1970 build/DevBoard/debug/_ext/975539406/plib_pio.o
 .debug_info    0x0000a567      0x9d1 build/DevBoard/debug/_ext/975541657/plib_rtc.o
 .debug_info    0x0000af38      0x7e7 build/DevBoard/debug/_ext/975541674/plib_rtt.o
 .debug_info    0x0000b71f     0x149d build/DevBoard/debug/_ext/177051549/plib_supc.o
 .debug_info    0x0000cbbc      0x999 build/DevBoard/debug/_ext/522720201/plib_tc0.o
 .debug_info    0x0000d555      0xd81 build/DevBoard/debug/_ext/29817896/plib_twihs0_master.o
 .debug_info    0x0000e2d6      0xdac build/DevBoard/debug/_ext/1195404349/plib_usart1.o
 .debug_info    0x0000f082     0x1057 build/DevBoard/debug/_ext/1195404349/plib_usart0.o
 .debug_info    0x000100d9      0x641 build/DevBoard/debug/_ext/1583257634/xc32_monitor.o
 .debug_info    0x0001071a      0xd09 build/DevBoard/debug/_ext/1497937361/sys_int.o
 .debug_info    0x00011423     0x2dea build/DevBoard/debug/_ext/1790450025/sys_time.o
 .debug_info    0x0001420d     0x102b build/DevBoard/debug/_ext/1844592860/initialization.o
 .debug_info    0x00015238     0x1033 build/DevBoard/debug/_ext/1844592860/interrupts.o
 .debug_info    0x0001626b      0x62e build/DevBoard/debug/_ext/1844592860/exceptions.o
 .debug_info    0x00016899      0xe56 build/DevBoard/debug/_ext/1844592860/startup_xc32.o
 .debug_info    0x000176ef      0x58d build/DevBoard/debug/_ext/1844592860/tasks.o
 .debug_info    0x00017c7c     0x237e build/DevBoard/debug/_ext/1844592860/MAX30102.o
 .debug_info    0x00019ffa     0x2579 build/DevBoard/debug/_ext/1360937237/main.o
 .debug_info    0x0001c573     0x131e build/DevBoard/debug/_ext/1360937237/app.o
 .debug_info    0x0001d891      0x2e1 c:/program files/microchip/xc32/v4.00/bin/bin/../../lib/gcc/pic32c/8.3.1/../../../../pic32c/lib/thumb/v7e-m+dp/hard\libpic32c.a(data_init.o)
 .debug_info    0x0001db72      0x6b9 c:/program files/microchip/xc32/v4.00/bin/bin/../../lib/gcc/pic32c/8.3.1/../../../../pic32c/lib/thumb/v7e-m+dp/hard\libg-musl.a(__libc_start_main.o)
 .debug_info    0x0001e22b      0x5e5 c:/program files/microchip/xc32/v4.00/bin/bin/../../lib/gcc/pic32c/8.3.1/../../../../pic32c/lib/thumb/v7e-m+dp/hard\libg-musl.a(libc.o)
 .debug_info    0x0001e810      0x93b c:/program files/microchip/xc32/v4.00/bin/bin/../../lib/gcc/pic32c/8.3.1/../../../../pic32c/lib/thumb/v7e-m+dp/hard\libg-musl.a(stdin.o)
 .debug_info    0x0001f14b      0x745 c:/program files/microchip/xc32/v4.00/bin/bin/../../lib/gcc/pic32c/8.3.1/../../../../pic32c/lib/thumb/v7e-m+dp/hard\libg-musl.a(stdout.o)
 .debug_info    0x0001f890      0x397 c:/program files/microchip/xc32/v4.00/bin/bin/../../lib/gcc/pic32c/8.3.1/../../../../pic32c/lib/thumb/v7e-m+dp/hard\libg-musl.a(printf.o)
 .debug_info    0x0001fc27      0x8bb c:/program files/microchip/xc32/v4.00/bin/bin/../../lib/gcc/pic32c/8.3.1/../../../../pic32c/lib/thumb/v7e-m+dp/hard\libg-musl.a(puts.o)
 .debug_info    0x000204e2      0x35f c:/program files/microchip/xc32/v4.00/bin/bin/../../lib/gcc/pic32c/8.3.1/../../../../pic32c/lib/thumb/v7e-m+dp/hard\libg-musl.a(setbuf.o)
 .debug_info    0x00020841      0x324 c:/program files/microchip/xc32/v4.00/bin/bin/../../lib/gcc/pic32c/8.3.1/../../../../pic32c/lib/thumb/v7e-m+dp/hard\libg-musl.a(memcpy.o)
 .debug_info    0x00020b65      0x2e2 c:/program files/microchip/xc32/v4.00/bin/bin/../../lib/gcc/pic32c/8.3.1/../../../../pic32c/lib/thumb/v7e-m+dp/hard\libg-musl.a(memset.o)
 .debug_info    0x00020e47      0x59c c:/program files/microchip/xc32/v4.00/bin/bin/../../lib/gcc/pic32c/8.3.1/../../../../pic32c/lib/thumb/v7e-m+dp/hard\libg-musl.a(__environ.o)
 .debug_info    0x000213e3      0x8e8 c:/program files/microchip/xc32/v4.00/bin/bin/../../lib/gcc/pic32c/8.3.1/../../../../pic32c/lib/thumb/v7e-m+dp/hard\libg-musl.a(fputs.o)
 .debug_info    0x00021ccb      0x97f c:/program files/microchip/xc32/v4.00/bin/bin/../../lib/gcc/pic32c/8.3.1/../../../../pic32c/lib/thumb/v7e-m+dp/hard\libg-musl.a(__stdio_read.o)
 .debug_info    0x0002264a      0x86a c:/program files/microchip/xc32/v4.00/bin/bin/../../lib/gcc/pic32c/8.3.1/../../../../pic32c/lib/thumb/v7e-m+dp/hard\libg-musl.a(__towrite_rw.o)
 .debug_info    0x00022eb4      0x7f6 c:/program files/microchip/xc32/v4.00/bin/bin/../../lib/gcc/pic32c/8.3.1/../../../../pic32c/lib/thumb/v7e-m+dp/hard\libg-musl.a(fwrite.o)
 .debug_info    0x000236aa      0x7ca c:/program files/microchip/xc32/v4.00/bin/bin/../../lib/gcc/pic32c/8.3.1/../../../../pic32c/lib/thumb/v7e-m+dp/hard\libg-musl.a(putc.o)
 .debug_info    0x00023e74      0x83c c:/program files/microchip/xc32/v4.00/bin/bin/../../lib/gcc/pic32c/8.3.1/../../../../pic32c/lib/thumb/v7e-m+dp/hard\libg-musl.a(setvbuf.o)
 .debug_info    0x000246b0      0x953 c:/program files/microchip/xc32/v4.00/bin/bin/../../lib/gcc/pic32c/8.3.1/../../../../pic32c/lib/thumb/v7e-m+dp/hard\libg-musl.a(vfprintf.o)
 .debug_info    0x00025003      0x2d3 c:/program files/microchip/xc32/v4.00/bin/bin/../../lib/gcc/pic32c/8.3.1/../../../../pic32c/lib/thumb/v7e-m+dp/hard\libg-musl.a(strlen.o)
 .debug_info    0x000252d6      0x6a6 c:/program files/microchip/xc32/v4.00/bin/bin/../../lib/gcc/pic32c/8.3.1/../../../../pic32c/lib/thumb/v7e-m+dp/hard\libg-musl.a(readv.o)
 .debug_info    0x0002597c     0x14b0 c:/program files/microchip/xc32/v4.00/bin/bin/../../lib/gcc/pic32c/8.3.1/../../../../pic32c/lib/thumb/v7e-m+dp/hard\libg-musl.a(malloc.o)
 .debug_info    0x00026e2c      0x688 c:/program files/microchip/xc32/v4.00/bin/bin/../../lib/gcc/pic32c/8.3.1/../../../../pic32c/lib/thumb/v7e-m+dp/hard\libg-musl.a(expand_heap.o)
 .debug_info    0x000274b4      0x87f c:/program files/microchip/xc32/v4.00/bin/bin/../../lib/gcc/pic32c/8.3.1/../../../../pic32c/lib/thumb/v7e-m+dp/hard\libg-musl.a(__init_stdio.o)
 .debug_info    0x00027d33      0x85b c:/program files/microchip/xc32/v4.00/bin/bin/../../lib/gcc/pic32c/8.3.1/../../../../pic32c/lib/thumb/v7e-m+dp/hard\libg-musl.a(__out.o)
 .debug_info    0x0002858e     0x101d c:/program files/microchip/xc32/v4.00/bin/bin/../../lib/gcc/pic32c/8.3.1/../../../../pic32c/lib/thumb/v7e-m+dp/hard\libg-musl.a(__printf_core.o)
 .debug_info    0x000295ab      0x7fa c:/program files/microchip/xc32/v4.00/bin/bin/../../lib/gcc/pic32c/8.3.1/../../../../pic32c/lib/thumb/v7e-m+dp/hard\libg-musl.a(__putc.o)
 .debug_info    0x00029da5      0x8fb c:/program files/microchip/xc32/v4.00/bin/bin/../../lib/gcc/pic32c/8.3.1/../../../../pic32c/lib/thumb/v7e-m+dp/hard\libg-musl.a(__stderr.o)
 .debug_info    0x0002a6a0      0x99a c:/program files/microchip/xc32/v4.00/bin/bin/../../lib/gcc/pic32c/8.3.1/../../../../pic32c/lib/thumb/v7e-m+dp/hard\libg-musl.a(__stdio_close.o)
 .debug_info    0x0002b03a      0xa2e c:/program files/microchip/xc32/v4.00/bin/bin/../../lib/gcc/pic32c/8.3.1/../../../../pic32c/lib/thumb/v7e-m+dp/hard\libg-musl.a(__stdio_write.o)
 .debug_info    0x0002ba68      0x8fb c:/program files/microchip/xc32/v4.00/bin/bin/../../lib/gcc/pic32c/8.3.1/../../../../pic32c/lib/thumb/v7e-m+dp/hard\libg-musl.a(__stdout.o)
 .debug_info    0x0002c363      0x7ea c:/program files/microchip/xc32/v4.00/bin/bin/../../lib/gcc/pic32c/8.3.1/../../../../pic32c/lib/thumb/v7e-m+dp/hard\libg-musl.a(__towrite.o)
 .debug_info    0x0002cb4d      0x328 c:/program files/microchip/xc32/v4.00/bin/bin/../../lib/gcc/pic32c/8.3.1/../../../../pic32c/lib/thumb/v7e-m+dp/hard\libg-musl.a(atoi.o)
 .debug_info    0x0002ce75      0x685 c:/program files/microchip/xc32/v4.00/bin/bin/../../lib/gcc/pic32c/8.3.1/../../../../pic32c/lib/thumb/v7e-m+dp/hard\libg-musl.a(read.o)
 .debug_info    0x0002d4fa      0x6aa c:/program files/microchip/xc32/v4.00/bin/bin/../../lib/gcc/pic32c/8.3.1/../../../../pic32c/lib/thumb/v7e-m+dp/hard\libg-musl.a(writev.o)
 .debug_info    0x0002dba4      0x603 c:/program files/microchip/xc32/v4.00/bin/bin/../../lib/gcc/pic32c/8.3.1/../../../../pic32c/lib/thumb/v7e-m+dp/hard\libg-musl.a(tolower.o)
 .debug_info    0x0002e1a7      0x580 c:/program files/microchip/xc32/v4.00/bin/bin/../../lib/gcc/pic32c/8.3.1/../../../../pic32c/lib/thumb/v7e-m+dp/hard\libg-musl.a(__errno_location.o)
 .debug_info    0x0002e727      0x5d7 c:/program files/microchip/xc32/v4.00/bin/bin/../../lib/gcc/pic32c/8.3.1/../../../../pic32c/lib/thumb/v7e-m+dp/hard\libg-musl.a(syscall_ret.o)
 .debug_info    0x0002ecfe      0x8b8 c:/program files/microchip/xc32/v4.00/bin/bin/../../lib/gcc/pic32c/8.3.1/../../../../pic32c/lib/thumb/v7e-m+dp/hard\libg-musl.a(__overflow.o)
 .debug_info    0x0002f5b6      0xc8a c:/program files/microchip/xc32/v4.00/bin/bin/../../lib/gcc/pic32c/8.3.1/../../../../pic32c/lib/thumb/v7e-m+dp/hard\libg-musl.a(__fmt_a.o)
 .debug_info    0x00030240      0x8c2 c:/program files/microchip/xc32/v4.00/bin/bin/../../lib/gcc/pic32c/8.3.1/../../../../pic32c/lib/thumb/v7e-m+dp/hard\libg-musl.a(__fmt_d.o)
 .debug_info    0x00030b02      0xc78 c:/program files/microchip/xc32/v4.00/bin/bin/../../lib/gcc/pic32c/8.3.1/../../../../pic32c/lib/thumb/v7e-m+dp/hard\libg-musl.a(__fmt_fp.o)
 .debug_info    0x0003177a      0x893 c:/program files/microchip/xc32/v4.00/bin/bin/../../lib/gcc/pic32c/8.3.1/../../../../pic32c/lib/thumb/v7e-m+dp/hard\libg-musl.a(__fmt_o.o)
 .debug_info    0x0003200d      0x839 c:/program files/microchip/xc32/v4.00/bin/bin/../../lib/gcc/pic32c/8.3.1/../../../../pic32c/lib/thumb/v7e-m+dp/hard\libg-musl.a(__fmt_s.o)
 .debug_info    0x00032846      0x960 c:/program files/microchip/xc32/v4.00/bin/bin/../../lib/gcc/pic32c/8.3.1/../../../../pic32c/lib/thumb/v7e-m+dp/hard\libg-musl.a(__fmt_u.o)
 .debug_info    0x000331a6      0x8f9 c:/program files/microchip/xc32/v4.00/bin/bin/../../lib/gcc/pic32c/8.3.1/../../../../pic32c/lib/thumb/v7e-m+dp/hard\libg-musl.a(__fmt_x.o)
 .debug_info    0x00033a9f      0x8c2 c:/program files/microchip/xc32/v4.00/bin/bin/../../lib/gcc/pic32c/8.3.1/../../../../pic32c/lib/thumb/v7e-m+dp/hard\libg-musl.a(__fwrite.o)
 .debug_info    0x00034361      0x766 c:/program files/microchip/xc32/v4.00/bin/bin/../../lib/gcc/pic32c/8.3.1/../../../../pic32c/lib/thumb/v7e-m+dp/hard\libg-musl.a(__pop_float.o)
 .debug_info    0x00034ac7      0x78a c:/program files/microchip/xc32/v4.00/bin/bin/../../lib/gcc/pic32c/8.3.1/../../../../pic32c/lib/thumb/v7e-m+dp/hard\libg-musl.a(__pop_int.o)
 .debug_info    0x00035251      0x781 c:/program files/microchip/xc32/v4.00/bin/bin/../../lib/gcc/pic32c/8.3.1/../../../../pic32c/lib/thumb/v7e-m+dp/hard\libg-musl.a(__pop_ptr.o)
 .debug_info    0x000359d2      0x2e1 c:/program files/microchip/xc32/v4.00/bin/bin/../../lib/gcc/pic32c/8.3.1/../../../../pic32c/lib/thumb/v7e-m+dp/hard\libg-musl.a(strcpy.o)
 .debug_info    0x00035cb3      0x603 c:/program files/microchip/xc32/v4.00/bin/bin/../../lib/gcc/pic32c/8.3.1/../../../../pic32c/lib/thumb/v7e-m+dp/hard\libg-musl.a(toupper.o)
 .debug_info    0x000362b6      0x5bf c:/program files/microchip/xc32/v4.00/bin/bin/../../lib/gcc/pic32c/8.3.1/../../../../pic32c/lib/thumb/v7e-m+dp/hard\libg-musl.a(stpcpy.o)
 .debug_info    0x00036875       0x26 c:/program files/microchip/xc32/v4.00/bin/bin/../../lib/gcc/pic32c/8.3.1/thumb/v7e-m+dp/hard\libgcc.a(_aeabi_uldivmod.o)
 .debug_info    0x0003689b     0x1ff0 c:/program files/microchip/xc32/v4.00/bin/bin/../../lib/gcc/pic32c/8.3.1/thumb/v7e-m+dp/hard\libgcc.a(_udivmoddi4.o)
 .debug_info    0x0003888b       0x26 c:/program files/microchip/xc32/v4.00/bin/bin/../../lib/gcc/pic32c/8.3.1/thumb/v7e-m+dp/hard\libgcc.a(_dvmd_tls.o)
 .debug_info    0x000388b1      0x2c5 c:/program files/microchip/xc32/v4.00/bin/bin/../../lib/gcc/pic32c/8.3.1/../../../../pic32c/lib/thumb/v7e-m+dp/hard\libpic32c.a(close.o)
 .debug_info    0x00038b76      0x2c5 c:/program files/microchip/xc32/v4.00/bin/bin/../../lib/gcc/pic32c/8.3.1/../../../../pic32c/lib/thumb/v7e-m+dp/hard\libpic32c.a(lseek.o)
 .debug_info    0x00038e3b      0x2c4 c:/program files/microchip/xc32/v4.00/bin/bin/../../lib/gcc/pic32c/8.3.1/../../../../pic32c/lib/thumb/v7e-m+dp/hard\libpic32c.a(sbrk.o)
 .debug_info    0x000390ff      0x2c6 c:/program files/microchip/xc32/v4.00/bin/bin/../../lib/gcc/pic32c/8.3.1/../../../../pic32c/lib/thumb/v7e-m+dp/hard\libpic32c.a(write.o)

.debug_abbrev   0x00000000     0x8253
 .debug_abbrev  0x00000000      0x435 build/DevBoard/debug/_ext/1164684806/drv_bm71.o
 .debug_abbrev  0x00000435      0x235 build/DevBoard/debug/_ext/1164684806/drv_bm71_ble.o
 .debug_abbrev  0x0000066a      0x1ba build/DevBoard/debug/_ext/1164684806/drv_bm71_command_decode.o
 .debug_abbrev  0x00000824      0x224 build/DevBoard/debug/_ext/1164684806/drv_bm71_command_send.o
 .debug_abbrev  0x00000a48      0x129 build/DevBoard/debug/_ext/1164684806/drv_bm71_gpio.o
 .debug_abbrev  0x00000b71      0x1f2 build/DevBoard/debug/_ext/1164684806/drv_bm71_uart.o
 .debug_abbrev  0x00000d63       0xd5 build/DevBoard/debug/_ext/975527002/plib_clk.o
 .debug_abbrev  0x00000e38      0x21a build/DevBoard/debug/_ext/975528730/plib_efc.o
 .debug_abbrev  0x00001052      0x1f7 build/DevBoard/debug/_ext/176903338/plib_nvic.o
 .debug_abbrev  0x00001249      0x298 build/DevBoard/debug/_ext/975539406/plib_pio.o
 .debug_abbrev  0x000014e1      0x22e build/DevBoard/debug/_ext/975541657/plib_rtc.o
 .debug_abbrev  0x0000170f      0x1b3 build/DevBoard/debug/_ext/975541674/plib_rtt.o
 .debug_abbrev  0x000018c2      0x246 build/DevBoard/debug/_ext/177051549/plib_supc.o
 .debug_abbrev  0x00001b08      0x1a7 build/DevBoard/debug/_ext/522720201/plib_tc0.o
 .debug_abbrev  0x00001caf      0x2ec build/DevBoard/debug/_ext/29817896/plib_twihs0_master.o
 .debug_abbrev  0x00001f9b      0x1ec build/DevBoard/debug/_ext/1195404349/plib_usart1.o
 .debug_abbrev  0x00002187      0x31f build/DevBoard/debug/_ext/1195404349/plib_usart0.o
 .debug_abbrev  0x000024a6      0x171 build/DevBoard/debug/_ext/1583257634/xc32_monitor.o
 .debug_abbrev  0x00002617      0x267 build/DevBoard/debug/_ext/1497937361/sys_int.o
 .debug_abbrev  0x0000287e      0x607 build/DevBoard/debug/_ext/1790450025/sys_time.o
 .debug_abbrev  0x00002e85      0x244 build/DevBoard/debug/_ext/1844592860/initialization.o
 .debug_abbrev  0x000030c9      0x115 build/DevBoard/debug/_ext/1844592860/interrupts.o
 .debug_abbrev  0x000031de       0xf0 build/DevBoard/debug/_ext/1844592860/exceptions.o
 .debug_abbrev  0x000032ce      0x24f build/DevBoard/debug/_ext/1844592860/startup_xc32.o
 .debug_abbrev  0x0000351d      0x122 build/DevBoard/debug/_ext/1844592860/tasks.o
 .debug_abbrev  0x0000363f      0x2f6 build/DevBoard/debug/_ext/1844592860/MAX30102.o
 .debug_abbrev  0x00003935      0x316 build/DevBoard/debug/_ext/1360937237/main.o
 .debug_abbrev  0x00003c4b      0x241 build/DevBoard/debug/_ext/1360937237/app.o
 .debug_abbrev  0x00003e8c       0x2e c:/program files/microchip/xc32/v4.00/bin/bin/../../lib/gcc/pic32c/8.3.1/../../../../pic32c/lib/thumb/v7e-m+dp/hard\libpic32c.a(data_init.o)
 .debug_abbrev  0x00003eba      0x126 c:/program files/microchip/xc32/v4.00/bin/bin/../../lib/gcc/pic32c/8.3.1/../../../../pic32c/lib/thumb/v7e-m+dp/hard\libg-musl.a(__libc_start_main.o)
 .debug_abbrev  0x00003fe0       0xc7 c:/program files/microchip/xc32/v4.00/bin/bin/../../lib/gcc/pic32c/8.3.1/../../../../pic32c/lib/thumb/v7e-m+dp/hard\libg-musl.a(libc.o)
 .debug_abbrev  0x000040a7      0x178 c:/program files/microchip/xc32/v4.00/bin/bin/../../lib/gcc/pic32c/8.3.1/../../../../pic32c/lib/thumb/v7e-m+dp/hard\libg-musl.a(stdin.o)
 .debug_abbrev  0x0000421f      0x157 c:/program files/microchip/xc32/v4.00/bin/bin/../../lib/gcc/pic32c/8.3.1/../../../../pic32c/lib/thumb/v7e-m+dp/hard\libg-musl.a(stdout.o)
 .debug_abbrev  0x00004376      0x112 c:/program files/microchip/xc32/v4.00/bin/bin/../../lib/gcc/pic32c/8.3.1/../../../../pic32c/lib/thumb/v7e-m+dp/hard\libg-musl.a(printf.o)
 .debug_abbrev  0x00004488      0x151 c:/program files/microchip/xc32/v4.00/bin/bin/../../lib/gcc/pic32c/8.3.1/../../../../pic32c/lib/thumb/v7e-m+dp/hard\libg-musl.a(puts.o)
 .debug_abbrev  0x000045d9       0xba c:/program files/microchip/xc32/v4.00/bin/bin/../../lib/gcc/pic32c/8.3.1/../../../../pic32c/lib/thumb/v7e-m+dp/hard\libg-musl.a(setbuf.o)
 .debug_abbrev  0x00004693       0x9c c:/program files/microchip/xc32/v4.00/bin/bin/../../lib/gcc/pic32c/8.3.1/../../../../pic32c/lib/thumb/v7e-m+dp/hard\libg-musl.a(memcpy.o)
 .debug_abbrev  0x0000472f       0x97 c:/program files/microchip/xc32/v4.00/bin/bin/../../lib/gcc/pic32c/8.3.1/../../../../pic32c/lib/thumb/v7e-m+dp/hard\libg-musl.a(memset.o)
 .debug_abbrev  0x000047c6       0xc7 c:/program files/microchip/xc32/v4.00/bin/bin/../../lib/gcc/pic32c/8.3.1/../../../../pic32c/lib/thumb/v7e-m+dp/hard\libg-musl.a(__environ.o)
 .debug_abbrev  0x0000488d      0x13d c:/program files/microchip/xc32/v4.00/bin/bin/../../lib/gcc/pic32c/8.3.1/../../../../pic32c/lib/thumb/v7e-m+dp/hard\libg-musl.a(fputs.o)
 .debug_abbrev  0x000049ca      0x163 c:/program files/microchip/xc32/v4.00/bin/bin/../../lib/gcc/pic32c/8.3.1/../../../../pic32c/lib/thumb/v7e-m+dp/hard\libg-musl.a(__stdio_read.o)
 .debug_abbrev  0x00004b2d       0xef c:/program files/microchip/xc32/v4.00/bin/bin/../../lib/gcc/pic32c/8.3.1/../../../../pic32c/lib/thumb/v7e-m+dp/hard\libg-musl.a(__towrite_rw.o)
 .debug_abbrev  0x00004c1c      0x14b c:/program files/microchip/xc32/v4.00/bin/bin/../../lib/gcc/pic32c/8.3.1/../../../../pic32c/lib/thumb/v7e-m+dp/hard\libg-musl.a(fwrite.o)
 .debug_abbrev  0x00004d67      0x14c c:/program files/microchip/xc32/v4.00/bin/bin/../../lib/gcc/pic32c/8.3.1/../../../../pic32c/lib/thumb/v7e-m+dp/hard\libg-musl.a(putc.o)
 .debug_abbrev  0x00004eb3      0x158 c:/program files/microchip/xc32/v4.00/bin/bin/../../lib/gcc/pic32c/8.3.1/../../../../pic32c/lib/thumb/v7e-m+dp/hard\libg-musl.a(setvbuf.o)
 .debug_abbrev  0x0000500b      0x180 c:/program files/microchip/xc32/v4.00/bin/bin/../../lib/gcc/pic32c/8.3.1/../../../../pic32c/lib/thumb/v7e-m+dp/hard\libg-musl.a(vfprintf.o)
 .debug_abbrev  0x0000518b       0x86 c:/program files/microchip/xc32/v4.00/bin/bin/../../lib/gcc/pic32c/8.3.1/../../../../pic32c/lib/thumb/v7e-m+dp/hard\libg-musl.a(strlen.o)
 .debug_abbrev  0x00005211      0x13e c:/program files/microchip/xc32/v4.00/bin/bin/../../lib/gcc/pic32c/8.3.1/../../../../pic32c/lib/thumb/v7e-m+dp/hard\libg-musl.a(readv.o)
 .debug_abbrev  0x0000534f      0x413 c:/program files/microchip/xc32/v4.00/bin/bin/../../lib/gcc/pic32c/8.3.1/../../../../pic32c/lib/thumb/v7e-m+dp/hard\libg-musl.a(malloc.o)
 .debug_abbrev  0x00005762      0x112 c:/program files/microchip/xc32/v4.00/bin/bin/../../lib/gcc/pic32c/8.3.1/../../../../pic32c/lib/thumb/v7e-m+dp/hard\libg-musl.a(expand_heap.o)
 .debug_abbrev  0x00005874       0xf8 c:/program files/microchip/xc32/v4.00/bin/bin/../../lib/gcc/pic32c/8.3.1/../../../../pic32c/lib/thumb/v7e-m+dp/hard\libg-musl.a(__init_stdio.o)
 .debug_abbrev  0x0000596c      0x1ac c:/program files/microchip/xc32/v4.00/bin/bin/../../lib/gcc/pic32c/8.3.1/../../../../pic32c/lib/thumb/v7e-m+dp/hard\libg-musl.a(__out.o)
 .debug_abbrev  0x00005b18      0x2e8 c:/program files/microchip/xc32/v4.00/bin/bin/../../lib/gcc/pic32c/8.3.1/../../../../pic32c/lib/thumb/v7e-m+dp/hard\libg-musl.a(__printf_core.o)
 .debug_abbrev  0x00005e00      0x12f c:/program files/microchip/xc32/v4.00/bin/bin/../../lib/gcc/pic32c/8.3.1/../../../../pic32c/lib/thumb/v7e-m+dp/hard\libg-musl.a(__putc.o)
 .debug_abbrev  0x00005f2f      0x167 c:/program files/microchip/xc32/v4.00/bin/bin/../../lib/gcc/pic32c/8.3.1/../../../../pic32c/lib/thumb/v7e-m+dp/hard\libg-musl.a(__stderr.o)
 .debug_abbrev  0x00006096      0x135 c:/program files/microchip/xc32/v4.00/bin/bin/../../lib/gcc/pic32c/8.3.1/../../../../pic32c/lib/thumb/v7e-m+dp/hard\libg-musl.a(__stdio_close.o)
 .debug_abbrev  0x000061cb      0x1c4 c:/program files/microchip/xc32/v4.00/bin/bin/../../lib/gcc/pic32c/8.3.1/../../../../pic32c/lib/thumb/v7e-m+dp/hard\libg-musl.a(__stdio_write.o)
 .debug_abbrev  0x0000638f      0x167 c:/program files/microchip/xc32/v4.00/bin/bin/../../lib/gcc/pic32c/8.3.1/../../../../pic32c/lib/thumb/v7e-m+dp/hard\libg-musl.a(__stdout.o)
 .debug_abbrev  0x000064f6      0x134 c:/program files/microchip/xc32/v4.00/bin/bin/../../lib/gcc/pic32c/8.3.1/../../../../pic32c/lib/thumb/v7e-m+dp/hard\libg-musl.a(__towrite.o)
 .debug_abbrev  0x0000662a       0xbb c:/program files/microchip/xc32/v4.00/bin/bin/../../lib/gcc/pic32c/8.3.1/../../../../pic32c/lib/thumb/v7e-m+dp/hard\libg-musl.a(atoi.o)
 .debug_abbrev  0x000066e5      0x11e c:/program files/microchip/xc32/v4.00/bin/bin/../../lib/gcc/pic32c/8.3.1/../../../../pic32c/lib/thumb/v7e-m+dp/hard\libg-musl.a(read.o)
 .debug_abbrev  0x00006803      0x13e c:/program files/microchip/xc32/v4.00/bin/bin/../../lib/gcc/pic32c/8.3.1/../../../../pic32c/lib/thumb/v7e-m+dp/hard\libg-musl.a(writev.o)
 .debug_abbrev  0x00006941      0x126 c:/program files/microchip/xc32/v4.00/bin/bin/../../lib/gcc/pic32c/8.3.1/../../../../pic32c/lib/thumb/v7e-m+dp/hard\libg-musl.a(tolower.o)
 .debug_abbrev  0x00006a67       0xba c:/program files/microchip/xc32/v4.00/bin/bin/../../lib/gcc/pic32c/8.3.1/../../../../pic32c/lib/thumb/v7e-m+dp/hard\libg-musl.a(__errno_location.o)
 .debug_abbrev  0x00006b21       0xdf c:/program files/microchip/xc32/v4.00/bin/bin/../../lib/gcc/pic32c/8.3.1/../../../../pic32c/lib/thumb/v7e-m+dp/hard\libg-musl.a(syscall_ret.o)
 .debug_abbrev  0x00006c00      0x138 c:/program files/microchip/xc32/v4.00/bin/bin/../../lib/gcc/pic32c/8.3.1/../../../../pic32c/lib/thumb/v7e-m+dp/hard\libg-musl.a(__overflow.o)
 .debug_abbrev  0x00006d38      0x1ff c:/program files/microchip/xc32/v4.00/bin/bin/../../lib/gcc/pic32c/8.3.1/../../../../pic32c/lib/thumb/v7e-m+dp/hard\libg-musl.a(__fmt_a.o)
 .debug_abbrev  0x00006f37      0x16f c:/program files/microchip/xc32/v4.00/bin/bin/../../lib/gcc/pic32c/8.3.1/../../../../pic32c/lib/thumb/v7e-m+dp/hard\libg-musl.a(__fmt_d.o)
 .debug_abbrev  0x000070a6      0x1f0 c:/program files/microchip/xc32/v4.00/bin/bin/../../lib/gcc/pic32c/8.3.1/../../../../pic32c/lib/thumb/v7e-m+dp/hard\libg-musl.a(__fmt_fp.o)
 .debug_abbrev  0x00007296      0x16f c:/program files/microchip/xc32/v4.00/bin/bin/../../lib/gcc/pic32c/8.3.1/../../../../pic32c/lib/thumb/v7e-m+dp/hard\libg-musl.a(__fmt_o.o)
 .debug_abbrev  0x00007405      0x14f c:/program files/microchip/xc32/v4.00/bin/bin/../../lib/gcc/pic32c/8.3.1/../../../../pic32c/lib/thumb/v7e-m+dp/hard\libg-musl.a(__fmt_s.o)
 .debug_abbrev  0x00007554      0x1b2 c:/program files/microchip/xc32/v4.00/bin/bin/../../lib/gcc/pic32c/8.3.1/../../../../pic32c/lib/thumb/v7e-m+dp/hard\libg-musl.a(__fmt_u.o)
 .debug_abbrev  0x00007706      0x15e c:/program files/microchip/xc32/v4.00/bin/bin/../../lib/gcc/pic32c/8.3.1/../../../../pic32c/lib/thumb/v7e-m+dp/hard\libg-musl.a(__fmt_x.o)
 .debug_abbrev  0x00007864      0x188 c:/program files/microchip/xc32/v4.00/bin/bin/../../lib/gcc/pic32c/8.3.1/../../../../pic32c/lib/thumb/v7e-m+dp/hard\libg-musl.a(__fwrite.o)
 .debug_abbrev  0x000079ec      0x11b c:/program files/microchip/xc32/v4.00/bin/bin/../../lib/gcc/pic32c/8.3.1/../../../../pic32c/lib/thumb/v7e-m+dp/hard\libg-musl.a(__pop_float.o)
 .debug_abbrev  0x00007b07      0x11b c:/program files/microchip/xc32/v4.00/bin/bin/../../lib/gcc/pic32c/8.3.1/../../../../pic32c/lib/thumb/v7e-m+dp/hard\libg-musl.a(__pop_int.o)
 .debug_abbrev  0x00007c22      0x12c c:/program files/microchip/xc32/v4.00/bin/bin/../../lib/gcc/pic32c/8.3.1/../../../../pic32c/lib/thumb/v7e-m+dp/hard\libg-musl.a(__pop_ptr.o)
 .debug_abbrev  0x00007d4e       0x8e c:/program files/microchip/xc32/v4.00/bin/bin/../../lib/gcc/pic32c/8.3.1/../../../../pic32c/lib/thumb/v7e-m+dp/hard\libg-musl.a(strcpy.o)
 .debug_abbrev  0x00007ddc      0x126 c:/program files/microchip/xc32/v4.00/bin/bin/../../lib/gcc/pic32c/8.3.1/../../../../pic32c/lib/thumb/v7e-m+dp/hard\libg-musl.a(toupper.o)
 .debug_abbrev  0x00007f02       0xdf c:/program files/microchip/xc32/v4.00/bin/bin/../../lib/gcc/pic32c/8.3.1/../../../../pic32c/lib/thumb/v7e-m+dp/hard\libg-musl.a(stpcpy.o)
 .debug_abbrev  0x00007fe1       0x14 c:/program files/microchip/xc32/v4.00/bin/bin/../../lib/gcc/pic32c/8.3.1/thumb/v7e-m+dp/hard\libgcc.a(_aeabi_uldivmod.o)
 .debug_abbrev  0x00007ff5      0x192 c:/program files/microchip/xc32/v4.00/bin/bin/../../lib/gcc/pic32c/8.3.1/thumb/v7e-m+dp/hard\libgcc.a(_udivmoddi4.o)
 .debug_abbrev  0x00008187       0x14 c:/program files/microchip/xc32/v4.00/bin/bin/../../lib/gcc/pic32c/8.3.1/thumb/v7e-m+dp/hard\libgcc.a(_dvmd_tls.o)
 .debug_abbrev  0x0000819b       0x2e c:/program files/microchip/xc32/v4.00/bin/bin/../../lib/gcc/pic32c/8.3.1/../../../../pic32c/lib/thumb/v7e-m+dp/hard\libpic32c.a(close.o)
 .debug_abbrev  0x000081c9       0x2e c:/program files/microchip/xc32/v4.00/bin/bin/../../lib/gcc/pic32c/8.3.1/../../../../pic32c/lib/thumb/v7e-m+dp/hard\libpic32c.a(lseek.o)
 .debug_abbrev  0x000081f7       0x2e c:/program files/microchip/xc32/v4.00/bin/bin/../../lib/gcc/pic32c/8.3.1/../../../../pic32c/lib/thumb/v7e-m+dp/hard\libpic32c.a(sbrk.o)
 .debug_abbrev  0x00008225       0x2e c:/program files/microchip/xc32/v4.00/bin/bin/../../lib/gcc/pic32c/8.3.1/../../../../pic32c/lib/thumb/v7e-m+dp/hard\libpic32c.a(write.o)

.debug_loc      0x00000000     0xd74e
 .debug_loc     0x00000000      0x786 build/DevBoard/debug/_ext/1164684806/drv_bm71.o
 .debug_loc     0x00000786      0x5b6 build/DevBoard/debug/_ext/1164684806/drv_bm71_ble.o
 .debug_loc     0x00000d3c       0xa2 build/DevBoard/debug/_ext/1164684806/drv_bm71_command_decode.o
 .debug_loc     0x00000dde      0x239 build/DevBoard/debug/_ext/1164684806/drv_bm71_command_send.o
 .debug_loc     0x00001017       0xd5 build/DevBoard/debug/_ext/1164684806/drv_bm71_uart.o
 .debug_loc     0x000010ec      0x611 build/DevBoard/debug/_ext/975528730/plib_efc.o
 .debug_loc     0x000016fd      0x1bd build/DevBoard/debug/_ext/176903338/plib_nvic.o
 .debug_loc     0x000018ba      0x39d build/DevBoard/debug/_ext/975539406/plib_pio.o
 .debug_loc     0x00001c57      0x280 build/DevBoard/debug/_ext/975541657/plib_rtc.o
 .debug_loc     0x00001ed7      0x1a5 build/DevBoard/debug/_ext/975541674/plib_rtt.o
 .debug_loc     0x0000207c       0xeb build/DevBoard/debug/_ext/177051549/plib_supc.o
 .debug_loc     0x00002167       0x46 build/DevBoard/debug/_ext/522720201/plib_tc0.o
 .debug_loc     0x000021ad      0x6b3 build/DevBoard/debug/_ext/29817896/plib_twihs0_master.o
 .debug_loc     0x00002860      0x6f6 build/DevBoard/debug/_ext/1195404349/plib_usart1.o
 .debug_loc     0x00002f56      0x631 build/DevBoard/debug/_ext/1195404349/plib_usart0.o
 .debug_loc     0x00003587       0xf0 build/DevBoard/debug/_ext/1583257634/xc32_monitor.o
 .debug_loc     0x00003677      0x182 build/DevBoard/debug/_ext/1497937361/sys_int.o
 .debug_loc     0x000037f9     0x2317 build/DevBoard/debug/_ext/1790450025/sys_time.o
 .debug_loc     0x00005b10       0x45 build/DevBoard/debug/_ext/1844592860/initialization.o
 .debug_loc     0x00005b55       0xa7 build/DevBoard/debug/_ext/1844592860/startup_xc32.o
 .debug_loc     0x00005bfc       0x20 build/DevBoard/debug/_ext/1844592860/tasks.o
 .debug_loc     0x00005c1c     0x1574 build/DevBoard/debug/_ext/1844592860/MAX30102.o
 .debug_loc     0x00007190      0x3e7 build/DevBoard/debug/_ext/1360937237/main.o
 .debug_loc     0x00007577       0xb9 build/DevBoard/debug/_ext/1360937237/app.o
 .debug_loc     0x00007630       0x14 c:/program files/microchip/xc32/v4.00/bin/bin/../../lib/gcc/pic32c/8.3.1/../../../../pic32c/lib/thumb/v7e-m+dp/hard\libpic32c.a(data_init.o)
 .debug_loc     0x00007644       0x51 c:/program files/microchip/xc32/v4.00/bin/bin/../../lib/gcc/pic32c/8.3.1/../../../../pic32c/lib/thumb/v7e-m+dp/hard\libg-musl.a(__libc_start_main.o)
 .debug_loc     0x00007695       0x25 c:/program files/microchip/xc32/v4.00/bin/bin/../../lib/gcc/pic32c/8.3.1/../../../../pic32c/lib/thumb/v7e-m+dp/hard\libg-musl.a(stdin.o)
 .debug_loc     0x000076ba       0x20 c:/program files/microchip/xc32/v4.00/bin/bin/../../lib/gcc/pic32c/8.3.1/../../../../pic32c/lib/thumb/v7e-m+dp/hard\libg-musl.a(stdout.o)
 .debug_loc     0x000076da       0x65 c:/program files/microchip/xc32/v4.00/bin/bin/../../lib/gcc/pic32c/8.3.1/../../../../pic32c/lib/thumb/v7e-m+dp/hard\libg-musl.a(printf.o)
 .debug_loc     0x0000773f       0x6a c:/program files/microchip/xc32/v4.00/bin/bin/../../lib/gcc/pic32c/8.3.1/../../../../pic32c/lib/thumb/v7e-m+dp/hard\libg-musl.a(puts.o)
 .debug_loc     0x000077a9       0x4a c:/program files/microchip/xc32/v4.00/bin/bin/../../lib/gcc/pic32c/8.3.1/../../../../pic32c/lib/thumb/v7e-m+dp/hard\libg-musl.a(setbuf.o)
 .debug_loc     0x000077f3       0xba c:/program files/microchip/xc32/v4.00/bin/bin/../../lib/gcc/pic32c/8.3.1/../../../../pic32c/lib/thumb/v7e-m+dp/hard\libg-musl.a(memcpy.o)
 .debug_loc     0x000078ad       0x56 c:/program files/microchip/xc32/v4.00/bin/bin/../../lib/gcc/pic32c/8.3.1/../../../../pic32c/lib/thumb/v7e-m+dp/hard\libg-musl.a(memset.o)
 .debug_loc     0x00007903       0x93 c:/program files/microchip/xc32/v4.00/bin/bin/../../lib/gcc/pic32c/8.3.1/../../../../pic32c/lib/thumb/v7e-m+dp/hard\libg-musl.a(fputs.o)
 .debug_loc     0x00007996      0x103 c:/program files/microchip/xc32/v4.00/bin/bin/../../lib/gcc/pic32c/8.3.1/../../../../pic32c/lib/thumb/v7e-m+dp/hard\libg-musl.a(__stdio_read.o)
 .debug_loc     0x00007a99       0x25 c:/program files/microchip/xc32/v4.00/bin/bin/../../lib/gcc/pic32c/8.3.1/../../../../pic32c/lib/thumb/v7e-m+dp/hard\libg-musl.a(__towrite_rw.o)
 .debug_loc     0x00007abe      0x17e c:/program files/microchip/xc32/v4.00/bin/bin/../../lib/gcc/pic32c/8.3.1/../../../../pic32c/lib/thumb/v7e-m+dp/hard\libg-musl.a(fwrite.o)
 .debug_loc     0x00007c3c      0x123 c:/program files/microchip/xc32/v4.00/bin/bin/../../lib/gcc/pic32c/8.3.1/../../../../pic32c/lib/thumb/v7e-m+dp/hard\libg-musl.a(putc.o)
 .debug_loc     0x00007d5f       0xd8 c:/program files/microchip/xc32/v4.00/bin/bin/../../lib/gcc/pic32c/8.3.1/../../../../pic32c/lib/thumb/v7e-m+dp/hard\libg-musl.a(setvbuf.o)
 .debug_loc     0x00007e37       0x88 c:/program files/microchip/xc32/v4.00/bin/bin/../../lib/gcc/pic32c/8.3.1/../../../../pic32c/lib/thumb/v7e-m+dp/hard\libg-musl.a(vfprintf.o)
 .debug_loc     0x00007ebf       0x47 c:/program files/microchip/xc32/v4.00/bin/bin/../../lib/gcc/pic32c/8.3.1/../../../../pic32c/lib/thumb/v7e-m+dp/hard\libg-musl.a(strlen.o)
 .debug_loc     0x00007f06       0xeb c:/program files/microchip/xc32/v4.00/bin/bin/../../lib/gcc/pic32c/8.3.1/../../../../pic32c/lib/thumb/v7e-m+dp/hard\libg-musl.a(readv.o)
 .debug_loc     0x00007ff1      0xccc c:/program files/microchip/xc32/v4.00/bin/bin/../../lib/gcc/pic32c/8.3.1/../../../../pic32c/lib/thumb/v7e-m+dp/hard\libg-musl.a(malloc.o)
 .debug_loc     0x00008cbd       0x7c c:/program files/microchip/xc32/v4.00/bin/bin/../../lib/gcc/pic32c/8.3.1/../../../../pic32c/lib/thumb/v7e-m+dp/hard\libg-musl.a(expand_heap.o)
 .debug_loc     0x00008d39       0x20 c:/program files/microchip/xc32/v4.00/bin/bin/../../lib/gcc/pic32c/8.3.1/../../../../pic32c/lib/thumb/v7e-m+dp/hard\libg-musl.a(__init_stdio.o)
 .debug_loc     0x00008d59      0x1a8 c:/program files/microchip/xc32/v4.00/bin/bin/../../lib/gcc/pic32c/8.3.1/../../../../pic32c/lib/thumb/v7e-m+dp/hard\libg-musl.a(__out.o)
 .debug_loc     0x00008f01      0x638 c:/program files/microchip/xc32/v4.00/bin/bin/../../lib/gcc/pic32c/8.3.1/../../../../pic32c/lib/thumb/v7e-m+dp/hard\libg-musl.a(__printf_core.o)
 .debug_loc     0x00009539      0x114 c:/program files/microchip/xc32/v4.00/bin/bin/../../lib/gcc/pic32c/8.3.1/../../../../pic32c/lib/thumb/v7e-m+dp/hard\libg-musl.a(__putc.o)
 .debug_loc     0x0000964d       0x25 c:/program files/microchip/xc32/v4.00/bin/bin/../../lib/gcc/pic32c/8.3.1/../../../../pic32c/lib/thumb/v7e-m+dp/hard\libg-musl.a(__stderr.o)
 .debug_loc     0x00009672      0x22c c:/program files/microchip/xc32/v4.00/bin/bin/../../lib/gcc/pic32c/8.3.1/../../../../pic32c/lib/thumb/v7e-m+dp/hard\libg-musl.a(__stdio_close.o)
 .debug_loc     0x0000989e      0x2f1 c:/program files/microchip/xc32/v4.00/bin/bin/../../lib/gcc/pic32c/8.3.1/../../../../pic32c/lib/thumb/v7e-m+dp/hard\libg-musl.a(__stdio_write.o)
 .debug_loc     0x00009b8f       0x25 c:/program files/microchip/xc32/v4.00/bin/bin/../../lib/gcc/pic32c/8.3.1/../../../../pic32c/lib/thumb/v7e-m+dp/hard\libg-musl.a(__stdout.o)
 .debug_loc     0x00009bb4       0x7c c:/program files/microchip/xc32/v4.00/bin/bin/../../lib/gcc/pic32c/8.3.1/../../../../pic32c/lib/thumb/v7e-m+dp/hard\libg-musl.a(__towrite.o)
 .debug_loc     0x00009c30       0xd8 c:/program files/microchip/xc32/v4.00/bin/bin/../../lib/gcc/pic32c/8.3.1/../../../../pic32c/lib/thumb/v7e-m+dp/hard\libg-musl.a(atoi.o)
 .debug_loc     0x00009d08       0x6f c:/program files/microchip/xc32/v4.00/bin/bin/../../lib/gcc/pic32c/8.3.1/../../../../pic32c/lib/thumb/v7e-m+dp/hard\libg-musl.a(read.o)
 .debug_loc     0x00009d77       0xeb c:/program files/microchip/xc32/v4.00/bin/bin/../../lib/gcc/pic32c/8.3.1/../../../../pic32c/lib/thumb/v7e-m+dp/hard\libg-musl.a(writev.o)
 .debug_loc     0x00009e62       0x4a c:/program files/microchip/xc32/v4.00/bin/bin/../../lib/gcc/pic32c/8.3.1/../../../../pic32c/lib/thumb/v7e-m+dp/hard\libg-musl.a(tolower.o)
 .debug_loc     0x00009eac       0x25 c:/program files/microchip/xc32/v4.00/bin/bin/../../lib/gcc/pic32c/8.3.1/../../../../pic32c/lib/thumb/v7e-m+dp/hard\libg-musl.a(syscall_ret.o)
 .debug_loc     0x00009ed1       0xb6 c:/program files/microchip/xc32/v4.00/bin/bin/../../lib/gcc/pic32c/8.3.1/../../../../pic32c/lib/thumb/v7e-m+dp/hard\libg-musl.a(__overflow.o)
 .debug_loc     0x00009f87      0xb78 c:/program files/microchip/xc32/v4.00/bin/bin/../../lib/gcc/pic32c/8.3.1/../../../../pic32c/lib/thumb/v7e-m+dp/hard\libg-musl.a(__fmt_a.o)
 .debug_loc     0x0000aaff      0x1ef c:/program files/microchip/xc32/v4.00/bin/bin/../../lib/gcc/pic32c/8.3.1/../../../../pic32c/lib/thumb/v7e-m+dp/hard\libg-musl.a(__fmt_d.o)
 .debug_loc     0x0000acee      0xa8d c:/program files/microchip/xc32/v4.00/bin/bin/../../lib/gcc/pic32c/8.3.1/../../../../pic32c/lib/thumb/v7e-m+dp/hard\libg-musl.a(__fmt_fp.o)
 .debug_loc     0x0000b77b      0x10a c:/program files/microchip/xc32/v4.00/bin/bin/../../lib/gcc/pic32c/8.3.1/../../../../pic32c/lib/thumb/v7e-m+dp/hard\libg-musl.a(__fmt_o.o)
 .debug_loc     0x0000b885      0x157 c:/program files/microchip/xc32/v4.00/bin/bin/../../lib/gcc/pic32c/8.3.1/../../../../pic32c/lib/thumb/v7e-m+dp/hard\libg-musl.a(__fmt_s.o)
 .debug_loc     0x0000b9dc      0x2a2 c:/program files/microchip/xc32/v4.00/bin/bin/../../lib/gcc/pic32c/8.3.1/../../../../pic32c/lib/thumb/v7e-m+dp/hard\libg-musl.a(__fmt_u.o)
 .debug_loc     0x0000bc7e      0x2a8 c:/program files/microchip/xc32/v4.00/bin/bin/../../lib/gcc/pic32c/8.3.1/../../../../pic32c/lib/thumb/v7e-m+dp/hard\libg-musl.a(__fmt_x.o)
 .debug_loc     0x0000bf26      0x12f c:/program files/microchip/xc32/v4.00/bin/bin/../../lib/gcc/pic32c/8.3.1/../../../../pic32c/lib/thumb/v7e-m+dp/hard\libg-musl.a(__fwrite.o)
 .debug_loc     0x0000c055       0xa6 c:/program files/microchip/xc32/v4.00/bin/bin/../../lib/gcc/pic32c/8.3.1/../../../../pic32c/lib/thumb/v7e-m+dp/hard\libg-musl.a(__pop_float.o)
 .debug_loc     0x0000c0fb      0x312 c:/program files/microchip/xc32/v4.00/bin/bin/../../lib/gcc/pic32c/8.3.1/../../../../pic32c/lib/thumb/v7e-m+dp/hard\libg-musl.a(__pop_int.o)
 .debug_loc     0x0000c40d      0x1db c:/program files/microchip/xc32/v4.00/bin/bin/../../lib/gcc/pic32c/8.3.1/../../../../pic32c/lib/thumb/v7e-m+dp/hard\libg-musl.a(__pop_ptr.o)
 .debug_loc     0x0000c5e8       0x67 c:/program files/microchip/xc32/v4.00/bin/bin/../../lib/gcc/pic32c/8.3.1/../../../../pic32c/lib/thumb/v7e-m+dp/hard\libg-musl.a(strcpy.o)
 .debug_loc     0x0000c64f       0x4a c:/program files/microchip/xc32/v4.00/bin/bin/../../lib/gcc/pic32c/8.3.1/../../../../pic32c/lib/thumb/v7e-m+dp/hard\libg-musl.a(toupper.o)
 .debug_loc     0x0000c699       0x60 c:/program files/microchip/xc32/v4.00/bin/bin/../../lib/gcc/pic32c/8.3.1/../../../../pic32c/lib/thumb/v7e-m+dp/hard\libg-musl.a(stpcpy.o)
 .debug_loc     0x0000c6f9     0x1041 c:/program files/microchip/xc32/v4.00/bin/bin/../../lib/gcc/pic32c/8.3.1/thumb/v7e-m+dp/hard\libgcc.a(_udivmoddi4.o)
 .debug_loc     0x0000d73a       0x14 c:/program files/microchip/xc32/v4.00/bin/bin/../../lib/gcc/pic32c/8.3.1/../../../../pic32c/lib/thumb/v7e-m+dp/hard\libpic32c.a(write.o)

.debug_aranges  0x00000000     0x1308
 .debug_aranges
                0x00000000       0xa8 build/DevBoard/debug/_ext/1164684806/drv_bm71.o
 .debug_aranges
                0x000000a8       0x60 build/DevBoard/debug/_ext/1164684806/drv_bm71_ble.o
 .debug_aranges
                0x00000108       0x38 build/DevBoard/debug/_ext/1164684806/drv_bm71_command_decode.o
 .debug_aranges
                0x00000140       0x48 build/DevBoard/debug/_ext/1164684806/drv_bm71_command_send.o
 .debug_aranges
                0x00000188       0x38 build/DevBoard/debug/_ext/1164684806/drv_bm71_gpio.o
 .debug_aranges
                0x000001c0       0x48 build/DevBoard/debug/_ext/1164684806/drv_bm71_uart.o
 .debug_aranges
                0x00000208       0x20 build/DevBoard/debug/_ext/975527002/plib_clk.o
 .debug_aranges
                0x00000228       0x70 build/DevBoard/debug/_ext/975528730/plib_efc.o
 .debug_aranges
                0x00000298       0x38 build/DevBoard/debug/_ext/176903338/plib_nvic.o
 .debug_aranges
                0x000002d0       0x88 build/DevBoard/debug/_ext/975539406/plib_pio.o
 .debug_aranges
                0x00000358       0x30 build/DevBoard/debug/_ext/975541657/plib_rtc.o
 .debug_aranges
                0x00000388       0x70 build/DevBoard/debug/_ext/975541674/plib_rtt.o
 .debug_aranges
                0x000003f8       0x48 build/DevBoard/debug/_ext/177051549/plib_supc.o
 .debug_aranges
                0x00000440       0x68 build/DevBoard/debug/_ext/522720201/plib_tc0.o
 .debug_aranges
                0x000004a8       0x70 build/DevBoard/debug/_ext/29817896/plib_twihs0_master.o
 .debug_aranges
                0x00000518       0x70 build/DevBoard/debug/_ext/1195404349/plib_usart1.o
 .debug_aranges
                0x00000588       0x88 build/DevBoard/debug/_ext/1195404349/plib_usart0.o
 .debug_aranges
                0x00000610       0x28 build/DevBoard/debug/_ext/1583257634/xc32_monitor.o
 .debug_aranges
                0x00000638       0x40 build/DevBoard/debug/_ext/1497937361/sys_int.o
 .debug_aranges
                0x00000678      0x130 build/DevBoard/debug/_ext/1790450025/sys_time.o
 .debug_aranges
                0x000007a8       0x20 build/DevBoard/debug/_ext/1844592860/initialization.o
 .debug_aranges
                0x000007c8       0x20 build/DevBoard/debug/_ext/1844592860/interrupts.o
 .debug_aranges
                0x000007e8       0x48 build/DevBoard/debug/_ext/1844592860/exceptions.o
 .debug_aranges
                0x00000830       0x28 build/DevBoard/debug/_ext/1844592860/startup_xc32.o
 .debug_aranges
                0x00000858       0x20 build/DevBoard/debug/_ext/1844592860/tasks.o
 .debug_aranges
                0x00000878      0x178 build/DevBoard/debug/_ext/1844592860/MAX30102.o
 .debug_aranges
                0x000009f0       0x68 build/DevBoard/debug/_ext/1360937237/main.o
 .debug_aranges
                0x00000a58       0x38 build/DevBoard/debug/_ext/1360937237/app.o
 .debug_aranges
                0x00000a90       0x20 c:/program files/microchip/xc32/v4.00/bin/bin/../../lib/gcc/pic32c/8.3.1/../../../../pic32c/lib/thumb/v7e-m+dp/hard\libpic32c.a(data_init.o)
 .debug_aranges
                0x00000ab0       0x28 c:/program files/microchip/xc32/v4.00/bin/bin/../../lib/gcc/pic32c/8.3.1/../../../../pic32c/lib/thumb/v7e-m+dp/hard\libg-musl.a(__libc_start_main.o)
 .debug_aranges
                0x00000ad8       0x18 c:/program files/microchip/xc32/v4.00/bin/bin/../../lib/gcc/pic32c/8.3.1/../../../../pic32c/lib/thumb/v7e-m+dp/hard\libg-musl.a(libc.o)
 .debug_aranges
                0x00000af0       0x28 c:/program files/microchip/xc32/v4.00/bin/bin/../../lib/gcc/pic32c/8.3.1/../../../../pic32c/lib/thumb/v7e-m+dp/hard\libg-musl.a(stdin.o)
 .debug_aranges
                0x00000b18       0x30 c:/program files/microchip/xc32/v4.00/bin/bin/../../lib/gcc/pic32c/8.3.1/../../../../pic32c/lib/thumb/v7e-m+dp/hard\libg-musl.a(stdout.o)
 .debug_aranges
                0x00000b48       0x20 c:/program files/microchip/xc32/v4.00/bin/bin/../../lib/gcc/pic32c/8.3.1/../../../../pic32c/lib/thumb/v7e-m+dp/hard\libg-musl.a(printf.o)
 .debug_aranges
                0x00000b68       0x20 c:/program files/microchip/xc32/v4.00/bin/bin/../../lib/gcc/pic32c/8.3.1/../../../../pic32c/lib/thumb/v7e-m+dp/hard\libg-musl.a(puts.o)
 .debug_aranges
                0x00000b88       0x20 c:/program files/microchip/xc32/v4.00/bin/bin/../../lib/gcc/pic32c/8.3.1/../../../../pic32c/lib/thumb/v7e-m+dp/hard\libg-musl.a(setbuf.o)
 .debug_aranges
                0x00000ba8       0x20 c:/program files/microchip/xc32/v4.00/bin/bin/../../lib/gcc/pic32c/8.3.1/../../../../pic32c/lib/thumb/v7e-m+dp/hard\libg-musl.a(memcpy.o)
 .debug_aranges
                0x00000bc8       0x20 c:/program files/microchip/xc32/v4.00/bin/bin/../../lib/gcc/pic32c/8.3.1/../../../../pic32c/lib/thumb/v7e-m+dp/hard\libg-musl.a(memset.o)
 .debug_aranges
                0x00000be8       0x18 c:/program files/microchip/xc32/v4.00/bin/bin/../../lib/gcc/pic32c/8.3.1/../../../../pic32c/lib/thumb/v7e-m+dp/hard\libg-musl.a(__environ.o)
 .debug_aranges
                0x00000c00       0x20 c:/program files/microchip/xc32/v4.00/bin/bin/../../lib/gcc/pic32c/8.3.1/../../../../pic32c/lib/thumb/v7e-m+dp/hard\libg-musl.a(fputs.o)
 .debug_aranges
                0x00000c20       0x20 c:/program files/microchip/xc32/v4.00/bin/bin/../../lib/gcc/pic32c/8.3.1/../../../../pic32c/lib/thumb/v7e-m+dp/hard\libg-musl.a(__stdio_read.o)
 .debug_aranges
                0x00000c40       0x20 c:/program files/microchip/xc32/v4.00/bin/bin/../../lib/gcc/pic32c/8.3.1/../../../../pic32c/lib/thumb/v7e-m+dp/hard\libg-musl.a(__towrite_rw.o)
 .debug_aranges
                0x00000c60       0x28 c:/program files/microchip/xc32/v4.00/bin/bin/../../lib/gcc/pic32c/8.3.1/../../../../pic32c/lib/thumb/v7e-m+dp/hard\libg-musl.a(fwrite.o)
 .debug_aranges
                0x00000c88       0x30 c:/program files/microchip/xc32/v4.00/bin/bin/../../lib/gcc/pic32c/8.3.1/../../../../pic32c/lib/thumb/v7e-m+dp/hard\libg-musl.a(putc.o)
 .debug_aranges
                0x00000cb8       0x28 c:/program files/microchip/xc32/v4.00/bin/bin/../../lib/gcc/pic32c/8.3.1/../../../../pic32c/lib/thumb/v7e-m+dp/hard\libg-musl.a(setvbuf.o)
 .debug_aranges
                0x00000ce0       0x28 c:/program files/microchip/xc32/v4.00/bin/bin/../../lib/gcc/pic32c/8.3.1/../../../../pic32c/lib/thumb/v7e-m+dp/hard\libg-musl.a(vfprintf.o)
 .debug_aranges
                0x00000d08       0x20 c:/program files/microchip/xc32/v4.00/bin/bin/../../lib/gcc/pic32c/8.3.1/../../../../pic32c/lib/thumb/v7e-m+dp/hard\libg-musl.a(strlen.o)
 .debug_aranges
                0x00000d28       0x20 c:/program files/microchip/xc32/v4.00/bin/bin/../../lib/gcc/pic32c/8.3.1/../../../../pic32c/lib/thumb/v7e-m+dp/hard\libg-musl.a(readv.o)
 .debug_aranges
                0x00000d48       0x70 c:/program files/microchip/xc32/v4.00/bin/bin/../../lib/gcc/pic32c/8.3.1/../../../../pic32c/lib/thumb/v7e-m+dp/hard\libg-musl.a(malloc.o)
 .debug_aranges
                0x00000db8       0x20 c:/program files/microchip/xc32/v4.00/bin/bin/../../lib/gcc/pic32c/8.3.1/../../../../pic32c/lib/thumb/v7e-m+dp/hard\libg-musl.a(expand_heap.o)
 .debug_aranges
                0x00000dd8       0x28 c:/program files/microchip/xc32/v4.00/bin/bin/../../lib/gcc/pic32c/8.3.1/../../../../pic32c/lib/thumb/v7e-m+dp/hard\libg-musl.a(__init_stdio.o)
 .debug_aranges
                0x00000e00       0x28 c:/program files/microchip/xc32/v4.00/bin/bin/../../lib/gcc/pic32c/8.3.1/../../../../pic32c/lib/thumb/v7e-m+dp/hard\libg-musl.a(__out.o)
 .debug_aranges
                0x00000e28       0x50 c:/program files/microchip/xc32/v4.00/bin/bin/../../lib/gcc/pic32c/8.3.1/../../../../pic32c/lib/thumb/v7e-m+dp/hard\libg-musl.a(__printf_core.o)
 .debug_aranges
                0x00000e78       0x20 c:/program files/microchip/xc32/v4.00/bin/bin/../../lib/gcc/pic32c/8.3.1/../../../../pic32c/lib/thumb/v7e-m+dp/hard\libg-musl.a(__putc.o)
 .debug_aranges
                0x00000e98       0x30 c:/program files/microchip/xc32/v4.00/bin/bin/../../lib/gcc/pic32c/8.3.1/../../../../pic32c/lib/thumb/v7e-m+dp/hard\libg-musl.a(__stderr.o)
 .debug_aranges
                0x00000ec8       0x28 c:/program files/microchip/xc32/v4.00/bin/bin/../../lib/gcc/pic32c/8.3.1/../../../../pic32c/lib/thumb/v7e-m+dp/hard\libg-musl.a(__stdio_close.o)
 .debug_aranges
                0x00000ef0       0x28 c:/program files/microchip/xc32/v4.00/bin/bin/../../lib/gcc/pic32c/8.3.1/../../../../pic32c/lib/thumb/v7e-m+dp/hard\libg-musl.a(__stdio_write.o)
 .debug_aranges
                0x00000f18       0x30 c:/program files/microchip/xc32/v4.00/bin/bin/../../lib/gcc/pic32c/8.3.1/../../../../pic32c/lib/thumb/v7e-m+dp/hard\libg-musl.a(__stdout.o)
 .debug_aranges
                0x00000f48       0x28 c:/program files/microchip/xc32/v4.00/bin/bin/../../lib/gcc/pic32c/8.3.1/../../../../pic32c/lib/thumb/v7e-m+dp/hard\libg-musl.a(__towrite.o)
 .debug_aranges
                0x00000f70       0x20 c:/program files/microchip/xc32/v4.00/bin/bin/../../lib/gcc/pic32c/8.3.1/../../../../pic32c/lib/thumb/v7e-m+dp/hard\libg-musl.a(atoi.o)
 .debug_aranges
                0x00000f90       0x20 c:/program files/microchip/xc32/v4.00/bin/bin/../../lib/gcc/pic32c/8.3.1/../../../../pic32c/lib/thumb/v7e-m+dp/hard\libg-musl.a(read.o)
 .debug_aranges
                0x00000fb0       0x20 c:/program files/microchip/xc32/v4.00/bin/bin/../../lib/gcc/pic32c/8.3.1/../../../../pic32c/lib/thumb/v7e-m+dp/hard\libg-musl.a(writev.o)
 .debug_aranges
                0x00000fd0       0x28 c:/program files/microchip/xc32/v4.00/bin/bin/../../lib/gcc/pic32c/8.3.1/../../../../pic32c/lib/thumb/v7e-m+dp/hard\libg-musl.a(tolower.o)
 .debug_aranges
                0x00000ff8       0x18 c:/program files/microchip/xc32/v4.00/bin/bin/../../lib/gcc/pic32c/8.3.1/../../../../pic32c/lib/thumb/v7e-m+dp/hard\libg-musl.a(__errno_location.o)
 .debug_aranges
                0x00001010       0x20 c:/program files/microchip/xc32/v4.00/bin/bin/../../lib/gcc/pic32c/8.3.1/../../../../pic32c/lib/thumb/v7e-m+dp/hard\libg-musl.a(syscall_ret.o)
 .debug_aranges
                0x00001030       0x20 c:/program files/microchip/xc32/v4.00/bin/bin/../../lib/gcc/pic32c/8.3.1/../../../../pic32c/lib/thumb/v7e-m+dp/hard\libg-musl.a(__overflow.o)
 .debug_aranges
                0x00001050       0x20 c:/program files/microchip/xc32/v4.00/bin/bin/../../lib/gcc/pic32c/8.3.1/../../../../pic32c/lib/thumb/v7e-m+dp/hard\libg-musl.a(__fmt_a.o)
 .debug_aranges
                0x00001070       0x20 c:/program files/microchip/xc32/v4.00/bin/bin/../../lib/gcc/pic32c/8.3.1/../../../../pic32c/lib/thumb/v7e-m+dp/hard\libg-musl.a(__fmt_d.o)
 .debug_aranges
                0x00001090       0x20 c:/program files/microchip/xc32/v4.00/bin/bin/../../lib/gcc/pic32c/8.3.1/../../../../pic32c/lib/thumb/v7e-m+dp/hard\libg-musl.a(__fmt_fp.o)
 .debug_aranges
                0x000010b0       0x20 c:/program files/microchip/xc32/v4.00/bin/bin/../../lib/gcc/pic32c/8.3.1/../../../../pic32c/lib/thumb/v7e-m+dp/hard\libg-musl.a(__fmt_o.o)
 .debug_aranges
                0x000010d0       0x20 c:/program files/microchip/xc32/v4.00/bin/bin/../../lib/gcc/pic32c/8.3.1/../../../../pic32c/lib/thumb/v7e-m+dp/hard\libg-musl.a(__fmt_s.o)
 .debug_aranges
                0x000010f0       0x28 c:/program files/microchip/xc32/v4.00/bin/bin/../../lib/gcc/pic32c/8.3.1/../../../../pic32c/lib/thumb/v7e-m+dp/hard\libg-musl.a(__fmt_u.o)
 .debug_aranges
                0x00001118       0x20 c:/program files/microchip/xc32/v4.00/bin/bin/../../lib/gcc/pic32c/8.3.1/../../../../pic32c/lib/thumb/v7e-m+dp/hard\libg-musl.a(__fmt_x.o)
 .debug_aranges
                0x00001138       0x28 c:/program files/microchip/xc32/v4.00/bin/bin/../../lib/gcc/pic32c/8.3.1/../../../../pic32c/lib/thumb/v7e-m+dp/hard\libg-musl.a(__fwrite.o)
 .debug_aranges
                0x00001160       0x20 c:/program files/microchip/xc32/v4.00/bin/bin/../../lib/gcc/pic32c/8.3.1/../../../../pic32c/lib/thumb/v7e-m+dp/hard\libg-musl.a(__pop_float.o)
 .debug_aranges
                0x00001180       0x20 c:/program files/microchip/xc32/v4.00/bin/bin/../../lib/gcc/pic32c/8.3.1/../../../../pic32c/lib/thumb/v7e-m+dp/hard\libg-musl.a(__pop_int.o)
 .debug_aranges
                0x000011a0       0x20 c:/program files/microchip/xc32/v4.00/bin/bin/../../lib/gcc/pic32c/8.3.1/../../../../pic32c/lib/thumb/v7e-m+dp/hard\libg-musl.a(__pop_ptr.o)
 .debug_aranges
                0x000011c0       0x20 c:/program files/microchip/xc32/v4.00/bin/bin/../../lib/gcc/pic32c/8.3.1/../../../../pic32c/lib/thumb/v7e-m+dp/hard\libg-musl.a(strcpy.o)
 .debug_aranges
                0x000011e0       0x28 c:/program files/microchip/xc32/v4.00/bin/bin/../../lib/gcc/pic32c/8.3.1/../../../../pic32c/lib/thumb/v7e-m+dp/hard\libg-musl.a(toupper.o)
 .debug_aranges
                0x00001208       0x20 c:/program files/microchip/xc32/v4.00/bin/bin/../../lib/gcc/pic32c/8.3.1/../../../../pic32c/lib/thumb/v7e-m+dp/hard\libg-musl.a(stpcpy.o)
 .debug_aranges
                0x00001228       0x20 c:/program files/microchip/xc32/v4.00/bin/bin/../../lib/gcc/pic32c/8.3.1/thumb/v7e-m+dp/hard\libgcc.a(_aeabi_uldivmod.o)
 .debug_aranges
                0x00001248       0x20 c:/program files/microchip/xc32/v4.00/bin/bin/../../lib/gcc/pic32c/8.3.1/thumb/v7e-m+dp/hard\libgcc.a(_udivmoddi4.o)
 .debug_aranges
                0x00001268       0x20 c:/program files/microchip/xc32/v4.00/bin/bin/../../lib/gcc/pic32c/8.3.1/thumb/v7e-m+dp/hard\libgcc.a(_dvmd_tls.o)
 .debug_aranges
                0x00001288       0x20 c:/program files/microchip/xc32/v4.00/bin/bin/../../lib/gcc/pic32c/8.3.1/../../../../pic32c/lib/thumb/v7e-m+dp/hard\libpic32c.a(close.o)
 .debug_aranges
                0x000012a8       0x20 c:/program files/microchip/xc32/v4.00/bin/bin/../../lib/gcc/pic32c/8.3.1/../../../../pic32c/lib/thumb/v7e-m+dp/hard\libpic32c.a(lseek.o)
 .debug_aranges
                0x000012c8       0x20 c:/program files/microchip/xc32/v4.00/bin/bin/../../lib/gcc/pic32c/8.3.1/../../../../pic32c/lib/thumb/v7e-m+dp/hard\libpic32c.a(sbrk.o)
 .debug_aranges
                0x000012e8       0x20 c:/program files/microchip/xc32/v4.00/bin/bin/../../lib/gcc/pic32c/8.3.1/../../../../pic32c/lib/thumb/v7e-m+dp/hard\libpic32c.a(write.o)

.debug_ranges   0x00000000     0x1218
 .debug_ranges  0x00000000       0xb0 build/DevBoard/debug/_ext/1164684806/drv_bm71.o
 .debug_ranges  0x000000b0       0x50 build/DevBoard/debug/_ext/1164684806/drv_bm71_ble.o
 .debug_ranges  0x00000100       0x28 build/DevBoard/debug/_ext/1164684806/drv_bm71_command_decode.o
 .debug_ranges  0x00000128       0x70 build/DevBoard/debug/_ext/1164684806/drv_bm71_command_send.o
 .debug_ranges  0x00000198       0x28 build/DevBoard/debug/_ext/1164684806/drv_bm71_gpio.o
 .debug_ranges  0x000001c0       0x38 build/DevBoard/debug/_ext/1164684806/drv_bm71_uart.o
 .debug_ranges  0x000001f8       0x10 build/DevBoard/debug/_ext/975527002/plib_clk.o
 .debug_ranges  0x00000208       0x90 build/DevBoard/debug/_ext/975528730/plib_efc.o
 .debug_ranges  0x00000298       0x28 build/DevBoard/debug/_ext/176903338/plib_nvic.o
 .debug_ranges  0x000002c0       0x78 build/DevBoard/debug/_ext/975539406/plib_pio.o
 .debug_ranges  0x00000338      0x128 build/DevBoard/debug/_ext/975541657/plib_rtc.o
 .debug_ranges  0x00000460       0x60 build/DevBoard/debug/_ext/975541674/plib_rtt.o
 .debug_ranges  0x000004c0       0x38 build/DevBoard/debug/_ext/177051549/plib_supc.o
 .debug_ranges  0x000004f8       0x58 build/DevBoard/debug/_ext/522720201/plib_tc0.o
 .debug_ranges  0x00000550       0x60 build/DevBoard/debug/_ext/29817896/plib_twihs0_master.o
 .debug_ranges  0x000005b0       0x60 build/DevBoard/debug/_ext/1195404349/plib_usart1.o
 .debug_ranges  0x00000610       0x78 build/DevBoard/debug/_ext/1195404349/plib_usart0.o
 .debug_ranges  0x00000688       0x18 build/DevBoard/debug/_ext/1583257634/xc32_monitor.o
 .debug_ranges  0x000006a0       0x48 build/DevBoard/debug/_ext/1497937361/sys_int.o
 .debug_ranges  0x000006e8      0x180 build/DevBoard/debug/_ext/1790450025/sys_time.o
 .debug_ranges  0x00000868       0x10 build/DevBoard/debug/_ext/1844592860/initialization.o
 .debug_ranges  0x00000878       0x10 build/DevBoard/debug/_ext/1844592860/interrupts.o
 .debug_ranges  0x00000888       0x38 build/DevBoard/debug/_ext/1844592860/exceptions.o
 .debug_ranges  0x000008c0       0x48 build/DevBoard/debug/_ext/1844592860/startup_xc32.o
 .debug_ranges  0x00000908       0x10 build/DevBoard/debug/_ext/1844592860/tasks.o
 .debug_ranges  0x00000918      0x168 build/DevBoard/debug/_ext/1844592860/MAX30102.o
 .debug_ranges  0x00000a80       0x58 build/DevBoard/debug/_ext/1360937237/main.o
 .debug_ranges  0x00000ad8       0x28 build/DevBoard/debug/_ext/1360937237/app.o
 .debug_ranges  0x00000b00       0x10 c:/program files/microchip/xc32/v4.00/bin/bin/../../lib/gcc/pic32c/8.3.1/../../../../pic32c/lib/thumb/v7e-m+dp/hard\libpic32c.a(data_init.o)
 .debug_ranges  0x00000b10       0x40 c:/program files/microchip/xc32/v4.00/bin/bin/../../lib/gcc/pic32c/8.3.1/../../../../pic32c/lib/thumb/v7e-m+dp/hard\libg-musl.a(__libc_start_main.o)
 .debug_ranges  0x00000b50       0x18 c:/program files/microchip/xc32/v4.00/bin/bin/../../lib/gcc/pic32c/8.3.1/../../../../pic32c/lib/thumb/v7e-m+dp/hard\libg-musl.a(stdin.o)
 .debug_ranges  0x00000b68       0x20 c:/program files/microchip/xc32/v4.00/bin/bin/../../lib/gcc/pic32c/8.3.1/../../../../pic32c/lib/thumb/v7e-m+dp/hard\libg-musl.a(stdout.o)
 .debug_ranges  0x00000b88       0x10 c:/program files/microchip/xc32/v4.00/bin/bin/../../lib/gcc/pic32c/8.3.1/../../../../pic32c/lib/thumb/v7e-m+dp/hard\libg-musl.a(printf.o)
 .debug_ranges  0x00000b98       0x10 c:/program files/microchip/xc32/v4.00/bin/bin/../../lib/gcc/pic32c/8.3.1/../../../../pic32c/lib/thumb/v7e-m+dp/hard\libg-musl.a(puts.o)
 .debug_ranges  0x00000ba8       0x10 c:/program files/microchip/xc32/v4.00/bin/bin/../../lib/gcc/pic32c/8.3.1/../../../../pic32c/lib/thumb/v7e-m+dp/hard\libg-musl.a(setbuf.o)
 .debug_ranges  0x00000bb8       0x10 c:/program files/microchip/xc32/v4.00/bin/bin/../../lib/gcc/pic32c/8.3.1/../../../../pic32c/lib/thumb/v7e-m+dp/hard\libg-musl.a(memcpy.o)
 .debug_ranges  0x00000bc8       0x10 c:/program files/microchip/xc32/v4.00/bin/bin/../../lib/gcc/pic32c/8.3.1/../../../../pic32c/lib/thumb/v7e-m+dp/hard\libg-musl.a(memset.o)
 .debug_ranges  0x00000bd8       0x10 c:/program files/microchip/xc32/v4.00/bin/bin/../../lib/gcc/pic32c/8.3.1/../../../../pic32c/lib/thumb/v7e-m+dp/hard\libg-musl.a(fputs.o)
 .debug_ranges  0x00000be8       0x10 c:/program files/microchip/xc32/v4.00/bin/bin/../../lib/gcc/pic32c/8.3.1/../../../../pic32c/lib/thumb/v7e-m+dp/hard\libg-musl.a(__stdio_read.o)
 .debug_ranges  0x00000bf8       0x10 c:/program files/microchip/xc32/v4.00/bin/bin/../../lib/gcc/pic32c/8.3.1/../../../../pic32c/lib/thumb/v7e-m+dp/hard\libg-musl.a(__towrite_rw.o)
 .debug_ranges  0x00000c08       0x18 c:/program files/microchip/xc32/v4.00/bin/bin/../../lib/gcc/pic32c/8.3.1/../../../../pic32c/lib/thumb/v7e-m+dp/hard\libg-musl.a(fwrite.o)
 .debug_ranges  0x00000c20       0x20 c:/program files/microchip/xc32/v4.00/bin/bin/../../lib/gcc/pic32c/8.3.1/../../../../pic32c/lib/thumb/v7e-m+dp/hard\libg-musl.a(putc.o)
 .debug_ranges  0x00000c40       0x18 c:/program files/microchip/xc32/v4.00/bin/bin/../../lib/gcc/pic32c/8.3.1/../../../../pic32c/lib/thumb/v7e-m+dp/hard\libg-musl.a(setvbuf.o)
 .debug_ranges  0x00000c58       0x18 c:/program files/microchip/xc32/v4.00/bin/bin/../../lib/gcc/pic32c/8.3.1/../../../../pic32c/lib/thumb/v7e-m+dp/hard\libg-musl.a(vfprintf.o)
 .debug_ranges  0x00000c70       0x10 c:/program files/microchip/xc32/v4.00/bin/bin/../../lib/gcc/pic32c/8.3.1/../../../../pic32c/lib/thumb/v7e-m+dp/hard\libg-musl.a(strlen.o)
 .debug_ranges  0x00000c80       0x10 c:/program files/microchip/xc32/v4.00/bin/bin/../../lib/gcc/pic32c/8.3.1/../../../../pic32c/lib/thumb/v7e-m+dp/hard\libg-musl.a(readv.o)
 .debug_ranges  0x00000c90      0x1a0 c:/program files/microchip/xc32/v4.00/bin/bin/../../lib/gcc/pic32c/8.3.1/../../../../pic32c/lib/thumb/v7e-m+dp/hard\libg-musl.a(malloc.o)
 .debug_ranges  0x00000e30       0x10 c:/program files/microchip/xc32/v4.00/bin/bin/../../lib/gcc/pic32c/8.3.1/../../../../pic32c/lib/thumb/v7e-m+dp/hard\libg-musl.a(expand_heap.o)
 .debug_ranges  0x00000e40       0x18 c:/program files/microchip/xc32/v4.00/bin/bin/../../lib/gcc/pic32c/8.3.1/../../../../pic32c/lib/thumb/v7e-m+dp/hard\libg-musl.a(__init_stdio.o)
 .debug_ranges  0x00000e58       0x18 c:/program files/microchip/xc32/v4.00/bin/bin/../../lib/gcc/pic32c/8.3.1/../../../../pic32c/lib/thumb/v7e-m+dp/hard\libg-musl.a(__out.o)
 .debug_ranges  0x00000e70       0x68 c:/program files/microchip/xc32/v4.00/bin/bin/../../lib/gcc/pic32c/8.3.1/../../../../pic32c/lib/thumb/v7e-m+dp/hard\libg-musl.a(__printf_core.o)
 .debug_ranges  0x00000ed8       0x10 c:/program files/microchip/xc32/v4.00/bin/bin/../../lib/gcc/pic32c/8.3.1/../../../../pic32c/lib/thumb/v7e-m+dp/hard\libg-musl.a(__putc.o)
 .debug_ranges  0x00000ee8       0x20 c:/program files/microchip/xc32/v4.00/bin/bin/../../lib/gcc/pic32c/8.3.1/../../../../pic32c/lib/thumb/v7e-m+dp/hard\libg-musl.a(__stderr.o)
 .debug_ranges  0x00000f08       0x18 c:/program files/microchip/xc32/v4.00/bin/bin/../../lib/gcc/pic32c/8.3.1/../../../../pic32c/lib/thumb/v7e-m+dp/hard\libg-musl.a(__stdio_close.o)