Archive member included to satisfy reference by file (symbol)

c:/program files/microchip/xc32/v4.00/bin/bin/../../lib/gcc/pic32c/8.3.1/../../../../pic32c/lib/thumb/v7e-m+dp/hard\libpic32c.a(data_init.o)
                              build/DevBoard/production/_ext/1844592860/startup_xc32.o (__pic32c_data_initialization)
c:/program files/microchip/xc32/v4.00/bin/bin/../../lib/gcc/pic32c/8.3.1/../../../../pic32c/lib/thumb/v7e-m+dp/hard\libc-musl.a(__libc_start_main.o)
                              build/DevBoard/production/_ext/1844592860/startup_xc32.o (__libc_init_array)
c:/program files/microchip/xc32/v4.00/bin/bin/../../lib/gcc/pic32c/8.3.1/../../../../pic32c/lib/thumb/v7e-m+dp/hard\libc-musl.a(libc.o)
                              c:/program files/microchip/xc32/v4.00/bin/bin/../../lib/gcc/pic32c/8.3.1/../../../../pic32c/lib/thumb/v7e-m+dp/hard\libc-musl.a(__libc_start_main.o) (__progname_full)
c:/program files/microchip/xc32/v4.00/bin/bin/../../lib/gcc/pic32c/8.3.1/../../../../pic32c/lib/thumb/v7e-m+dp/hard\libc-musl.a(stdin.o)
                              build/DevBoard/production/_ext/1844592860/initialization.o (_stdin)
c:/program files/microchip/xc32/v4.00/bin/bin/../../lib/gcc/pic32c/8.3.1/../../../../pic32c/lib/thumb/v7e-m+dp/hard\libc-musl.a(stdout.o)
                              build/DevBoard/production/_ext/1844592860/initialization.o (_stdout)
c:/program files/microchip/xc32/v4.00/bin/bin/../../lib/gcc/pic32c/8.3.1/../../../../pic32c/lib/thumb/v7e-m+dp/hard\libc-musl.a(printf.o)
                              build/DevBoard/production/_ext/1164684806/drv_bm71.o (printf)
c:/program files/microchip/xc32/v4.00/bin/bin/../../lib/gcc/pic32c/8.3.1/../../../../pic32c/lib/thumb/v7e-m+dp/hard\libc-musl.a(puts.o)
                              build/DevBoard/production/_ext/1164684806/drv_bm71_command_decode.o (puts)
c:/program files/microchip/xc32/v4.00/bin/bin/../../lib/gcc/pic32c/8.3.1/../../../../pic32c/lib/thumb/v7e-m+dp/hard\libc-musl.a(setbuf.o)
                              build/DevBoard/production/_ext/1844592860/initialization.o (setbuf)
c:/program files/microchip/xc32/v4.00/bin/bin/../../lib/gcc/pic32c/8.3.1/../../../../pic32c/lib/thumb/v7e-m+dp/hard\libc-musl.a(memcpy.o)
                              build/DevBoard/production/_ext/975528730/plib_efc.o (memcpy)
c:/program files/microchip/xc32/v4.00/bin/bin/../../lib/gcc/pic32c/8.3.1/../../../../pic32c/lib/thumb/v7e-m+dp/hard\libc-musl.a(memset.o)
                              build/DevBoard/production/_ext/1790450025/sys_time.o (memset)
c:/program files/microchip/xc32/v4.00/bin/bin/../../lib/gcc/pic32c/8.3.1/../../../../pic32c/lib/thumb/v7e-m+dp/hard\libc-musl.a(__environ.o)
                              c:/program files/microchip/xc32/v4.00/bin/bin/../../lib/gcc/pic32c/8.3.1/../../../../pic32c/lib/thumb/v7e-m+dp/hard\libc-musl.a(__libc_start_main.o) (__environ)
c:/program files/microchip/xc32/v4.00/bin/bin/../../lib/gcc/pic32c/8.3.1/../../../../pic32c/lib/thumb/v7e-m+dp/hard\libc-musl.a(fputs.o)
                              c:/program files/microchip/xc32/v4.00/bin/bin/../../lib/gcc/pic32c/8.3.1/../../../../pic32c/lib/thumb/v7e-m+dp/hard\libc-musl.a(puts.o) (fputs)
c:/program files/microchip/xc32/v4.00/bin/bin/../../lib/gcc/pic32c/8.3.1/../../../../pic32c/lib/thumb/v7e-m+dp/hard\libc-musl.a(__io_init_needed.o)
                              c:/program files/microchip/xc32/v4.00/bin/bin/../../lib/gcc/pic32c/8.3.1/../../../../pic32c/lib/thumb/v7e-m+dp/hard\libc-musl.a(stdout.o) (__io_init_needed)
c:/program files/microchip/xc32/v4.00/bin/bin/../../lib/gcc/pic32c/8.3.1/../../../../pic32c/lib/thumb/v7e-m+dp/hard\libc-musl.a(__io_rw_needed.o)
                              c:/program files/microchip/xc32/v4.00/bin/bin/../../lib/gcc/pic32c/8.3.1/../../../../pic32c/lib/thumb/v7e-m+dp/hard\libc-musl.a(stdin.o) (__io_rw_needed)
c:/program files/microchip/xc32/v4.00/bin/bin/../../lib/gcc/pic32c/8.3.1/../../../../pic32c/lib/thumb/v7e-m+dp/hard\libc-musl.a(__stdio_read.o)
                              c:/program files/microchip/xc32/v4.00/bin/bin/../../lib/gcc/pic32c/8.3.1/../../../../pic32c/lib/thumb/v7e-m+dp/hard\libc-musl.a(stdin.o) (__stdio_read)
c:/program files/microchip/xc32/v4.00/bin/bin/../../lib/gcc/pic32c/8.3.1/../../../../pic32c/lib/thumb/v7e-m+dp/hard\libc-musl.a(__towrite_rw.o)
                              c:/program files/microchip/xc32/v4.00/bin/bin/../../lib/gcc/pic32c/8.3.1/../../../../pic32c/lib/thumb/v7e-m+dp/hard\libc-musl.a(__io_rw_needed.o) (__towrite_rw_needed)
c:/program files/microchip/xc32/v4.00/bin/bin/../../lib/gcc/pic32c/8.3.1/../../../../pic32c/lib/thumb/v7e-m+dp/hard\libc-musl.a(fwrite.o)
                              c:/program files/microchip/xc32/v4.00/bin/bin/../../lib/gcc/pic32c/8.3.1/../../../../pic32c/lib/thumb/v7e-m+dp/hard\libc-musl.a(fputs.o) (fwrite)
c:/program files/microchip/xc32/v4.00/bin/bin/../../lib/gcc/pic32c/8.3.1/../../../../pic32c/lib/thumb/v7e-m+dp/hard\libc-musl.a(putc.o)
[...]
Memory Configuration

Name             Origin             Length             Attributes
rom              0x00400000         0x00200000         xrl
ram              0x20400000         0x00060000         xw !r
itcm             0x00000000         0x00000000         xw
dtcm             0x20000000         0x00000000         xw !r
config_D0000000  0xd0000000         0x00000004
config_D0000008  0xd0000008         0x00000004
config_D0000004  0xd0000004         0x00000004
config_D000000C  0xd000000c         0x00000004
config_D0000010  0xd0000010         0x00000004
*default*        0x00000000         0xffffffff

Linker script and memory map

LOAD c:/program files/microchip/xc32/v4.00/bin/bin/../../lib/gcc/pic32c/8.3.1/thumb/v7e-m+dp/hard/crti.o
LOAD c:/program files/microchip/xc32/v4.00/bin/bin/../../lib/gcc/pic32c/8.3.1/thumb/v7e-m+dp/hard/crtbegin.o
LOAD build/DevBoard/production/_ext/1164684806/drv_bm71.o
LOAD build/DevBoard/production/_ext/1164684806/drv_bm71_ble.o
LOAD build/DevBoard/production/_ext/1164684806/drv_bm71_command_decode.o
LOAD build/DevBoard/production/_ext/1164684806/drv_bm71_command_send.o
LOAD build/DevBoard/production/_ext/1164684806/drv_bm71_gpio.o
LOAD build/DevBoard/production/_ext/1164684806/drv_bm71_uart.o
LOAD build/DevBoard/production/_ext/975527002/plib_clk.o
LOAD build/DevBoard/production/_ext/975528730/plib_efc.o
LOAD build/DevBoard/production/_ext/176903338/plib_nvic.o
LOAD build/DevBoard/production/_ext/975539406/plib_pio.o
LOAD build/DevBoard/production/_ext/975541657/plib_rtc.o
LOAD build/DevBoard/production/_ext/975541674/plib_rtt.o
LOAD build/DevBoard/production/_ext/177051549/plib_supc.o
LOAD build/DevBoard/production/_ext/522720201/plib_tc0.o
LOAD build/DevBoard/production/_ext/29817896/plib_twihs0_master.o
LOAD build/DevBoard/production/_ext/1195404349/plib_usart1.o
LOAD build/DevBoard/production/_ext/1195404349/plib_usart0.o
LOAD build/DevBoard/production/_ext/1583257634/xc32_monitor.o
LOAD build/DevBoard/production/_ext/1973979987/sys_cache.o
LOAD build/DevBoard/production/_ext/1497937361/sys_int.o
LOAD build/DevBoard/production/_ext/1790450025/sys_time.o
LOAD build/DevBoard/production/_ext/1844592860/initialization.o
LOAD build/DevBoard/production/_ext/1844592860/interrupts.o
LOAD build/DevBoard/production/_ext/1844592860/exceptions.o
LOAD build/DevBoard/production/_ext/1844592860/startup_xc32.o
LOAD build/DevBoard/production/_ext/1844592860/libc_syscalls.o
LOAD build/DevBoard/production/_ext/1844592860/tasks.o
LOAD build/DevBoard/production/_ext/1360937237/main.o
LOAD build/DevBoard/production/_ext/1360937237/app.o
LOAD build/DevBoard/production/_ext/1844592860/MAX30102.o
                0x00000001                __MPLAB_BUILD = 0x1
                0x00600000                __rom_end = (ORIGIN (rom) + LENGTH (rom))
                0x20460000                __ram_end = (ORIGIN (ram) + LENGTH (ram))

.config_D0000000
 *(.config_D0000000)

.config_D0000008
 *(.config_D0000008)

.config_D0000004
 *(.config_D0000004)

.config_D000000C
 *(.config_D000000C)

.config_D0000010
 *(.config_D0000010)

.vectors        0x00400000      0x168
                0x00400000                . = ALIGN (0x4)
                0x00400000                _sfixed = .
 *(.vectors .vectors.* .vectors_default .vectors_default.*)
 .vectors.exception_table
                0x00400000      0x168 build/DevBoard/production/_ext/1844592860/interrupts.o
                0x00400000                exception_table
 *(.isr_vector)
 *(.reset*)
 *(.after_vectors)

.text           0x00400168       0x20
                0x00400168                . = ALIGN (0x4)
 *(.glue_7t)
 .glue_7t       0x00400168        0x0 linker stubs
 *(.glue_7)
 .glue_7        0x00400168        0x0 linker stubs
 *(.gnu.linkonce.r.*)
 *(.ARM.extab* .gnu.linkonce.armextab.*)
                0x00400168                . = ALIGN (0x4)
 *(.init)
 .init          0x00400168        0x4 c:/program files/microchip/xc32/v4.00/bin/bin/../../lib/gcc/pic32c/8.3.1/thumb/v7e-m+dp/hard/crti.o
                0x00400168                _init
 .init          0x0040016c        0x8 c:/program files/microchip/xc32/v4.00/bin/bin/../../lib/gcc/pic32c/8.3.1/thumb/v7e-m+dp/hard/crtn.o
                0x00400174                . = ALIGN (0x4)
                0x00400174                __preinit_array_start = .
 *(.preinit_array)
                0x00400174                __preinit_array_end = .
                0x00400174                . = ALIGN (0x4)
                0x00400174                __init_array_start = .
 *(SORT_BY_NAME(.init_array.*))
 *(.init_array)
 .init_array    0x00400174        0x4 c:/program files/microchip/xc32/v4.00/bin/bin/../../lib/gcc/pic32c/8.3.1/thumb/v7e-m+dp/hard/crtbegin.o
                0x00400178                __init_array_end = .
                0x00400178                . = ALIGN (0x4)
 *crtbegin.o(.ctors)
 *(EXCLUDE_FILE(*crtend.o) .ctors)
 *(SORT_BY_NAME(.ctors.*))
 *crtend.o(.ctors)
                0x00400178                . = ALIGN (0x4)
 *(.fini)
 .fini          0x00400178        0x4 c:/program files/microchip/xc32/v4.00/bin/bin/../../lib/gcc/pic32c/8.3.1/thumb/v7e-m+dp/hard/crti.o
                0x00400178                _fini
 .fini          0x0040017c        0x8 c:/program files/microchip/xc32/v4.00/bin/bin/../../lib/gcc/pic32c/8.3.1/thumb/v7e-m+dp/hard/crtn.o
                0x00400184                . = ALIGN (0x4)
                0x00400184                __fini_array_start = .
 *(.fini_array)
 .fini_array    0x00400184        0x4 c:/program files/microchip/xc32/v4.00/bin/bin/../../lib/gcc/pic32c/8.3.1/thumb/v7e-m+dp/hard/crtbegin.o
 *(SORT_BY_NAME(.fini_array.*))
                0x00400188                __fini_array_end = .
 *crtbegin.o(.dtors)
 *(EXCLUDE_FILE(*crtend.o) .dtors)
 *(SORT_BY_NAME(.dtors.*))
 *crtend.o(.dtors)
                0x00400188                . = ALIGN (0x4)
                0x00400188                _efixed = .
                [!provide]                PROVIDE (__exidx_start = .)

.ARM.exidx      0x00400188        0x8
 *(.ARM.exidx* .gnu.linkonce.armexidx.*)
 .ARM.exidx     0x00400188        0x8 c:/program files/microchip/xc32/v4.00/bin/bin/../../lib/gcc/pic32c/8.3.1/thumb/v7e-m+dp/hard\libgcc.a(_udivmoddi4.o)
                [!provide]                PROVIDE (__exidx_end = .)
                0x00400190                . = ALIGN (0x4)
                0x00400190                _etext = .

.bss            0x20400000        0x0
                0x20400000                . = ALIGN (0x4)
                0x20400000                __bss_start__ = .
                0x20400000                _sbss = .
                0x20400000                _szero = .
 *(COMMON)
                0x20400000                . = ALIGN (0x4)
                0x20400000                __bss_end__ = .
                0x20400000                _ebss = .
                0x20400000                _ezero = .
                0x20400000                . = ALIGN (0x4)
                0x20400000                _end = .
                0x2045ffff                _ram_end_ = ((ORIGIN (ram) + LENGTH (ram)) - 0x1)
                0x00000200                _min_heap_size = 0x200
START GROUP
LOAD c:/program files/microchip/xc32/v4.00/bin/bin/../../lib/gcc/pic32c/8.3.1/../../../../pic32c/lib/thumb/v7e-m+dp/hard\libpic32c.a
LOAD c:/program files/microchip/xc32/v4.00/bin/bin/../../lib/gcc/pic32c/8.3.1/../../../../pic32c/lib/thumb/v7e-m+dp/hard\libm-emfloat.a
LOAD c:/program files/microchip/xc32/v4.00/bin/bin/../../lib/gcc/pic32c/8.3.1/../../../../pic32c/lib/thumb/v7e-m+dp/hard\libc-musl.a
LOAD c:/program files/microchip/xc32/v4.00/bin/bin/../../lib/gcc/pic32c/8.3.1/../../../../pic32c/lib/thumb/v7e-m+dp/hard\libm-emfloat.a
LOAD c:/program files/microchip/xc32/v4.00/bin/bin/../../lib/gcc/pic32c/8.3.1/thumb/v7e-m+dp/hard\libgcc.a
END GROUP
LOAD c:/program files/microchip/xc32/v4.00/bin/bin/../../lib/gcc/pic32c/8.3.1/thumb/v7e-m+dp/hard/crtend.o
LOAD c:/program files/microchip/xc32/v4.00/bin/bin/../../lib/gcc/pic32c/8.3.1/thumb/v7e-m+dp/hard/crtn.o
OUTPUT(dist/DevBoard/production/HeartByte-Project.X.production.elf elf32-littlearm)
LOAD stack
LOAD data_init

.ARM.attributes
                0x00000000       0x32
 .ARM.attributes
                0x00000000       0x1e c:/program files/microchip/xc32/v4.00/bin/bin/../../lib/gcc/pic32c/8.3.1/thumb/v7e-m+dp/hard/crti.o
 .ARM.attributes
                0x0000001e       0x32 c:/program files/microchip/xc32/v4.00/bin/bin/../../lib/gcc/pic32c/8.3.1/thumb/v7e-m+dp/hard/crtbegin.o
 .ARM.attributes
                0x00000050       0x32 build/DevBoard/production/_ext/1164684806/drv_bm71.o
 .ARM.attributes
                0x00000082       0x32 build/DevBoard/production/_ext/1164684806/drv_bm71_ble.o
 .ARM.attributes
                0x000000b4       0x32 build/DevBoard/production/_ext/1164684806/drv_bm71_command_decode.o
 .ARM.attributes
                0x000000e6       0x32 build/DevBoard/production/_ext/1164684806/drv_bm71_command_send.o
 .ARM.attributes
                0x00000118       0x32 build/DevBoard/production/_ext/1164684806/drv_bm71_gpio.o
 .ARM.attributes
                0x0000014a       0x32 build/DevBoard/production/_ext/1164684806/drv_bm71_uart.o
 .ARM.attributes
                0x0000017c       0x32 build/DevBoard/production/_ext/975527002/plib_clk.o
 .ARM.attributes
                0x000001ae       0x32 build/DevBoard/production/_ext/975528730/plib_efc.o
 .ARM.attributes
                0x000001e0       0x32 build/DevBoard/production/_ext/176903338/plib_nvic.o
 .ARM.attributes
                0x00000212       0x32 build/DevBoard/production/_ext/975539406/plib_pio.o
 .ARM.attributes
                0x00000244       0x32 build/DevBoard/production/_ext/975541657/plib_rtc.o
 .ARM.attributes
                0x00000276       0x32 build/DevBoard/production/_ext/975541674/plib_rtt.o
 .ARM.attributes
                0x000002a8       0x32 build/DevBoard/production/_ext/177051549/plib_supc.o
 .ARM.attributes
                0x000002da       0x32 build/DevBoard/production/_ext/522720201/plib_tc0.o
 .ARM.attributes
                0x0000030c       0x32 build/DevBoard/production/_ext/29817896/plib_twihs0_master.o
 .ARM.attributes
                0x0000033e       0x32 build/DevBoard/production/_ext/1195404349/plib_usart1.o
 .ARM.attributes
                0x00000370       0x32 build/DevBoard/production/_ext/1195404349/plib_usart0.o
 .ARM.attributes
                0x000003a2       0x32 build/DevBoard/production/_ext/1583257634/xc32_monitor.o
 .ARM.attributes
                0x000003d4       0x32 build/DevBoard/production/_ext/1497937361/sys_int.o
 .ARM.attributes
                0x00000406       0x32 build/DevBoard/production/_ext/1790450025/sys_time.o
 .ARM.attributes
                0x00000438       0x32 build/DevBoard/production/_ext/1844592860/initialization.o
 .ARM.attributes
                0x0000046a       0x32 build/DevBoard/production/_ext/1844592860/interrupts.o
 .ARM.attributes
                0x0000049c       0x32 build/DevBoard/production/_ext/1844592860/exceptions.o
 .ARM.attributes
                0x000004ce       0x32 build/DevBoard/production/_ext/1844592860/startup_xc32.o
 .ARM.attributes
                0x00000500       0x32 build/DevBoard/production/_ext/1844592860/tasks.o
 .ARM.attributes
                0x00000532       0x32 build/DevBoard/production/_ext/1360937237/main.o
 .ARM.attributes
                0x00000564       0x32 build/DevBoard/production/_ext/1360937237/app.o
 .ARM.attributes
                0x00000596       0x32 build/DevBoard/production/_ext/1844592860/MAX30102.o
 .ARM.attributes
                0x000005c8       0x32 c:/program files/microchip/xc32/v4.00/bin/bin/../../lib/gcc/pic32c/8.3.1/../../../../pic32c/lib/thumb/v7e-m+dp/hard\libpic32c.a(data_init.o)
 .ARM.attributes
                0x000005fa       0x34 c:/program files/microchip/xc32/v4.00/bin/bin/../../lib/gcc/pic32c/8.3.1/../../../../pic32c/lib/thumb/v7e-m+dp/hard\libc-musl.a(__libc_start_main.o)
 .ARM.attributes
                0x0000062e       0x32 c:/program files/microchip/xc32/v4.00/bin/bin/../../lib/gcc/pic32c/8.3.1/../../../../pic32c/lib/thumb/v7e-m+dp/hard\libc-musl.a(libc.o)
 .ARM.attributes
                0x00000660       0x34 c:/program files/microchip/xc32/v4.00/bin/bin/../../lib/gcc/pic32c/8.3.1/../../../../pic32c/lib/thumb/v7e-m+dp/hard\libc-musl.a(stdin.o)
 .ARM.attributes
                0x00000694       0x34 c:/program files/microchip/xc32/v4.00/bin/bin/../../lib/gcc/pic32c/8.3.1/../../../../pic32c/lib/thumb/v7e-m+dp/hard\libc-musl.a(stdout.o)
 .ARM.attributes
                0x000006c8       0x34 c:/program files/microchip/xc32/v4.00/bin/bin/../../lib/gcc/pic32c/8.3.1/../../../../pic32c/lib/thumb/v7e-m+dp/hard\libc-musl.a(printf.o)
 .ARM.attributes
                0x000006fc       0x34 c:/program files/microchip/xc32/v4.00/bin/bin/../../lib/gcc/pic32c/8.3.1/../../../../pic32c/lib/thumb/v7e-m+dp/hard\libc-musl.a(puts.o)
 .ARM.attributes
                0x00000730       0x34 c:/program files/microchip/xc32/v4.00/bin/bin/../../lib/gcc/pic32c/8.3.1/../../../../pic32c/lib/thumb/v7e-m+dp/hard\libc-musl.a(setbuf.o)
 .ARM.attributes
                0x00000764       0x34 c:/program files/microchip/xc32/v4.00/bin/bin/../../lib/gcc/pic32c/8.3.1/../../../../pic32c/lib/thumb/v7e-m+dp/hard\libc-musl.a(memcpy.o)
 .ARM.attributes
                0x00000798       0x34 c:/program files/microchip/xc32/v4.00/bin/bin/../../lib/gcc/pic32c/8.3.1/../../../../pic32c/lib/thumb/v7e-m+dp/hard\libc-musl.a(memset.o)
 .ARM.attributes
                0x000007cc       0x32 c:/program files/microchip/xc32/v4.00/bin/bin/../../lib/gcc/pic32c/8.3.1/../../../../pic32c/lib/thumb/v7e-m+dp/hard\libc-musl.a(__environ.o)
 .ARM.attributes
                0x000007fe       0x34 c:/program files/microchip/xc32/v4.00/bin/bin/../../lib/gcc/pic32c/8.3.1/../../../../pic32c/lib/thumb/v7e-m+dp/hard\libc-musl.a(fputs.o)
 .ARM.attributes
                0x00000832       0x34 c:/program files/microchip/xc32/v4.00/bin/bin/../../lib/gcc/pic32c/8.3.1/../../../../pic32c/lib/thumb/v7e-m+dp/hard\libc-musl.a(__stdio_read.o)
 .ARM.attributes
                0x00000866       0x34 c:/program files/microchip/xc32/v4.00/bin/bin/../../lib/gcc/pic32c/8.3.1/../../../../pic32c/lib/thumb/v7e-m+dp/hard\libc-musl.a(__towrite_rw.o)
 .ARM.attributes
                0x0000089a       0x34 c:/program files/microchip/xc32/v4.00/bin/bin/../../lib/gcc/pic32c/8.3.1/../../../../pic32c/lib/thumb/v7e-m+dp/hard\libc-musl.a(fwrite.o)
 .ARM.attributes
                0x000008ce       0x34 c:/program files/microchip/xc32/v4.00/bin/bin/../../lib/gcc/pic32c/8.3.1/../../../../pic32c/lib/thumb/v7e-m+dp/hard\libc-musl.a(putc.o)
 .ARM.attributes
                0x00000902       0x34 c:/program files/microchip/xc32/v4.00/bin/bin/../../lib/gcc/pic32c/8.3.1/../../../../pic32c/lib/thumb/v7e-m+dp/hard\libc-musl.a(setvbuf.o)
 .ARM.attributes
                0x00000936       0x34 c:/program files/microchip/xc32/v4.00/bin/bin/../../lib/gcc/pic32c/8.3.1/../../../../pic32c/lib/thumb/v7e-m+dp/hard\libc-musl.a(vfprintf.o)
 .ARM.attributes
                0x0000096a       0x34 c:/program files/microchip/xc32/v4.00/bin/bin/../../lib/gcc/pic32c/8.3.1/../../../../pic32c/lib/thumb/v7e-m+dp/hard\libc-musl.a(strlen.o)
 .ARM.attributes
                0x0000099e       0x34 c:/program files/microchip/xc32/v4.00/bin/bin/../../lib/gcc/pic32c/8.3.1/../../../../pic32c/lib/thumb/v7e-m+dp/hard\libc-musl.a(readv.o)
 .ARM.attributes
                0x000009d2       0x34 c:/program files/microchip/xc32/v4.00/bin/bin/../../lib/gcc/pic32c/8.3.1/../../../../pic32c/lib/thumb/v7e-m+dp/hard\libc-musl.a(malloc.o)
 .ARM.attributes
                0x00000a06       0x34 c:/program files/microchip/xc32/v4.00/bin/bin/../../lib/gcc/pic32c/8.3.1/../../../../pic32c/lib/thumb/v7e-m+dp/hard\libc-musl.a(expand_heap.o)
 .ARM.attributes
                0x00000a3a       0x34 c:/program files/microchip/xc32/v4.00/bin/bin/../../lib/gcc/pic32c/8.3.1/../../../../pic32c/lib/thumb/v7e-m+dp/hard\libc-musl.a(__init_stdio.o)
 .ARM.attributes
                0x00000a6e       0x34 c:/program files/microchip/xc32/v4.00/bin/bin/../../lib/gcc/pic32c/8.3.1/../../../../pic32c/lib/thumb/v7e-m+dp/hard\libc-musl.a(__out.o)
 .ARM.attributes
                0x00000aa2       0x34 c:/program files/microchip/xc32/v4.00/bin/bin/../../lib/gcc/pic32c/8.3.1/../../../../pic32c/lib/thumb/v7e-m+dp/hard\libc-musl.a(__printf_core.o)
 .ARM.attributes
                0x00000ad6       0x34 c:/program files/microchip/xc32/v4.00/bin/bin/../../lib/gcc/pic32c/8.3.1/../../../../pic32c/lib/thumb/v7e-m+dp/hard\libc-musl.a(__putc.o)
 .ARM.attributes
                0x00000b0a       0x34 c:/program files/microchip/xc32/v4.00/bin/bin/../../lib/gcc/pic32c/8.3.1/../../../../pic32c/lib/thumb/v7e-m+dp/hard\libc-musl.a(__stderr.o)
 .ARM.attributes
                0x00000b3e       0x34 c:/program files/microchip/xc32/v4.00/bin/bin/../../lib/gcc/pic32c/8.3.1/../../../../pic32c/lib/thumb/v7e-m+dp/hard\libc-musl.a(__stdio_close.o)
 .ARM.attributes
                0x00000b72       0x34 c:/program files/microchip/xc32/v4.00/bin/bin/../../lib/gcc/pic32c/8.3.1/../../../../pic32c/lib/thumb/v7e-m+dp/hard\libc-musl.a(__stdio_write.o)
 .ARM.attributes
                0x00000ba6       0x34 c:/program files/microchip/xc32/v4.00/bin/bin/../../lib/gcc/pic32c/8.3.1/../../../../pic32c/lib/thumb/v7e-m+dp/hard\libc-musl.a(__stdout.o)
 .ARM.attributes
                0x00000bda       0x34 c:/program files/microchip/xc32/v4.00/bin/bin/../../lib/gcc/pic32c/8.3.1/../../../../pic32c/lib/thumb/v7e-m+dp/hard\libc-musl.a(__towrite.o)
 .ARM.attributes
                0x00000c0e       0x34 c:/program files/microchip/xc32/v4.00/bin/bin/../../lib/gcc/pic32c/8.3.1/../../../../pic32c/lib/thumb/v7e-m+dp/hard\libc-musl.a(atoi.o)
 .ARM.attributes
                0x00000c42       0x34 c:/program files/microchip/xc32/v4.00/bin/bin/../../lib/gcc/pic32c/8.3.1/../../../../pic32c/lib/thumb/v7e-m+dp/hard\libc-musl.a(read.o)
 .ARM.attributes
                0x00000c76       0x34 c:/program files/microchip/xc32/v4.00/bin/bin/../../lib/gcc/pic32c/8.3.1/../../../../pic32c/lib/thumb/v7e-m+dp/hard\libc-musl.a(writev.o)
 .ARM.attributes
                0x00000caa       0x34 c:/program files/microchip/xc32/v4.00/bin/bin/../../lib/gcc/pic32c/8.3.1/../../../../pic32c/lib/thumb/v7e-m+dp/hard\libc-musl.a(tolower.o)
 .ARM.attributes
                0x00000cde       0x32 c:/program files/microchip/xc32/v4.00/bin/bin/../../lib/gcc/pic32c/8.3.1/../../../../pic32c/lib/thumb/v7e-m+dp/hard\libc-musl.a(__errno_location.o)
 .ARM.attributes
                0x00000d10       0x34 c:/program files/microchip/xc32/v4.00/bin/bin/../../lib/gcc/pic32c/8.3.1/../../../../pic32c/lib/thumb/v7e-m+dp/hard\libc-musl.a(syscall_ret.o)
 .ARM.attributes
                0x00000d44       0x34 c:/program files/microchip/xc32/v4.00/bin/bin/../../lib/gcc/pic32c/8.3.1/../../../../pic32c/lib/thumb/v7e-m+dp/hard\libc-musl.a(__overflow.o)
 .ARM.attributes
                0x00000d78       0x34 c:/program files/microchip/xc32/v4.00/bin/bin/../../lib/gcc/pic32c/8.3.1/../../../../pic32c/lib/thumb/v7e-m+dp/hard\libc-musl.a(__fmt_a.o)
 .ARM.attributes
                0x00000dac       0x34 c:/program files/microchip/xc32/v4.00/bin/bin/../../lib/gcc/pic32c/8.3.1/../../../../pic32c/lib/thumb/v7e-m+dp/hard\libc-musl.a(__fmt_d.o)
 .ARM.attributes
                0x00000de0       0x34 c:/program files/microchip/xc32/v4.00/bin/bin/../../lib/gcc/pic32c/8.3.1/../../../../pic32c/lib/thumb/v7e-m+dp/hard\libc-musl.a(__fmt_fp.o)
 .ARM.attributes
                0x00000e14       0x34 c:/program files/microchip/xc32/v4.00/bin/bin/../../lib/gcc/pic32c/8.3.1/../../../../pic32c/lib/thumb/v7e-m+dp/hard\libc-musl.a(__fmt_o.o)
 .ARM.attributes
                0x00000e48       0x34 c:/program files/microchip/xc32/v4.00/bin/bin/../../lib/gcc/pic32c/8.3.1/../../../../pic32c/lib/thumb/v7e-m+dp/hard\libc-musl.a(__fmt_s.o)
 .ARM.attributes
                0x00000e7c       0x34 c:/program files/microchip/xc32/v4.00/bin/bin/../../lib/gcc/pic32c/8.3.1/../../../../pic32c/lib/thumb/v7e-m+dp/hard\libc-musl.a(__fmt_u.o)
 .ARM.attributes
                0x00000eb0       0x34 c:/program files/microchip/xc32/v4.00/bin/bin/../../lib/gcc/pic32c/8.3.1/../../../../pic32c/lib/thumb/v7e-m+dp/hard\libc-musl.a(__fmt_x.o)
 .ARM.attributes
                0x00000ee4       0x34 c:/program files/microchip/xc32/v4.00/bin/bin/../../lib/gcc/pic32c/8.3.1/../../../../pic32c/lib/thumb/v7e-m+dp/hard\libc-musl.a(__fwrite.o)
 .ARM.attributes
                0x00000f18       0x34 c:/program files/microchip/xc32/v4.00/bin/bin/../../lib/gcc/pic32c/8.3.1/../../../../pic32c/lib/thumb/v7e-m+dp/hard\libc-musl.a(__pop_float.o)
 .ARM.attributes
                0x00000f4c       0x34 c:/program files/microchip/xc32/v4.00/bin/bin/../../lib/gcc/pic32c/8.3.1/../../../../pic32c/lib/thumb/v7e-m+dp/hard\libc-musl.a(__pop_int.o)
 .ARM.attributes
                0x00000f80       0x34 c:/program files/microchip/xc32/v4.00/bin/bin/../../lib/gcc/pic32c/8.3.1/../../../../pic32c/lib/thumb/v7e-m+dp/hard\libc-musl.a(__pop_ptr.o)
 .ARM.attributes
                0x00000fb4       0x34 c:/program files/microchip/xc32/v4.00/bin/bin/../../lib/gcc/pic32c/8.3.1/../../../../pic32c/lib/thumb/v7e-m+dp/hard\libc-musl.a(strcpy.o)
 .ARM.attributes
                0x00000fe8       0x34 c:/program files/microchip/xc32/v4.00/bin/bin/../../lib/gcc/pic32c/8.3.1/../../../../pic32c/lib/thumb/v7e-m+dp/hard\libc-musl.a(toupper.o)
 .ARM.attributes
                0x0000101c       0x34 c:/program files/microchip/xc32/v4.00/bin/bin/../../lib/gcc/pic32c/8.3.1/../../../../pic32c/lib/thumb/v7e-m+dp/hard\libc-musl.a(stpcpy.o)
 .ARM.attributes
                0x00001050       0x32 c:/program files/microchip/xc32/v4.00/bin/bin/../../lib/gcc/pic32c/8.3.1/../../../../pic32c/lib/thumb/v7e-m+dp/hard\libm-emfloat.a(lib_a-_FLOOR.o)
 .ARM.attributes
                0x00001082       0x1e c:/program files/microchip/xc32/v4.00/bin/bin/../../lib/gcc/pic32c/8.3.1/thumb/v7e-m+dp/hard\libgcc.a(_aeabi_uldivmod.o)
 .ARM.attributes
                0x000010a0       0x32 c:/program files/microchip/xc32/v4.00/bin/bin/../../lib/gcc/pic32c/8.3.1/thumb/v7e-m+dp/hard\libgcc.a(_udivmoddi4.o)
 .ARM.attributes
                0x000010d2       0x1e c:/program files/microchip/xc32/v4.00/bin/bin/../../lib/gcc/pic32c/8.3.1/thumb/v7e-m+dp/hard\libgcc.a(_dvmd_tls.o)
 .ARM.attributes
                0x000010f0       0x32 c:/program files/microchip/xc32/v4.00/bin/bin/../../lib/gcc/pic32c/8.3.1/../../../../pic32c/lib/thumb/v7e-m+dp/hard\libpic32c.a(close.o)
 .ARM.attributes
                0x00001122       0x32 c:/program files/microchip/xc32/v4.00/bin/bin/../../lib/gcc/pic32c/8.3.1/../../../../pic32c/lib/thumb/v7e-m+dp/hard\libpic32c.a(lseek.o)
 .ARM.attributes
                0x00001154       0x32 c:/program files/microchip/xc32/v4.00/bin/bin/../../lib/gcc/pic32c/8.3.1/../../../../pic32c/lib/thumb/v7e-m+dp/hard\libpic32c.a(sbrk.o)
 .ARM.attributes
                0x00001186       0x32 c:/program files/microchip/xc32/v4.00/bin/bin/../../lib/gcc/pic32c/8.3.1/../../../../pic32c/lib/thumb/v7e-m+dp/hard\libpic32c.a(write.o)
 .ARM.attributes
                0x000011b8       0x1e c:/program files/microchip/xc32/v4.00/bin/bin/../../lib/gcc/pic32c/8.3.1/thumb/v7e-m+dp/hard/crtn.o

.comment        0x00000000       0x53
 .comment       0x00000000       0x53 c:/program files/microchip/xc32/v4.00/bin/bin/../../lib/gcc/pic32c/8.3.1/thumb/v7e-m+dp/hard/crtbegin.o
                                 0x54 (size before relaxing)
 .comment       0x00000053       0x54 build/DevBoard/production/_ext/1164684806/drv_bm71.o
 .comment       0x00000053       0x54 build/DevBoard/production/_ext/1164684806/drv_bm71_ble.o
 .comment       0x00000053       0x54 build/DevBoard/production/_ext/1164684806/drv_bm71_command_decode.o
 .comment       0x00000053       0x54 build/DevBoard/production/_ext/1164684806/drv_bm71_command_send.o
 .comment       0x00000053       0x54 build/DevBoard/production/_ext/1164684806/drv_bm71_gpio.o
 .comment       0x00000053       0x54 build/DevBoard/production/_ext/1164684806/drv_bm71_uart.o
 .comment       0x00000053       0x54 build/DevBoard/production/_ext/975527002/plib_clk.o
 .comment       0x00000053       0x54 build/DevBoard/production/_ext/975528730/plib_efc.o
 .comment       0x00000053       0x54 build/DevBoard/production/_ext/176903338/plib_nvic.o
 .comment       0x00000053       0x54 build/DevBoard/production/_ext/975539406/plib_pio.o
 .comment       0x00000053       0x54 build/DevBoard/production/_ext/975541657/plib_rtc.o
 .comment       0x00000053       0x54 build/DevBoard/production/_ext/975541674/plib_rtt.o
 .comment       0x00000053       0x54 build/DevBoard/production/_ext/177051549/plib_supc.o
 .comment       0x00000053       0x54 build/DevBoard/production/_ext/522720201/plib_tc0.o
 .comment       0x00000053       0x54 build/DevBoard/production/_ext/29817896/plib_twihs0_master.o
 .comment       0x00000053       0x54 build/DevBoard/production/_ext/1195404349/plib_usart1.o
 .comment       0x00000053       0x54 build/DevBoard/production/_ext/1195404349/plib_usart0.o
 .comment       0x00000053       0x54 build/DevBoard/production/_ext/1583257634/xc32_monitor.o
 .comment       0x00000053       0x54 build/DevBoard/production/_ext/1497937361/sys_int.o
 .comment       0x00000053       0x54 build/DevBoard/production/_ext/1790450025/sys_time.o
 .comment       0x00000053       0x54 build/DevBoard/production/_ext/1844592860/initialization.o
 .comment       0x00000053       0x54 build/DevBoard/production/_ext/1844592860/interrupts.o
 .comment       0x00000053       0x54 build/DevBoard/production/_ext/1844592860/exceptions.o
 .comment       0x00000053       0x54 build/DevBoard/production/_ext/1844592860/startup_xc32.o
 .comment       0x00000053       0x54 build/DevBoard/production/_ext/1844592860/tasks.o
 .comment       0x00000053       0x54 build/DevBoard/production/_ext/1360937237/main.o
 .comment       0x00000053       0x54 build/DevBoard/production/_ext/1360937237/app.o
 .comment       0x00000053       0x54 build/DevBoard/production/_ext/1844592860/MAX30102.o
 .comment       0x00000053       0x54 c:/program files/microchip/xc32/v4.00/bin/bin/../../lib/gcc/pic32c/8.3.1/../../../../pic32c/lib/thumb/v7e-m+dp/hard\libpic32c.a(data_init.o)
 .comment       0x00000053       0x54 c:/program files/microchip/xc32/v4.00/bin/bin/../../lib/gcc/pic32c/8.3.1/../../../../pic32c/lib/thumb/v7e-m+dp/hard\libc-musl.a(__libc_start_main.o)
 .comment       0x00000053       0x54 c:/program files/microchip/xc32/v4.00/bin/bin/../../lib/gcc/pic32c/8.3.1/../../../../pic32c/lib/thumb/v7e-m+dp/hard\libc-musl.a(libc.o)
 .comment       0x00000053       0x54 c:/program files/microchip/xc32/v4.00/bin/bin/../../lib/gcc/pic32c/8.3.1/../../../../pic32c/lib/thumb/v7e-m+dp/hard\libc-musl.a(stdin.o)
 .comment       0x00000053       0x54 c:/program files/microchip/xc32/v4.00/bin/bin/../../lib/gcc/pic32c/8.3.1/../../../../pic32c/lib/thumb/v7e-m+dp/hard\libc-musl.a(stdout.o)
 .comment       0x00000053       0x54 c:/program files/microchip/xc32/v4.00/bin/bin/../../lib/gcc/pic32c/8.3.1/../../../../pic32c/lib/thumb/v7e-m+dp/hard\libc-musl.a(printf.o)
 .comment       0x00000053       0x54 c:/program files/microchip/xc32/v4.00/bin/bin/../../lib/gcc/pic32c/8.3.1/../../../../pic32c/lib/thumb/v7e-m+dp/hard\libc-musl.a(puts.o)
 .comment       0x00000053       0x54 c:/program files/microchip/xc32/v4.00/bin/bin/../../lib/gcc/pic32c/8.3.1/../../../../pic32c/lib/thumb/v7e-m+dp/hard\libc-musl.a(setbuf.o)
 .comment       0x00000053       0x54 c:/program files/microchip/xc32/v4.00/bin/bin/../../lib/gcc/pic32c/8.3.1/../../../../pic32c/lib/thumb/v7e-m+dp/hard\libc-musl.a(memcpy.o)
 .comment       0x00000053       0x54 c:/program files/microchip/xc32/v4.00/bin/bin/../../lib/gcc/pic32c/8.3.1/../../../../pic32c/lib/thumb/v7e-m+dp/hard\libc-musl.a(memset.o)
 .comment       0x00000053       0x54 c:/program files/microchip/xc32/v4.00/bin/bin/../../lib/gcc/pic32c/8.3.1/../../../../pic32c/lib/thumb/v7e-m+dp/hard\libc-musl.a(__environ.o)
 .comment       0x00000053       0x54 c:/program files/microchip/xc32/v4.00/bin/bin/../../lib/gcc/pic32c/8.3.1/../../../../pic32c/lib/thumb/v7e-m+dp/hard\libc-musl.a(fputs.o)
 .comment       0x00000053       0x54 c:/program files/microchip/xc32/v4.00/bin/bin/../../lib/gcc/pic32c/8.3.1/../../../../pic32c/lib/thumb/v7e-m+dp/hard\libc-musl.a(__stdio_read.o)
 .comment       0x00000053       0x54 c:/program files/microchip/xc32/v4.00/bin/bin/../../lib/gcc/pic32c/8.3.1/../../../../pic32c/lib/thumb/v7e-m+dp/hard\libc-musl.a(__towrite_rw.o)
 .comment       0x00000053       0x54 c:/program files/microchip/xc32/v4.00/bin/bin/../../lib/gcc/pic32c/8.3.1/../../../../pic32c/lib/thumb/v7e-m+dp/hard\libc-musl.a(fwrite.o)
 .comment       0x00000053       0x54 c:/program files/microchip/xc32/v4.00/bin/bin/../../lib/gcc/pic32c/8.3.1/../../../../pic32c/lib/thumb/v7e-m+dp/hard\libc-musl.a(putc.o)
 .comment       0x00000053       0x54 c:/program files/microchip/xc32/v4.00/bin/bin/../../lib/gcc/pic32c/8.3.1/../../../../pic32c/lib/thumb/v7e-m+dp/hard\libc-musl.a(setvbuf.o)
 .comment       0x00000053       0x54 c:/program files/microchip/xc32/v4.00/bin/bin/../../lib/gcc/pic32c/8.3.1/../../../../pic32c/lib/thumb/v7e-m+dp/hard\libc-musl.a(vfprintf.o)
 .comment       0x00000053       0x54 c:/program files/microchip/xc32/v4.00/bin/bin/../../lib/gcc/pic32c/8.3.1/../../../../pic32c/lib/thumb/v7e-m+dp/hard\libc-musl.a(strlen.o)
 .comment       0x00000053       0x54 c:/program files/microchip/xc32/v4.00/bin/bin/../../lib/gcc/pic32c/8.3.1/../../../../pic32c/lib/thumb/v7e-m+dp/hard\libc-musl.a(readv.o)
 .comment       0x00000053       0x54 c:/program files/microchip/xc32/v4.00/bin/bin/../../lib/gcc/pic32c/8.3.1/../../../../pic32c/lib/thumb/v7e-m+dp/hard\libc-musl.a(malloc.o)
 .comment       0x00000053       0x54 c:/program files/microchip/xc32/v4.00/bin/bin/../../lib/gcc/pic32c/8.3.1/../../../../pic32c/lib/thumb/v7e-m+dp/hard\libc-musl.a(expand_heap.o)
 .comment       0x00000053       0x54 c:/program files/microchip/xc32/v4.00/bin/bin/../../lib/gcc/pic32c/8.3.1/../../../../pic32c/lib/thumb/v7e-m+dp/hard\libc-musl.a(__init_stdio.o)
 .comment       0x00000053       0x54 c:/program files/microchip/xc32/v4.00/bin/bin/../../lib/gcc/pic32c/8.3.1/../../../../pic32c/lib/thumb/v7e-m+dp/hard\libc-musl.a(__out.o)
 .comment       0x00000053       0x54 c:/program files/microchip/xc32/v4.00/bin/bin/../../lib/gcc/pic32c/8.3.1/../../../../pic32c/lib/thumb/v7e-m+dp/hard\libc-musl.a(__printf_core.o)
 .comment       0x00000053       0x54 c:/program files/microchip/xc32/v4.00/bin/bin/../../lib/gcc/pic32c/8.3.1/../../../../pic32c/lib/thumb/v7e-m+dp/hard\libc-musl.a(__putc.o)
 .comment       0x00000053       0x54 c:/program files/microchip/xc32/v4.00/bin/bin/../../lib/gcc/pic32c/8.3.1/../../../../pic32c/lib/thumb/v7e-m+dp/hard\libc-musl.a(__stderr.o)
 .comment       0x00000053       0x54 c:/program files/microchip/xc32/v4.00/bin/bin/../../lib/gcc/pic32c/8.3.1/../../../../pic32c/lib/thumb/v7e-m+dp/hard\libc-musl.a(__stdio_close.o)
 .comment       0x00000053       0x54 c:/program files/microchip/xc32/v4.00/bin/bin/../../lib/gcc/pic32c/8.3.1/../../../../pic32c/lib/thumb/v7e-m+dp/hard\libc-musl.a(__stdio_write.o)
 .comment       0x00000053       0x54 c:/program files/microchip/xc32/v4.00/bin/bin/../../lib/gcc/pic32c/8.3.1/../../../../pic32c/lib/thumb/v7e-m+dp/hard\libc-musl.a(__stdout.o)
 .comment       0x00000053       0x54 c:/program files/microchip/xc32/v4.00/bin/bin/../../lib/gcc/pic32c/8.3.1/../../../../pic32c/lib/thumb/v7e-m+dp/hard\libc-musl.a(__towrite.o)
 .comment       0x00000053       0x54 c:/program files/microchip/xc32/v4.00/bin/bin/../../lib/gcc/pic32c/8.3.1/../../../../pic32c/lib/thumb/v7e-m+dp/hard\libc-musl.a(atoi.o)
 .comment       0x00000053       0x54 c:/program files/microchip/xc32/v4.00/bin/bin/../../lib/gcc/pic32c/8.3.1/../../../../pic32c/lib/thumb/v7e-m+dp/hard\libc-musl.a(read.o)
 .comment       0x00000053       0x54 c:/program files/microchip/xc32/v4.00/bin/bin/../../lib/gcc/pic32c/8.3.1/../../../../pic32c/lib/thumb/v7e-m+dp/hard\libc-musl.a(writev.o)
 .comment       0x00000053       0x54 c:/program files/microchip/xc32/v4.00/bin/bin/../../lib/gcc/pic32c/8.3.1/../../../../pic32c/lib/thumb/v7e-m+dp/hard\libc-musl.a(tolower.o)
 .comment       0x00000053       0x54 c:/program files/microchip/xc32/v4.00/bin/bin/../../lib/gcc/pic32c/8.3.1/../../../../pic32c/lib/thumb/v7e-m+dp/hard\libc-musl.a(__errno_location.o)
 .comment       0x00000053       0x54 c:/program files/microchip/xc32/v4.00/bin/bin/../../lib/gcc/pic32c/8.3.1/../../../../pic32c/lib/thumb/v7e-m+dp/hard\libc-musl.a(syscall_ret.o)
 .comment       0x00000053       0x54 c:/program files/microchip/xc32/v4.00/bin/bin/../../lib/gcc/pic32c/8.3.1/../../../../pic32c/lib/thumb/v7e-m+dp/hard\libc-musl.a(__overflow.o)
 .comment       0x00000053       0x54 c:/program files/microchip/xc32/v4.00/bin/bin/../../lib/gcc/pic32c/8.3.1/../../../../pic32c/lib/thumb/v7e-m+dp/hard\libc-musl.a(__fmt_a.o)
 .comment       0x00000053       0x54 c:/program files/microchip/xc32/v4.00/bin/bin/../../lib/gcc/pic32c/8.3.1/../../../../pic32c/lib/thumb/v7e-m+dp/hard\libc-musl.a(__fmt_d.o)
 .comment       0x00000053       0x54 c:/program files/microchip/xc32/v4.00/bin/bin/../../lib/gcc/pic32c/8.3.1/../../../../pic32c/lib/thumb/v7e-m+dp/hard\libc-musl.a(__fmt_fp.o)
 .comment       0x00000053       0x54 c:/program files/microchip/xc32/v4.00/bin/bin/../../lib/gcc/pic32c/8.3.1/../../../../pic32c/lib/thumb/v7e-m+dp/hard\libc-musl.a(__fmt_o.o)
 .comment       0x00000053       0x54 c:/program files/microchip/xc32/v4.00/bin/bin/../../lib/gcc/pic32c/8.3.1/../../../../pic32c/lib/thumb/v7e-m+dp/hard\libc-musl.a(__fmt_s.o)
 .comment       0x00000053       0x54 c:/program files/microchip/xc32/v4.00/bin/bin/../../lib/gcc/pic32c/8.3.1/../../../../pic32c/lib/thumb/v7e-m+dp/hard\libc-musl.a(__fmt_u.o)
 .comment       0x00000053       0x54 c:/program files/microchip/xc32/v4.00/bin/bin/../../lib/gcc/pic32c/8.3.1/../../../../pic32c/lib/thumb/v7e-m+dp/hard\libc-musl.a(__fmt_x.o)
 .comment       0x00000053       0x54 c:/program files/microchip/xc32/v4.00/bin/bin/../../lib/gcc/pic32c/8.3.1/../../../../pic32c/lib/thumb/v7e-m+dp/hard\libc-musl.a(__fwrite.o)
 .comment       0x00000053       0x54 c:/program files/microchip/xc32/v4.00/bin/bin/../../lib/gcc/pic32c/8.3.1/../../../../pic32c/lib/thumb/v7e-m+dp/hard\libc-musl.a(__pop_float.o)
 .comment       0x00000053       0x54 c:/program files/microchip/xc32/v4.00/bin/bin/../../lib/gcc/pic32c/8.3.1/../../../../pic32c/lib/thumb/v7e-m+dp/hard\libc-musl.a(__pop_int.o)
 .comment       0x00000053       0x54 c:/program files/microchip/xc32/v4.00/bin/bin/../../lib/gcc/pic32c/8.3.1/../../../../pic32c/lib/thumb/v7e-m+dp/hard\libc-musl.a(__pop_ptr.o)
 .comment       0x00000053       0x54 c:/program files/microchip/xc32/v4.00/bin/bin/../../lib/gcc/pic32c/8.3.1/../../../../pic32c/lib/thumb/v7e-m+dp/hard\libc-musl.a(strcpy.o)
 .comment       0x00000053       0x54 c:/program files/microchip/xc32/v4.00/bin/bin/../../lib/gcc/pic32c/8.3.1/../../../../pic32c/lib/thumb/v7e-m+dp/hard\libc-musl.a(toupper.o)
 .comment       0x00000053       0x54 c:/program files/microchip/xc32/v4.00/bin/bin/../../lib/gcc/pic32c/8.3.1/../../../../pic32c/lib/thumb/v7e-m+dp/hard\libc-musl.a(stpcpy.o)
 .comment       0x00000053       0x54 c:/program files/microchip/xc32/v4.00/bin/bin/../../lib/gcc/pic32c/8.3.1/../../../../pic32c/lib/thumb/v7e-m+dp/hard\libm-emfloat.a(lib_a-_FLOOR.o)
 .comment       0x00000053       0x54 c:/program files/microchip/xc32/v4.00/bin/bin/../../lib/gcc/pic32c/8.3.1/thumb/v7e-m+dp/hard\libgcc.a(_udivmoddi4.o)
 .comment       0x00000053       0x54 c:/program files/microchip/xc32/v4.00/bin/bin/../../lib/gcc/pic32c/8.3.1/../../../../pic32c/lib/thumb/v7e-m+dp/hard\libpic32c.a(close.o)
 .comment       0x00000053       0x54 c:/program files/microchip/xc32/v4.00/bin/bin/../../lib/gcc/pic32c/8.3.1/../../../../pic32c/lib/thumb/v7e-m+dp/hard\libpic32c.a(lseek.o)
 .comment       0x00000053       0x54 c:/program files/microchip/xc32/v4.00/bin/bin/../../lib/gcc/pic32c/8.3.1/../../../../pic32c/lib/thumb/v7e-m+dp/hard\libpic32c.a(sbrk.o)
 .comment       0x00000053       0x54 c:/program files/microchip/xc32/v4.00/bin/bin/../../lib/gcc/pic32c/8.3.1/../../../../pic32c/lib/thumb/v7e-m+dp/hard\libpic32c.a(write.o)

.debug_info     0x00000000    0x39027
 .debug_info    0x00000000     0x1fa3 build/DevBoard/production/_ext/1164684806/drv_bm71.o
 .debug_info    0x00001fa3     0x14cd build/DevBoard/production/_ext/1164684806/drv_bm71_ble.o
 .debug_info    0x00003470     0x10ba build/DevBoard/production/_ext/1164684806/drv_bm71_command_decode.o
 .debug_info    0x0000452a      0xa97 build/DevBoard/production/_ext/1164684806/drv_bm71_command_send.o
 .debug_info    0x00004fc1      0xcda build/DevBoard/production/_ext/1164684806/drv_bm71_gpio.o
 .debug_info    0x00005c9b      0x98a build/DevBoard/production/_ext/1164684806/drv_bm71_uart.o
 .debug_info    0x00006625      0x8c3 build/DevBoard/production/_ext/975527002/plib_clk.o
 .debug_info    0x00006ee8      0x983 build/DevBoard/production/_ext/975528730/plib_efc.o
 .debug_info    0x0000786b     0x1329 build/DevBoard/production/_ext/176903338/plib_nvic.o
 .debug_info    0x00008b94     0x1965 build/DevBoard/production/_ext/975539406/plib_pio.o
 .debug_info    0x0000a4f9      0x9c6 build/DevBoard/production/_ext/975541657/plib_rtc.o
 .debug_info    0x0000aebf      0x7dc build/DevBoard/production/_ext/975541674/plib_rtt.o
 .debug_info    0x0000b69b     0x1492 build/DevBoard/production/_ext/177051549/plib_supc.o
 .debug_info    0x0000cb2d      0x98e build/DevBoard/production/_ext/522720201/plib_tc0.o
 .debug_info    0x0000d4bb      0xd76 build/DevBoard/production/_ext/29817896/plib_twihs0_master.o
 .debug_info    0x0000e231      0xda1 build/DevBoard/production/_ext/1195404349/plib_usart1.o
 .debug_info    0x0000efd2     0x104c build/DevBoard/production/_ext/1195404349/plib_usart0.o
 .debug_info    0x0001001e      0x636 build/DevBoard/production/_ext/1583257634/xc32_monitor.o
 .debug_info    0x00010654      0xcfe build/DevBoard/production/_ext/1497937361/sys_int.o
 .debug_info    0x00011352     0x2ddf build/DevBoard/production/_ext/1790450025/sys_time.o
 .debug_info    0x00014131     0x1020 build/DevBoard/production/_ext/1844592860/initialization.o
 .debug_info    0x00015151     0x1028 build/DevBoard/production/_ext/1844592860/interrupts.o
 .debug_info    0x00016179      0x623 build/DevBoard/production/_ext/1844592860/exceptions.o
 .debug_info    0x0001679c      0xe4b build/DevBoard/production/_ext/1844592860/startup_xc32.o
 .debug_info    0x000175e7      0x582 build/DevBoard/production/_ext/1844592860/tasks.o
 .debug_info    0x00017b69     0x247e build/DevBoard/production/_ext/1360937237/main.o
 .debug_info    0x00019fe7     0x1313 build/DevBoard/production/_ext/1360937237/app.o
 .debug_info    0x0001b2fa     0x21f9 build/DevBoard/production/_ext/1844592860/MAX30102.o
 .debug_info    0x0001d4f3      0x2e1 c:/program files/microchip/xc32/v4.00/bin/bin/../../lib/gcc/pic32c/8.3.1/../../../../pic32c/lib/thumb/v7e-m+dp/hard\libpic32c.a(data_init.o)
 .debug_info    0x0001d7d4      0x6b9 c:/program files/microchip/xc32/v4.00/bin/bin/../../lib/gcc/pic32c/8.3.1/../../../../pic32c/lib/thumb/v7e-m+dp/hard\libc-musl.a(__libc_start_main.o)
 .debug_info    0x0001de8d      0x5e5 c:/program files/microchip/xc32/v4.00/bin/bin/../../lib/gcc/pic32c/8.3.1/../../../../pic32c/lib/thumb/v7e-m+dp/hard\libc-musl.a(libc.o)
 .debug_info    0x0001e472      0x93b c:/program files/microchip/xc32/v4.00/bin/bin/../../lib/gcc/pic32c/8.3.1/../../../../pic32c/lib/thumb/v7e-m+dp/hard\libc-musl.a(stdin.o)
 .debug_info    0x0001edad      0x745 c:/program files/microchip/xc32/v4.00/bin/bin/../../lib/gcc/pic32c/8.3.1/../../../../pic32c/lib/thumb/v7e-m+dp/hard\libc-musl.a(stdout.o)
 .debug_info    0x0001f4f2      0x397 c:/program files/microchip/xc32/v4.00/bin/bin/../../lib/gcc/pic32c/8.3.1/../../../../pic32c/lib/thumb/v7e-m+dp/hard\libc-musl.a(printf.o)
 .debug_info    0x0001f889      0x8bb c:/program files/microchip/xc32/v4.00/bin/bin/../../lib/gcc/pic32c/8.3.1/../../../../pic32c/lib/thumb/v7e-m+dp/hard\libc-musl.a(puts.o)
 .debug_info    0x00020144      0x35f c:/program files/microchip/xc32/v4.00/bin/bin/../../lib/gcc/pic32c/8.3.1/../../../../pic32c/lib/thumb/v7e-m+dp/hard\libc-musl.a(setbuf.o)
 .debug_info    0x000204a3      0x324 c:/program files/microchip/xc32/v4.00/bin/bin/../../lib/gcc/pic32c/8.3.1/../../../../pic32c/lib/thumb/v7e-m+dp/hard\libc-musl.a(memcpy.o)
 .debug_info    0x000207c7      0x2e2 c:/program files/microchip/xc32/v4.00/bin/bin/../../lib/gcc/pic32c/8.3.1/../../../../pic32c/lib/thumb/v7e-m+dp/hard\libc-musl.a(memset.o)
 .debug_info    0x00020aa9      0x59c c:/program files/microchip/xc32/v4.00/bin/bin/../../lib/gcc/pic32c/8.3.1/../../../../pic32c/lib/thumb/v7e-m+dp/hard\libc-musl.a(__environ.o)
 .debug_info    0x00021045      0x8e8 c:/program files/microchip/xc32/v4.00/bin/bin/../../lib/gcc/pic32c/8.3.1/../../../../pic32c/lib/thumb/v7e-m+dp/hard\libc-musl.a(fputs.o)
 .debug_info    0x0002192d      0x97f c:/program files/microchip/xc32/v4.00/bin/bin/../../lib/gcc/pic32c/8.3.1/../../../../pic32c/lib/thumb/v7e-m+dp/hard\libc-musl.a(__stdio_read.o)
 .debug_info    0x000222ac      0x86a c:/program files/microchip/xc32/v4.00/bin/bin/../../lib/gcc/pic32c/8.3.1/../../../../pic32c/lib/thumb/v7e-m+dp/hard\libc-musl.a(__towrite_rw.o)
 .debug_info    0x00022b16      0x7f6 c:/program files/microchip/xc32/v4.00/bin/bin/../../lib/gcc/pic32c/8.3.1/../../../../pic32c/lib/thumb/v7e-m+dp/hard\libc-musl.a(fwrite.o)
 .debug_info    0x0002330c      0x7ca c:/program files/microchip/xc32/v4.00/bin/bin/../../lib/gcc/pic32c/8.3.1/../../../../pic32c/lib/thumb/v7e-m+dp/hard\libc-musl.a(putc.o)
 .debug_info    0x00023ad6      0x83c c:/program files/microchip/xc32/v4.00/bin/bin/../../lib/gcc/pic32c/8.3.1/../../../../pic32c/lib/thumb/v7e-m+dp/hard\libc-musl.a(setvbuf.o)
 .debug_info    0x00024312      0x953 c:/program files/microchip/xc32/v4.00/bin/bin/../../lib/gcc/pic32c/8.3.1/../../../../pic32c/lib/thumb/v7e-m+dp/hard\libc-musl.a(vfprintf.o)
 .debug_info    0x00024c65      0x2d3 c:/program files/microchip/xc32/v4.00/bin/bin/../../lib/gcc/pic32c/8.3.1/../../../../pic32c/lib/thumb/v7e-m+dp/hard\libc-musl.a(strlen.o)
 .debug_info    0x00024f38      0x6a6 c:/program files/microchip/xc32/v4.00/bin/bin/../../lib/gcc/pic32c/8.3.1/../../../../pic32c/lib/thumb/v7e-m+dp/hard\libc-musl.a(readv.o)
 .debug_info    0x000255de     0x14b0 c:/program files/microchip/xc32/v4.00/bin/bin/../../lib/gcc/pic32c/8.3.1/../../../../pic32c/lib/thumb/v7e-m+dp/hard\libc-musl.a(malloc.o)
 .debug_info    0x00026a8e      0x688 c:/program files/microchip/xc32/v4.00/bin/bin/../../lib/gcc/pic32c/8.3.1/../../../../pic32c/lib/thumb/v7e-m+dp/hard\libc-musl.a(expand_heap.o)
 .debug_info    0x00027116      0x87f c:/program files/microchip/xc32/v4.00/bin/bin/../../lib/gcc/pic32c/8.3.1/../../../../pic32c/lib/thumb/v7e-m+dp/hard\libc-musl.a(__init_stdio.o)
 .debug_info    0x00027995      0x85b c:/program files/microchip/xc32/v4.00/bin/bin/../../lib/gcc/pic32c/8.3.1/../../../../pic32c/lib/thumb/v7e-m+dp/hard\libc-musl.a(__out.o)
 .debug_info    0x000281f0     0x101d c:/program files/microchip/xc32/v4.00/bin/bin/../../lib/gcc/pic32c/8.3.1/../../../../pic32c/lib/thumb/v7e-m+dp/hard\libc-musl.a(__printf_core.o)
 .debug_info    0x0002920d      0x7fa c:/program files/microchip/xc32/v4.00/bin/bin/../../lib/gcc/pic32c/8.3.1/../../../../pic32c/lib/thumb/v7e-m+dp/hard\libc-musl.a(__putc.o)
 .debug_info    0x00029a07      0x8fb c:/program files/microchip/xc32/v4.00/bin/bin/../../lib/gcc/pic32c/8.3.1/../../../../pic32c/lib/thumb/v7e-m+dp/hard\libc-musl.a(__stderr.o)
 .debug_info    0x0002a302      0x99a c:/program files/microchip/xc32/v4.00/bin/bin/../../lib/gcc/pic32c/8.3.1/../../../../pic32c/lib/thumb/v7e-m+dp/hard\libc-musl.a(__stdio_close.o)
 .debug_info    0x0002ac9c      0xa2e c:/program files/microchip/xc32/v4.00/bin/bin/../../lib/gcc/pic32c/8.3.1/../../../../pic32c/lib/thumb/v7e-m+dp/hard\libc-musl.a(__stdio_write.o)
 .debug_info    0x0002b6ca      0x8fb c:/program files/microchip/xc32/v4.00/bin/bin/../../lib/gcc/pic32c/8.3.1/../../../../pic32c/lib/thumb/v7e-m+dp/hard\libc-musl.a(__stdout.o)
 .debug_info    0x0002bfc5      0x7ea c:/program files/microchip/xc32/v4.00/bin/bin/../../lib/gcc/pic32c/8.3.1/../../../../pic32c/lib/thumb/v7e-m+dp/hard\libc-musl.a(__towrite.o)
 .debug_info    0x0002c7af      0x328 c:/program files/microchip/xc32/v4.00/bin/bin/../../lib/gcc/pic32c/8.3.1/../../../../pic32c/lib/thumb/v7e-m+dp/hard\libc-musl.a(atoi.o)
 .debug_info    0x0002cad7      0x685 c:/program files/microchip/xc32/v4.00/bin/bin/../../lib/gcc/pic32c/8.3.1/../../../../pic32c/lib/thumb/v7e-m+dp/hard\libc-musl.a(read.o)
 .debug_info    0x0002d15c      0x6aa c:/program files/microchip/xc32/v4.00/bin/bin/../../lib/gcc/pic32c/8.3.1/../../../../pic32c/lib/thumb/v7e-m+dp/hard\libc-musl.a(writev.o)
 .debug_info    0x0002d806      0x603 c:/program files/microchip/xc32/v4.00/bin/bin/../../lib/gcc/pic32c/8.3.1/../../../../pic32c/lib/thumb/v7e-m+dp/hard\libc-musl.a(tolower.o)
 .debug_info    0x0002de09      0x580 c:/program files/microchip/xc32/v4.00/bin/bin/../../lib/gcc/pic32c/8.3.1/../../../../pic32c/lib/thumb/v7e-m+dp/hard\libc-musl.a(__errno_location.o)
 .debug_info    0x0002e389      0x5d7 c:/program files/microchip/xc32/v4.00/bin/bin/../../lib/gcc/pic32c/8.3.1/../../../../pic32c/lib/thumb/v7e-m+dp/hard\libc-musl.a(syscall_ret.o)
 .debug_info    0x0002e960      0x8b8 c:/program files/microchip/xc32/v4.00/bin/bin/../../lib/gcc/pic32c/8.3.1/../../../../pic32c/lib/thumb/v7e-m+dp/hard\libc-musl.a(__overflow.o)
 .debug_info    0x0002f218      0xc8a c:/program files/microchip/xc32/v4.00/bin/bin/../../lib/gcc/pic32c/8.3.1/../../../../pic32c/lib/thumb/v7e-m+dp/hard\libc-musl.a(__fmt_a.o)
 .debug_info    0x0002fea2      0x8c2 c:/program files/microchip/xc32/v4.00/bin/bin/../../lib/gcc/pic32c/8.3.1/../../../../pic32c/lib/thumb/v7e-m+dp/hard\libc-musl.a(__fmt_d.o)
 .debug_info    0x00030764      0xc78 c:/program files/microchip/xc32/v4.00/bin/bin/../../lib/gcc/pic32c/8.3.1/../../../../pic32c/lib/thumb/v7e-m+dp/hard\libc-musl.a(__fmt_fp.o)
 .debug_info    0x000313dc      0x893 c:/program files/microchip/xc32/v4.00/bin/bin/../../lib/gcc/pic32c/8.3.1/../../../../pic32c/lib/thumb/v7e-m+dp/hard\libc-musl.a(__fmt_o.o)
 .debug_info    0x00031c6f      0x839 c:/program files/microchip/xc32/v4.00/bin/bin/../../lib/gcc/pic32c/8.3.1/../../../../pic32c/lib/thumb/v7e-m+dp/hard\libc-musl.a(__fmt_s.o)
 .debug_info    0x000324a8      0x960 c:/program files/microchip/xc32/v4.00/bin/bin/../../lib/gcc/pic32c/8.3.1/../../../../pic32c/lib/thumb/v7e-m+dp/hard\libc-musl.a(__fmt_u.o)
 .debug_info    0x00032e08      0x8f9 c:/program files/microchip/xc32/v4.00/bin/bin/../../lib/gcc/pic32c/8.3.1/../../../../pic32c/lib/thumb/v7e-m+dp/hard\libc-musl.a(__fmt_x.o)
 .debug_info    0x00033701      0x8c2 c:/program files/microchip/xc32/v4.00/bin/bin/../../lib/gcc/pic32c/8.3.1/../../../../pic32c/lib/thumb/v7e-m+dp/hard\libc-musl.a(__fwrite.o)
 .debug_info    0x00033fc3      0x766 c:/program files/microchip/xc32/v4.00/bin/bin/../../lib/gcc/pic32c/8.3.1/../../../../pic32c/lib/thumb/v7e-m+dp/hard\libc-musl.a(__pop_float.o)
 .debug_info    0x00034729      0x78a c:/program files/microchip/xc32/v4.00/bin/bin/../../lib/gcc/pic32c/8.3.1/../../../../pic32c/lib/thumb/v7e-m+dp/hard\libc-musl.a(__pop_int.o)
 .debug_info    0x00034eb3      0x781 c:/program files/microchip/xc32/v4.00/bin/bin/../../lib/gcc/pic32c/8.3.1/../../../../pic32c/lib/thumb/v7e-m+dp/hard\libc-musl.a(__pop_ptr.o)
 .debug_info    0x00035634      0x2e1 c:/program files/microchip/xc32/v4.00/bin/bin/../../lib/gcc/pic32c/8.3.1/../../../../pic32c/lib/thumb/v7e-m+dp/hard\libc-musl.a(strcpy.o)
 .debug_info    0x00035915      0x603 c:/program files/microchip/xc32/v4.00/bin/bin/../../lib/gcc/pic32c/8.3.1/../../../../pic32c/lib/thumb/v7e-m+dp/hard\libc-musl.a(toupper.o)
 .debug_info    0x00035f18      0x5bf c:/program files/microchip/xc32/v4.00/bin/bin/../../lib/gcc/pic32c/8.3.1/../../../../pic32c/lib/thumb/v7e-m+dp/hard\libc-musl.a(stpcpy.o)
 .debug_info    0x000364d7       0x26 c:/program files/microchip/xc32/v4.00/bin/bin/../../lib/gcc/pic32c/8.3.1/thumb/v7e-m+dp/hard\libgcc.a(_aeabi_uldivmod.o)
 .debug_info    0x000364fd     0x1ff0 c:/program files/microchip/xc32/v4.00/bin/bin/../../lib/gcc/pic32c/8.3.1/thumb/v7e-m+dp/hard\libgcc.a(_udivmoddi4.o)
 .debug_info    0x000384ed       0x26 c:/program files/microchip/xc32/v4.00/bin/bin/../../lib/gcc/pic32c/8.3.1/thumb/v7e-m+dp/hard\libgcc.a(_dvmd_tls.o)
 .debug_info    0x00038513      0x2c5 c:/program files/microchip/xc32/v4.00/bin/bin/../../lib/gcc/pic32c/8.3.1/../../../../pic32c/lib/thumb/v7e-m+dp/hard\libpic32c.a(close.o)
 .debug_info    0x000387d8      0x2c5 c:/program files/microchip/xc32/v4.00/bin/bin/../../lib/gcc/pic32c/8.3.1/../../../../pic32c/lib/thumb/v7e-m+dp/hard\libpic32c.a(lseek.o)
 .debug_info    0x00038a9d      0x2c4 c:/program files/microchip/xc32/v4.00/bin/bin/../../lib/gcc/pic32c/8.3.1/../../../../pic32c/lib/thumb/v7e-m+dp/hard\libpic32c.a(sbrk.o)
 .debug_info    0x00038d61      0x2c6 c:/program files/microchip/xc32/v4.00/bin/bin/../../lib/gcc/pic32c/8.3.1/../../../../pic32c/lib/thumb/v7e-m+dp/hard\libpic32c.a(write.o)

.debug_abbrev   0x00000000     0x8218
 .debug_abbrev  0x00000000      0x435 build/DevBoard/production/_ext/1164684806/drv_bm71.o
 .debug_abbrev  0x00000435      0x235 build/DevBoard/production/_ext/1164684806/drv_bm71_ble.o
 .debug_abbrev  0x0000066a      0x1ba build/DevBoard/production/_ext/1164684806/drv_bm71_command_decode.o
 .debug_abbrev  0x00000824      0x224 build/DevBoard/production/_ext/1164684806/drv_bm71_command_send.o
 .debug_abbrev  0x00000a48      0x129 build/DevBoard/production/_ext/1164684806/drv_bm71_gpio.o
 .debug_abbrev  0x00000b71      0x1f2 build/DevBoard/production/_ext/1164684806/drv_bm71_uart.o
 .debug_abbrev  0x00000d63       0xd5 build/DevBoard/production/_ext/975527002/plib_clk.o
 .debug_abbrev  0x00000e38      0x21a build/DevBoard/production/_ext/975528730/plib_efc.o
 .debug_abbrev  0x00001052      0x1f7 build/DevBoard/production/_ext/176903338/plib_nvic.o
 .debug_abbrev  0x00001249      0x298 build/DevBoard/production/_ext/975539406/plib_pio.o
 .debug_abbrev  0x000014e1      0x22e build/DevBoard/production/_ext/975541657/plib_rtc.o
 .debug_abbrev  0x0000170f      0x1b3 build/DevBoard/production/_ext/975541674/plib_rtt.o
 .debug_abbrev  0x000018c2      0x246 build/DevBoard/production/_ext/177051549/plib_supc.o
 .debug_abbrev  0x00001b08      0x1a7 build/DevBoard/production/_ext/522720201/plib_tc0.o
 .debug_abbrev  0x00001caf      0x2ec build/DevBoard/production/_ext/29817896/plib_twihs0_master.o
 .debug_abbrev  0x00001f9b      0x1ec build/DevBoard/production/_ext/1195404349/plib_usart1.o
 .debug_abbrev  0x00002187      0x31f build/DevBoard/production/_ext/1195404349/plib_usart0.o
 .debug_abbrev  0x000024a6      0x171 build/DevBoard/production/_ext/1583257634/xc32_monitor.o
 .debug_abbrev  0x00002617      0x267 build/DevBoard/production/_ext/1497937361/sys_int.o
 .debug_abbrev  0x0000287e      0x607 build/DevBoard/production/_ext/1790450025/sys_time.o
 .debug_abbrev  0x00002e85      0x244 build/DevBoard/production/_ext/1844592860/initialization.o
 .debug_abbrev  0x000030c9      0x115 build/DevBoard/production/_ext/1844592860/interrupts.o
 .debug_abbrev  0x000031de       0xf0 build/DevBoard/production/_ext/1844592860/exceptions.o
 .debug_abbrev  0x000032ce      0x24f build/DevBoard/production/_ext/1844592860/startup_xc32.o
 .debug_abbrev  0x0000351d      0x122 build/DevBoard/production/_ext/1844592860/tasks.o
 .debug_abbrev  0x0000363f      0x2fc build/DevBoard/production/_ext/1360937237/main.o
 .debug_abbrev  0x0000393b      0x241 build/DevBoard/production/_ext/1360937237/app.o
 .debug_abbrev  0x00003b7c      0x2d5 build/DevBoard/production/_ext/1844592860/MAX30102.o
 .debug_abbrev  0x00003e51       0x2e c:/program files/microchip/xc32/v4.00/bin/bin/../../lib/gcc/pic32c/8.3.1/../../../../pic32c/lib/thumb/v7e-m+dp/hard\libpic32c.a(data_init.o)
 .debug_abbrev  0x00003e7f      0x126 c:/program files/microchip/xc32/v4.00/bin/bin/../../lib/gcc/pic32c/8.3.1/../../../../pic32c/lib/thumb/v7e-m+dp/hard\libc-musl.a(__libc_start_main.o)
 .debug_abbrev  0x00003fa5       0xc7 c:/program files/microchip/xc32/v4.00/bin/bin/../../lib/gcc/pic32c/8.3.1/../../../../pic32c/lib/thumb/v7e-m+dp/hard\libc-musl.a(libc.o)
 .debug_abbrev  0x0000406c      0x178 c:/program files/microchip/xc32/v4.00/bin/bin/../../lib/gcc/pic32c/8.3.1/../../../../pic32c/lib/thumb/v7e-m+dp/hard\libc-musl.a(stdin.o)
 .debug_abbrev  0x000041e4      0x157 c:/program files/microchip/xc32/v4.00/bin/bin/../../lib/gcc/pic32c/8.3.1/../../../../pic32c/lib/thumb/v7e-m+dp/hard\libc-musl.a(stdout.o)
 .debug_abbrev  0x0000433b      0x112 c:/program files/microchip/xc32/v4.00/bin/bin/../../lib/gcc/pic32c/8.3.1/../../../../pic32c/lib/thumb/v7e-m+dp/hard\libc-musl.a(printf.o)
 .debug_abbrev  0x0000444d      0x151 c:/program files/microchip/xc32/v4.00/bin/bin/../../lib/gcc/pic32c/8.3.1/../../../../pic32c/lib/thumb/v7e-m+dp/hard\libc-musl.a(puts.o)
 .debug_abbrev  0x0000459e       0xba c:/program files/microchip/xc32/v4.00/bin/bin/../../lib/gcc/pic32c/8.3.1/../../../../pic32c/lib/thumb/v7e-m+dp/hard\libc-musl.a(setbuf.o)
 .debug_abbrev  0x00004658       0x9c c:/program files/microchip/xc32/v4.00/bin/bin/../../lib/gcc/pic32c/8.3.1/../../../../pic32c/lib/thumb/v7e-m+dp/hard\libc-musl.a(memcpy.o)
 .debug_abbrev  0x000046f4       0x97 c:/program files/microchip/xc32/v4.00/bin/bin/../../lib/gcc/pic32c/8.3.1/../../../../pic32c/lib/thumb/v7e-m+dp/hard\libc-musl.a(memset.o)
 .debug_abbrev  0x0000478b       0xc7 c:/program files/microchip/xc32/v4.00/bin/bin/../../lib/gcc/pic32c/8.3.1/../../../../pic32c/lib/thumb/v7e-m+dp/hard\libc-musl.a(__environ.o)
 .debug_abbrev  0x00004852      0x13d c:/program files/microchip/xc32/v4.00/bin/bin/../../lib/gcc/pic32c/8.3.1/../../../../pic32c/lib/thumb/v7e-m+dp/hard\libc-musl.a(fputs.o)
 .debug_abbrev  0x0000498f      0x163 c:/program files/microchip/xc32/v4.00/bin/bin/../../lib/gcc/pic32c/8.3.1/../../../../pic32c/lib/thumb/v7e-m+dp/hard\libc-musl.a(__stdio_read.o)
 .debug_abbrev  0x00004af2       0xef c:/program files/microchip/xc32/v4.00/bin/bin/../../lib/gcc/pic32c/8.3.1/../../../../pic32c/lib/thumb/v7e-m+dp/hard\libc-musl.a(__towrite_rw.o)
 .debug_abbrev  0x00004be1      0x14b c:/program files/microchip/xc32/v4.00/bin/bin/../../lib/gcc/pic32c/8.3.1/../../../../pic32c/lib/thumb/v7e-m+dp/hard\libc-musl.a(fwrite.o)
 .debug_abbrev  0x00004d2c      0x14c c:/program files/microchip/xc32/v4.00/bin/bin/../../lib/gcc/pic32c/8.3.1/../../../../pic32c/lib/thumb/v7e-m+dp/hard\libc-musl.a(putc.o)
 .debug_abbrev  0x00004e78      0x158 c:/program files/microchip/xc32/v4.00/bin/bin/../../lib/gcc/pic32c/8.3.1/../../../../pic32c/lib/thumb/v7e-m+dp/hard\libc-musl.a(setvbuf.o)
 .debug_abbrev  0x00004fd0      0x180 c:/program files/microchip/xc32/v4.00/bin/bin/../../lib/gcc/pic32c/8.3.1/../../../../pic32c/lib/thumb/v7e-m+dp/hard\libc-musl.a(vfprintf.o)
 .debug_abbrev  0x00005150       0x86 c:/program files/microchip/xc32/v4.00/bin/bin/../../lib/gcc/pic32c/8.3.1/../../../../pic32c/lib/thumb/v7e-m+dp/hard\libc-musl.a(strlen.o)
 .debug_abbrev  0x000051d6      0x13e c:/program files/microchip/xc32/v4.00/bin/bin/../../lib/gcc/pic32c/8.3.1/../../../../pic32c/lib/thumb/v7e-m+dp/hard\libc-musl.a(readv.o)
 .debug_abbrev  0x00005314      0x413 c:/program files/microchip/xc32/v4.00/bin/bin/../../lib/gcc/pic32c/8.3.1/../../../../pic32c/lib/thumb/v7e-m+dp/hard\libc-musl.a(malloc.o)
 .debug_abbrev  0x00005727      0x112 c:/program files/microchip/xc32/v4.00/bin/bin/../../lib/gcc/pic32c/8.3.1/../../../../pic32c/lib/thumb/v7e-m+dp/hard\libc-musl.a(expand_heap.o)
 .debug_abbrev  0x00005839       0xf8 c:/program files/microchip/xc32/v4.00/bin/bin/../../lib/gcc/pic32c/8.3.1/../../../../pic32c/lib/thumb/v7e-m+dp/hard\libc-musl.a(__init_stdio.o)
 .debug_abbrev  0x00005931      0x1ac c:/program files/microchip/xc32/v4.00/bin/bin/../../lib/gcc/pic32c/8.3.1/../../../../pic32c/lib/thumb/v7e-m+dp/hard\libc-musl.a(__out.o)
 .debug_abbrev  0x00005add      0x2e8 c:/program files/microchip/xc32/v4.00/bin/bin/../../lib/gcc/pic32c/8.3.1/../../../../pic32c/lib/thumb/v7e-m+dp/hard\libc-musl.a(__printf_core.o)
 .debug_abbrev  0x00005dc5      0x12f c:/program files/microchip/xc32/v4.00/bin/bin/../../lib/gcc/pic32c/8.3.1/../../../../pic32c/lib/thumb/v7e-m+dp/hard\libc-musl.a(__putc.o)
 .debug_abbrev  0x00005ef4      0x167 c:/program files/microchip/xc32/v4.00/bin/bin/../../lib/gcc/pic32c/8.3.1/../../../../pic32c/lib/thumb/v7e-m+dp/hard\libc-musl.a(__stderr.o)
 .debug_abbrev  0x0000605b      0x135 c:/program files/microchip/xc32/v4.00/bin/bin/../../lib/gcc/pic32c/8.3.1/../../../../pic32c/lib/thumb/v7e-m+dp/hard\libc-musl.a(__stdio_close.o)
 .debug_abbrev  0x00006190      0x1c4 c:/program files/microchip/xc32/v4.00/bin/bin/../../lib/gcc/pic32c/8.3.1/../../../../pic32c/lib/thumb/v7e-m+dp/hard\libc-musl.a(__stdio_write.o)
 .debug_abbrev  0x00006354      0x167 c:/program files/microchip/xc32/v4.00/bin/bin/../../lib/gcc/pic32c/8.3.1/../../../../pic32c/lib/thumb/v7e-m+dp/hard\libc-musl.a(__stdout.o)
 .debug_abbrev  0x000064bb      0x134 c:/program files/microchip/xc32/v4.00/bin/bin/../../lib/gcc/pic32c/8.3.1/../../../../pic32c/lib/thumb/v7e-m+dp/hard\libc-musl.a(__towrite.o)
 .debug_abbrev  0x000065ef       0xbb c:/program files/microchip/xc32/v4.00/bin/bin/../../lib/gcc/pic32c/8.3.1/../../../../pic32c/lib/thumb/v7e-m+dp/hard\libc-musl.a(atoi.o)
 .debug_abbrev  0x000066aa      0x11e c:/program files/microchip/xc32/v4.00/bin/bin/../../lib/gcc/pic32c/8.3.1/../../../../pic32c/lib/thumb/v7e-m+dp/hard\libc-musl.a(read.o)
 .debug_abbrev  0x000067c8      0x13e c:/program files/microchip/xc32/v4.00/bin/bin/../../lib/gcc/pic32c/8.3.1/../../../../pic32c/lib/thumb/v7e-m+dp/hard\libc-musl.a(writev.o)
 .debug_abbrev  0x00006906      0x126 c:/program files/microchip/xc32/v4.00/bin/bin/../../lib/gcc/pic32c/8.3.1/../../../../pic32c/lib/thumb/v7e-m+dp/hard\libc-musl.a(tolower.o)
 .debug_abbrev  0x00006a2c       0xba c:/program files/microchip/xc32/v4.00/bin/bin/../../lib/gcc/pic32c/8.3.1/../../../../pic32c/lib/thumb/v7e-m+dp/hard\libc-musl.a(__errno_location.o)
 .debug_abbrev  0x00006ae6       0xdf c:/program files/microchip/xc32/v4.00/bin/bin/../../lib/gcc/pic32c/8.3.1/../../../../pic32c/lib/thumb/v7e-m+dp/hard\libc-musl.a(syscall_ret.o)
 .debug_abbrev  0x00006bc5      0x138 c:/program files/microchip/xc32/v4.00/bin/bin/../../lib/gcc/pic32c/8.3.1/../../../../pic32c/lib/thumb/v7e-m+dp/hard\libc-musl.a(__overflow.o)
 .debug_abbrev  0x00006cfd      0x1ff c:/program files/microchip/xc32/v4.00/bin/bin/../../lib/gcc/pic32c/8.3.1/../../../../pic32c/lib/thumb/v7e-m+dp/hard\libc-musl.a(__fmt_a.o)
 .debug_abbrev  0x00006efc      0x16f c:/program files/microchip/xc32/v4.00/bin/bin/../../lib/gcc/pic32c/8.3.1/../../../../pic32c/lib/thumb/v7e-m+dp/hard\libc-musl.a(__fmt_d.o)
 .debug_abbrev  0x0000706b      0x1f0 c:/program files/microchip/xc32/v4.00/bin/bin/../../lib/gcc/pic32c/8.3.1/../../../../pic32c/lib/thumb/v7e-m+dp/hard\libc-musl.a(__fmt_fp.o)
 .debug_abbrev  0x0000725b      0x16f c:/program files/microchip/xc32/v4.00/bin/bin/../../lib/gcc/pic32c/8.3.1/../../../../pic32c/lib/thumb/v7e-m+dp/hard\libc-musl.a(__fmt_o.o)
 .debug_abbrev  0x000073ca      0x14f c:/program files/microchip/xc32/v4.00/bin/bin/../../lib/gcc/pic32c/8.3.1/../../../../pic32c/lib/thumb/v7e-m+dp/hard\libc-musl.a(__fmt_s.o)
 .debug_abbrev  0x00007519      0x1b2 c:/program files/microchip/xc32/v4.00/bin/bin/../../lib/gcc/pic32c/8.3.1/../../../../pic32c/lib/thumb/v7e-m+dp/hard\libc-musl.a(__fmt_u.o)
 .debug_abbrev  0x000076cb      0x15e c:/program files/microchip/xc32/v4.00/bin/bin/../../lib/gcc/pic32c/8.3.1/../../../../pic32c/lib/thumb/v7e-m+dp/hard\libc-musl.a(__fmt_x.o)
 .debug_abbrev  0x00007829      0x188 c:/program files/microchip/xc32/v4.00/bin/bin/../../lib/gcc/pic32c/8.3.1/../../../../pic32c/lib/thumb/v7e-m+dp/hard\libc-musl.a(__fwrite.o)
 .debug_abbrev  0x000079b1      0x11b c:/program files/microchip/xc32/v4.00/bin/bin/../../lib/gcc/pic32c/8.3.1/../../../../pic32c/lib/thumb/v7e-m+dp/hard\libc-musl.a(__pop_float.o)
 .debug_abbrev  0x00007acc      0x11b c:/program files/microchip/xc32/v4.00/bin/bin/../../lib/gcc/pic32c/8.3.1/../../../../pic32c/lib/thumb/v7e-m+dp/hard\libc-musl.a(__pop_int.o)
 .debug_abbrev  0x00007be7      0x12c c:/program files/microchip/xc32/v4.00/bin/bin/../../lib/gcc/pic32c/8.3.1/../../../../pic32c/lib/thumb/v7e-m+dp/hard\libc-musl.a(__pop_ptr.o)
 .debug_abbrev  0x00007d13       0x8e c:/program files/microchip/xc32/v4.00/bin/bin/../../lib/gcc/pic32c/8.3.1/../../../../pic32c/lib/thumb/v7e-m+dp/hard\libc-musl.a(strcpy.o)
 .debug_abbrev  0x00007da1      0x126 c:/program files/microchip/xc32/v4.00/bin/bin/../../lib/gcc/pic32c/8.3.1/../../../../pic32c/lib/thumb/v7e-m+dp/hard\libc-musl.a(toupper.o)
 .debug_abbrev  0x00007ec7       0xdf c:/program files/microchip/xc32/v4.00/bin/bin/../../lib/gcc/pic32c/8.3.1/../../../../pic32c/lib/thumb/v7e-m+dp/hard\libc-musl.a(stpcpy.o)
 .debug_abbrev  0x00007fa6       0x14 c:/program files/microchip/xc32/v4.00/bin/bin/../../lib/gcc/pic32c/8.3.1/thumb/v7e-m+dp/hard\libgcc.a(_aeabi_uldivmod.o)
 .debug_abbrev  0x00007fba      0x192 c:/program files/microchip/xc32/v4.00/bin/bin/../../lib/gcc/pic32c/8.3.1/thumb/v7e-m+dp/hard\libgcc.a(_udivmoddi4.o)
 .debug_abbrev  0x0000814c       0x14 c:/program files/microchip/xc32/v4.00/bin/bin/../../lib/gcc/pic32c/8.3.1/thumb/v7e-m+dp/hard\libgcc.a(_dvmd_tls.o)
 .debug_abbrev  0x00008160       0x2e c:/program files/microchip/xc32/v4.00/bin/bin/../../lib/gcc/pic32c/8.3.1/../../../../pic32c/lib/thumb/v7e-m+dp/hard\libpic32c.a(close.o)
 .debug_abbrev  0x0000818e       0x2e c:/program files/microchip/xc32/v4.00/bin/bin/../../lib/gcc/pic32c/8.3.1/../../../../pic32c/lib/thumb/v7e-m+dp/hard\libpic32c.a(lseek.o)
 .debug_abbrev  0x000081bc       0x2e c:/program files/microchip/xc32/v4.00/bin/bin/../../lib/gcc/pic32c/8.3.1/../../../../pic32c/lib/thumb/v7e-m+dp/hard\libpic32c.a(sbrk.o)
 .debug_abbrev  0x000081ea       0x2e c:/program files/microchip/xc32/v4.00/bin/bin/../../lib/gcc/pic32c/8.3.1/../../../../pic32c/lib/thumb/v7e-m+dp/hard\libpic32c.a(write.o)

.debug_loc      0x00000000     0xd610
 .debug_loc     0x00000000      0x786 build/DevBoard/production/_ext/1164684806/drv_bm71.o
 .debug_loc     0x00000786      0x5b6 build/DevBoard/production/_ext/1164684806/drv_bm71_ble.o
 .debug_loc     0x00000d3c       0xa2 build/DevBoard/production/_ext/1164684806/drv_bm71_command_decode.o
 .debug_loc     0x00000dde      0x239 build/DevBoard/production/_ext/1164684806/drv_bm71_command_send.o
 .debug_loc     0x00001017       0xd5 build/DevBoard/production/_ext/1164684806/drv_bm71_uart.o
 .debug_loc     0x000010ec      0x611 build/DevBoard/production/_ext/975528730/plib_efc.o
 .debug_loc     0x000016fd      0x1bd build/DevBoard/production/_ext/176903338/plib_nvic.o
 .debug_loc     0x000018ba      0x39d build/DevBoard/production/_ext/975539406/plib_pio.o
 .debug_loc     0x00001c57      0x280 build/DevBoard/production/_ext/975541657/plib_rtc.o
 .debug_loc     0x00001ed7      0x1a5 build/DevBoard/production/_ext/975541674/plib_rtt.o
 .debug_loc     0x0000207c       0xeb build/DevBoard/production/_ext/177051549/plib_supc.o
 .debug_loc     0x00002167       0x46 build/DevBoard/production/_ext/522720201/plib_tc0.o
 .debug_loc     0x000021ad      0x6b3 build/DevBoard/production/_ext/29817896/plib_twihs0_master.o
 .debug_loc     0x00002860      0x6f6 build/DevBoard/production/_ext/1195404349/plib_usart1.o
 .debug_loc     0x00002f56      0x631 build/DevBoard/production/_ext/1195404349/plib_usart0.o
 .debug_loc     0x00003587       0xf0 build/DevBoard/production/_ext/1583257634/xc32_monitor.o
 .debug_loc     0x00003677      0x182 build/DevBoard/production/_ext/1497937361/sys_int.o
 .debug_loc     0x000037f9     0x2317 build/DevBoard/production/_ext/1790450025/sys_time.o
 .debug_loc     0x00005b10       0x45 build/DevBoard/production/_ext/1844592860/initialization.o
 .debug_loc     0x00005b55       0xa7 build/DevBoard/production/_ext/1844592860/startup_xc32.o
 .debug_loc     0x00005bfc       0x20 build/DevBoard/production/_ext/1844592860/tasks.o
 .debug_loc     0x00005c1c      0x311 build/DevBoard/production/_ext/1360937237/main.o
 .debug_loc     0x00005f2d       0xb9 build/DevBoard/production/_ext/1360937237/app.o
 .debug_loc     0x00005fe6     0x150c build/DevBoard/production/_ext/1844592860/MAX30102.o
 .debug_loc     0x000074f2       0x14 c:/program files/microchip/xc32/v4.00/bin/bin/../../lib/gcc/pic32c/8.3.1/../../../../pic32c/lib/thumb/v7e-m+dp/hard\libpic32c.a(data_init.o)
 .debug_loc     0x00007506       0x51 c:/program files/microchip/xc32/v4.00/bin/bin/../../lib/gcc/pic32c/8.3.1/../../../../pic32c/lib/thumb/v7e-m+dp/hard\libc-musl.a(__libc_start_main.o)
 .debug_loc     0x00007557       0x25 c:/program files/microchip/xc32/v4.00/bin/bin/../../lib/gcc/pic32c/8.3.1/../../../../pic32c/lib/thumb/v7e-m+dp/hard\libc-musl.a(stdin.o)
 .debug_loc     0x0000757c       0x20 c:/program files/microchip/xc32/v4.00/bin/bin/../../lib/gcc/pic32c/8.3.1/../../../../pic32c/lib/thumb/v7e-m+dp/hard\libc-musl.a(stdout.o)
 .debug_loc     0x0000759c       0x65 c:/program files/microchip/xc32/v4.00/bin/bin/../../lib/gcc/pic32c/8.3.1/../../../../pic32c/lib/thumb/v7e-m+dp/hard\libc-musl.a(printf.o)
 .debug_loc     0x00007601       0x6a c:/program files/microchip/xc32/v4.00/bin/bin/../../lib/gcc/pic32c/8.3.1/../../../../pic32c/lib/thumb/v7e-m+dp/hard\libc-musl.a(puts.o)
 .debug_loc     0x0000766b       0x4a c:/program files/microchip/xc32/v4.00/bin/bin/../../lib/gcc/pic32c/8.3.1/../../../../pic32c/lib/thumb/v7e-m+dp/hard\libc-musl.a(setbuf.o)
 .debug_loc     0x000076b5       0xba c:/program files/microchip/xc32/v4.00/bin/bin/../../lib/gcc/pic32c/8.3.1/../../../../pic32c/lib/thumb/v7e-m+dp/hard\libc-musl.a(memcpy.o)
 .debug_loc     0x0000776f       0x56 c:/program files/microchip/xc32/v4.00/bin/bin/../../lib/gcc/pic32c/8.3.1/../../../../pic32c/lib/thumb/v7e-m+dp/hard\libc-musl.a(memset.o)
 .debug_loc     0x000077c5       0x93 c:/program files/microchip/xc32/v4.00/bin/bin/../../lib/gcc/pic32c/8.3.1/../../../../pic32c/lib/thumb/v7e-m+dp/hard\libc-musl.a(fputs.o)
 .debug_loc     0x00007858      0x103 c:/program files/microchip/xc32/v4.00/bin/bin/../../lib/gcc/pic32c/8.3.1/../../../../pic32c/lib/thumb/v7e-m+dp/hard\libc-musl.a(__stdio_read.o)
 .debug_loc     0x0000795b       0x25 c:/program files/microchip/xc32/v4.00/bin/bin/../../lib/gcc/pic32c/8.3.1/../../../../pic32c/lib/thumb/v7e-m+dp/hard\libc-musl.a(__towrite_rw.o)
 .debug_loc     0x00007980      0x17e c:/program files/microchip/xc32/v4.00/bin/bin/../../lib/gcc/pic32c/8.3.1/../../../../pic32c/lib/thumb/v7e-m+dp/hard\libc-musl.a(fwrite.o)
 .debug_loc     0x00007afe      0x123 c:/program files/microchip/xc32/v4.00/bin/bin/../../lib/gcc/pic32c/8.3.1/../../../../pic32c/lib/thumb/v7e-m+dp/hard\libc-musl.a(putc.o)
 .debug_loc     0x00007c21       0xd8 c:/program files/microchip/xc32/v4.00/bin/bin/../../lib/gcc/pic32c/8.3.1/../../../../pic32c/lib/thumb/v7e-m+dp/hard\libc-musl.a(setvbuf.o)
 .debug_loc     0x00007cf9       0x88 c:/program files/microchip/xc32/v4.00/bin/bin/../../lib/gcc/pic32c/8.3.1/../../../../pic32c/lib/thumb/v7e-m+dp/hard\libc-musl.a(vfprintf.o)
 .debug_loc     0x00007d81       0x47 c:/program files/microchip/xc32/v4.00/bin/bin/../../lib/gcc/pic32c/8.3.1/../../../../pic32c/lib/thumb/v7e-m+dp/hard\libc-musl.a(strlen.o)
 .debug_loc     0x00007dc8       0xeb c:/program files/microchip/xc32/v4.00/bin/bin/../../lib/gcc/pic32c/8.3.1/../../../../pic32c/lib/thumb/v7e-m+dp/hard\libc-musl.a(readv.o)
 .debug_loc     0x00007eb3      0xccc c:/program files/microchip/xc32/v4.00/bin/bin/../../lib/gcc/pic32c/8.3.1/../../../../pic32c/lib/thumb/v7e-m+dp/hard\libc-musl.a(malloc.o)
 .debug_loc     0x00008b7f       0x7c c:/program files/microchip/xc32/v4.00/bin/bin/../../lib/gcc/pic32c/8.3.1/../../../../pic32c/lib/thumb/v7e-m+dp/hard\libc-musl.a(expand_heap.o)
 .debug_loc     0x00008bfb       0x20 c:/program files/microchip/xc32/v4.00/bin/bin/../../lib/gcc/pic32c/8.3.1/../../../../pic32c/lib/thumb/v7e-m+dp/hard\libc-musl.a(__init_stdio.o)
 .debug_loc     0x00008c1b      0x1a8 c:/program files/microchip/xc32/v4.00/bin/bin/../../lib/gcc/pic32c/8.3.1/../../../../pic32c/lib/thumb/v7e-m+dp/hard\libc-musl.a(__out.o)
 .debug_loc     0x00008dc3      0x638 c:/program files/microchip/xc32/v4.00/bin/bin/../../lib/gcc/pic32c/8.3.1/../../../../pic32c/lib/thumb/v7e-m+dp/hard\libc-musl.a(__printf_core.o)
 .debug_loc     0x000093fb      0x114 c:/program files/microchip/xc32/v4.00/bin/bin/../../lib/gcc/pic32c/8.3.1/../../../../pic32c/lib/thumb/v7e-m+dp/hard\libc-musl.a(__putc.o)
 .debug_loc     0x0000950f       0x25 c:/program files/microchip/xc32/v4.00/bin/bin/../../lib/gcc/pic32c/8.3.1/../../../../pic32c/lib/thumb/v7e-m+dp/hard\libc-musl.a(__stderr.o)
 .debug_loc     0x00009534      0x22c c:/program files/microchip/xc32/v4.00/bin/bin/../../lib/gcc/pic32c/8.3.1/../../../../pic32c/lib/thumb/v7e-m+dp/hard\libc-musl.a(__stdio_close.o)
 .debug_loc     0x00009760      0x2f1 c:/program files/microchip/xc32/v4.00/bin/bin/../../lib/gcc/pic32c/8.3.1/../../../../pic32c/lib/thumb/v7e-m+dp/hard\libc-musl.a(__stdio_write.o)
 .debug_loc     0x00009a51       0x25 c:/program files/microchip/xc32/v4.00/bin/bin/../../lib/gcc/pic32c/8.3.1/../../../../pic32c/lib/thumb/v7e-m+dp/hard\libc-musl.a(__stdout.o)
 .debug_loc     0x00009a76       0x7c c:/program files/microchip/xc32/v4.00/bin/bin/../../lib/gcc/pic32c/8.3.1/../../../../pic32c/lib/thumb/v7e-m+dp/hard\libc-musl.a(__towrite.o)
 .debug_loc     0x00009af2       0xd8 c:/program files/microchip/xc32/v4.00/bin/bin/../../lib/gcc/pic32c/8.3.1/../../../../pic32c/lib/thumb/v7e-m+dp/hard\libc-musl.a(atoi.o)
 .debug_loc     0x00009bca       0x6f c:/program files/microchip/xc32/v4.00/bin/bin/../../lib/gcc/pic32c/8.3.1/../../../../pic32c/lib/thumb/v7e-m+dp/hard\libc-musl.a(read.o)
 .debug_loc     0x00009c39       0xeb c:/program files/microchip/xc32/v4.00/bin/bin/../../lib/gcc/pic32c/8.3.1/../../../../pic32c/lib/thumb/v7e-m+dp/hard\libc-musl.a(writev.o)
 .debug_loc     0x00009d24       0x4a c:/program files/microchip/xc32/v4.00/bin/bin/../../lib/gcc/pic32c/8.3.1/../../../../pic32c/lib/thumb/v7e-m+dp/hard\libc-musl.a(tolower.o)
 .debug_loc     0x00009d6e       0x25 c:/program files/microchip/xc32/v4.00/bin/bin/../../lib/gcc/pic32c/8.3.1/../../../../pic32c/lib/thumb/v7e-m+dp/hard\libc-musl.a(syscall_ret.o)
 .debug_loc     0x00009d93       0xb6 c:/program files/microchip/xc32/v4.00/bin/bin/../../lib/gcc/pic32c/8.3.1/../../../../pic32c/lib/thumb/v7e-m+dp/hard\libc-musl.a(__overflow.o)
 .debug_loc     0x00009e49      0xb78 c:/program files/microchip/xc32/v4.00/bin/bin/../../lib/gcc/pic32c/8.3.1/../../../../pic32c/lib/thumb/v7e-m+dp/hard\libc-musl.a(__fmt_a.o)
 .debug_loc     0x0000a9c1      0x1ef c:/program files/microchip/xc32/v4.00/bin/bin/../../lib/gcc/pic32c/8.3.1/../../../../pic32c/lib/thumb/v7e-m+dp/hard\libc-musl.a(__fmt_d.o)
 .debug_loc     0x0000abb0      0xa8d c:/program files/microchip/xc32/v4.00/bin/bin/../../lib/gcc/pic32c/8.3.1/../../../../pic32c/lib/thumb/v7e-m+dp/hard\libc-musl.a(__fmt_fp.o)
 .debug_loc     0x0000b63d      0x10a c:/program files/microchip/xc32/v4.00/bin/bin/../../lib/gcc/pic32c/8.3.1/../../../../pic32c/lib/thumb/v7e-m+dp/hard\libc-musl.a(__fmt_o.o)
 .debug_loc     0x0000b747      0x157 c:/program files/microchip/xc32/v4.00/bin/bin/../../lib/gcc/pic32c/8.3.1/../../../../pic32c/lib/thumb/v7e-m+dp/hard\libc-musl.a(__fmt_s.o)
 .debug_loc     0x0000b89e      0x2a2 c:/program files/microchip/xc32/v4.00/bin/bin/../../lib/gcc/pic32c/8.3.1/../../../../pic32c/lib/thumb/v7e-m+dp/hard\libc-musl.a(__fmt_u.o)
 .debug_loc     0x0000bb40      0x2a8 c:/program files/microchip/xc32/v4.00/bin/bin/../../lib/gcc/pic32c/8.3.1/../../../../pic32c/lib/thumb/v7e-m+dp/hard\libc-musl.a(__fmt_x.o)
 .debug_loc     0x0000bde8      0x12f c:/program files/microchip/xc32/v4.00/bin/bin/../../lib/gcc/pic32c/8.3.1/../../../../pic32c/lib/thumb/v7e-m+dp/hard\libc-musl.a(__fwrite.o)
 .debug_loc     0x0000bf17       0xa6 c:/program files/microchip/xc32/v4.00/bin/bin/../../lib/gcc/pic32c/8.3.1/../../../../pic32c/lib/thumb/v7e-m+dp/hard\libc-musl.a(__pop_float.o)
 .debug_loc     0x0000bfbd      0x312 c:/program files/microchip/xc32/v4.00/bin/bin/../../lib/gcc/pic32c/8.3.1/../../../../pic32c/lib/thumb/v7e-m+dp/hard\libc-musl.a(__pop_int.o)
 .debug_loc     0x0000c2cf      0x1db c:/program files/microchip/xc32/v4.00/bin/bin/../../lib/gcc/pic32c/8.3.1/../../../../pic32c/lib/thumb/v7e-m+dp/hard\libc-musl.a(__pop_ptr.o)
 .debug_loc     0x0000c4aa       0x67 c:/program files/microchip/xc32/v4.00/bin/bin/../../lib/gcc/pic32c/8.3.1/../../../../pic32c/lib/thumb/v7e-m+dp/hard\libc-musl.a(strcpy.o)
 .debug_loc     0x0000c511       0x4a c:/program files/microchip/xc32/v4.00/bin/bin/../../lib/gcc/pic32c/8.3.1/../../../../pic32c/lib/thumb/v7e-m+dp/hard\libc-musl.a(toupper.o)
 .debug_loc     0x0000c55b       0x60 c:/program files/microchip/xc32/v4.00/bin/bin/../../lib/gcc/pic32c/8.3.1/../../../../pic32c/lib/thumb/v7e-m+dp/hard\libc-musl.a(stpcpy.o)
 .debug_loc     0x0000c5bb     0x1041 c:/program files/microchip/xc32/v4.00/bin/bin/../../lib/gcc/pic32c/8.3.1/thumb/v7e-m+dp/hard\libgcc.a(_udivmoddi4.o)
 .debug_loc     0x0000d5fc       0x14 c:/program files/microchip/xc32/v4.00/bin/bin/../../lib/gcc/pic32c/8.3.1/../../../../pic32c/lib/thumb/v7e-m+dp/hard\libpic32c.a(write.o)

.debug_aranges  0x00000000     0x1300
 .debug_aranges
                0x00000000       0xa8 build/DevBoard/production/_ext/1164684806/drv_bm71.o
 .debug_aranges
                0x000000a8       0x60 build/DevBoard/production/_ext/1164684806/drv_bm71_ble.o
 .debug_aranges
                0x00000108       0x38 build/DevBoard/production/_ext/1164684806/drv_bm71_command_decode.o
 .debug_aranges
                0x00000140       0x48 build/DevBoard/production/_ext/1164684806/drv_bm71_command_send.o
 .debug_aranges
                0x00000188       0x38 build/DevBoard/production/_ext/1164684806/drv_bm71_gpio.o
 .debug_aranges
                0x000001c0       0x48 build/DevBoard/production/_ext/1164684806/drv_bm71_uart.o
 .debug_aranges
                0x00000208       0x20 build/DevBoard/production/_ext/975527002/plib_clk.o
 .debug_aranges
                0x00000228       0x70 build/DevBoard/production/_ext/975528730/plib_efc.o
 .debug_aranges
                0x00000298       0x38 build/DevBoard/production/_ext/176903338/plib_nvic.o
 .debug_aranges
                0x000002d0       0x88 build/DevBoard/production/_ext/975539406/plib_pio.o
 .debug_aranges
                0x00000358       0x30 build/DevBoard/production/_ext/975541657/plib_rtc.o
 .debug_aranges
                0x00000388       0x70 build/DevBoard/production/_ext/975541674/plib_rtt.o
 .debug_aranges
                0x000003f8       0x48 build/DevBoard/production/_ext/177051549/plib_supc.o
 .debug_aranges
                0x00000440       0x68 build/DevBoard/production/_ext/522720201/plib_tc0.o
 .debug_aranges
                0x000004a8       0x70 build/DevBoard/production/_ext/29817896/plib_twihs0_master.o
 .debug_aranges
                0x00000518       0x70 build/DevBoard/production/_ext/1195404349/plib_usart1.o
 .debug_aranges
                0x00000588       0x88 build/DevBoard/production/_ext/1195404349/plib_usart0.o
 .debug_aranges
                0x00000610       0x28 build/DevBoard/production/_ext/1583257634/xc32_monitor.o
 .debug_aranges
                0x00000638       0x40 build/DevBoard/production/_ext/1497937361/sys_int.o
 .debug_aranges
                0x00000678      0x130 build/DevBoard/production/_ext/1790450025/sys_time.o
 .debug_aranges
                0x000007a8       0x20 build/DevBoard/production/_ext/1844592860/initialization.o
 .debug_aranges
                0x000007c8       0x20 build/DevBoard/production/_ext/1844592860/interrupts.o
 .debug_aranges
                0x000007e8       0x48 build/DevBoard/production/_ext/1844592860/exceptions.o
 .debug_aranges
                0x00000830       0x28 build/DevBoard/production/_ext/1844592860/startup_xc32.o
 .debug_aranges
                0x00000858       0x20 build/DevBoard/production/_ext/1844592860/tasks.o
 .debug_aranges
                0x00000878       0x60 build/DevBoard/production/_ext/1360937237/main.o
 .debug_aranges
                0x000008d8       0x38 build/DevBoard/production/_ext/1360937237/app.o
 .debug_aranges
                0x00000910      0x178 build/DevBoard/production/_ext/1844592860/MAX30102.o
 .debug_aranges
                0x00000a88       0x20 c:/program files/microchip/xc32/v4.00/bin/bin/../../lib/gcc/pic32c/8.3.1/../../../../pic32c/lib/thumb/v7e-m+dp/hard\libpic32c.a(data_init.o)
 .debug_aranges
                0x00000aa8       0x28 c:/program files/microchip/xc32/v4.00/bin/bin/../../lib/gcc/pic32c/8.3.1/../../../../pic32c/lib/thumb/v7e-m+dp/hard\libc-musl.a(__libc_start_main.o)
 .debug_aranges
                0x00000ad0       0x18 c:/program files/microchip/xc32/v4.00/bin/bin/../../lib/gcc/pic32c/8.3.1/../../../../pic32c/lib/thumb/v7e-m+dp/hard\libc-musl.a(libc.o)
 .debug_aranges
                0x00000ae8       0x28 c:/program files/microchip/xc32/v4.00/bin/bin/../../lib/gcc/pic32c/8.3.1/../../../../pic32c/lib/thumb/v7e-m+dp/hard\libc-musl.a(stdin.o)
 .debug_aranges
                0x00000b10       0x30 c:/program files/microchip/xc32/v4.00/bin/bin/../../lib/gcc/pic32c/8.3.1/../../../../pic32c/lib/thumb/v7e-m+dp/hard\libc-musl.a(stdout.o)
 .debug_aranges
                0x00000b40       0x20 c:/program files/microchip/xc32/v4.00/bin/bin/../../lib/gcc/pic32c/8.3.1/../../../../pic32c/lib/thumb/v7e-m+dp/hard\libc-musl.a(printf.o)
 .debug_aranges
                0x00000b60       0x20 c:/program files/microchip/xc32/v4.00/bin/bin/../../lib/gcc/pic32c/8.3.1/../../../../pic32c/lib/thumb/v7e-m+dp/hard\libc-musl.a(puts.o)
 .debug_aranges
                0x00000b80       0x20 c:/program files/microchip/xc32/v4.00/bin/bin/../../lib/gcc/pic32c/8.3.1/../../../../pic32c/lib/thumb/v7e-m+dp/hard\libc-musl.a(setbuf.o)
 .debug_aranges
                0x00000ba0       0x20 c:/program files/microchip/xc32/v4.00/bin/bin/../../lib/gcc/pic32c/8.3.1/../../../../pic32c/lib/thumb/v7e-m+dp/hard\libc-musl.a(memcpy.o)
 .debug_aranges
                0x00000bc0       0x20 c:/program files/microchip/xc32/v4.00/bin/bin/../../lib/gcc/pic32c/8.3.1/../../../../pic32c/lib/thumb/v7e-m+dp/hard\libc-musl.a(memset.o)
 .debug_aranges
                0x00000be0       0x18 c:/program files/microchip/xc32/v4.00/bin/bin/../../lib/gcc/pic32c/8.3.1/../../../../pic32c/lib/thumb/v7e-m+dp/hard\libc-musl.a(__environ.o)
 .debug_aranges
                0x00000bf8       0x20 c:/program files/microchip/xc32/v4.00/bin/bin/../../lib/gcc/pic32c/8.3.1/../../../../pic32c/lib/thumb/v7e-m+dp/hard\libc-musl.a(fputs.o)
 .debug_aranges
                0x00000c18       0x20 c:/program files/microchip/xc32/v4.00/bin/bin/../../lib/gcc/pic32c/8.3.1/../../../../pic32c/lib/thumb/v7e-m+dp/hard\libc-musl.a(__stdio_read.o)
 .debug_aranges
                0x00000c38       0x20 c:/program files/microchip/xc32/v4.00/bin/bin/../../lib/gcc/pic32c/8.3.1/../../../../pic32c/lib/thumb/v7e-m+dp/hard\libc-musl.a(__towrite_rw.o)
 .debug_aranges
                0x00000c58       0x28 c:/program files/microchip/xc32/v4.00/bin/bin/../../lib/gcc/pic32c/8.3.1/../../../../pic32c/lib/thumb/v7e-m+dp/hard\libc-musl.a(fwrite.o)
 .debug_aranges
                0x00000c80       0x30 c:/program files/microchip/xc32/v4.00/bin/bin/../../lib/gcc/pic32c/8.3.1/../../../../pic32c/lib/thumb/v7e-m+dp/hard\libc-musl.a(putc.o)
 .debug_aranges
                0x00000cb0       0x28 c:/program files/microchip/xc32/v4.00/bin/bin/../../lib/gcc/pic32c/8.3.1/../../../../pic32c/lib/thumb/v7e-m+dp/hard\libc-musl.a(setvbuf.o)
 .debug_aranges
                0x00000cd8       0x28 c:/program files/microchip/xc32/v4.00/bin/bin/../../lib/gcc/pic32c/8.3.1/../../../../pic32c/lib/thumb/v7e-m+dp/hard\libc-musl.a(vfprintf.o)
 .debug_aranges
                0x00000d00       0x20 c:/program files/microchip/xc32/v4.00/bin/bin/../../lib/gcc/pic32c/8.3.1/../../../../pic32c/lib/thumb/v7e-m+dp/hard\libc-musl.a(strlen.o)
 .debug_aranges
                0x00000d20       0x20 c:/program files/microchip/xc32/v4.00/bin/bin/../../lib/gcc/pic32c/8.3.1/../../../../pic32c/lib/thumb/v7e-m+dp/hard\libc-musl.a(readv.o)
 .debug_aranges
                0x00000d40       0x70 c:/program files/microchip/xc32/v4.00/bin/bin/../../lib/gcc/pic32c/8.3.1/../../../../pic32c/lib/thumb/v7e-m+dp/hard\libc-musl.a(malloc.o)
 .debug_aranges
                0x00000db0       0x20 c:/program files/microchip/xc32/v4.00/bin/bin/../../lib/gcc/pic32c/8.3.1/../../../../pic32c/lib/thumb/v7e-m+dp/hard\libc-musl.a(expand_heap.o)
 .debug_aranges
                0x00000dd0       0x28 c:/program files/microchip/xc32/v4.00/bin/bin/../../lib/gcc/pic32c/8.3.1/../../../../pic32c/lib/thumb/v7e-m+dp/hard\libc-musl.a(__init_stdio.o)
 .debug_aranges
                0x00000df8       0x28 c:/program files/microchip/xc32/v4.00/bin/bin/../../lib/gcc/pic32c/8.3.1/../../../../pic32c/lib/thumb/v7e-m+dp/hard\libc-musl.a(__out.o)
 .debug_aranges
                0x00000e20       0x50 c:/program files/microchip/xc32/v4.00/bin/bin/../../lib/gcc/pic32c/8.3.1/../../../../pic32c/lib/thumb/v7e-m+dp/hard\libc-musl.a(__printf_core.o)
 .debug_aranges
                0x00000e70       0x20 c:/program files/microchip/xc32/v4.00/bin/bin/../../lib/gcc/pic32c/8.3.1/../../../../pic32c/lib/thumb/v7e-m+dp/hard\libc-musl.a(__putc.o)
 .debug_aranges
                0x00000e90       0x30 c:/program files/microchip/xc32/v4.00/bin/bin/../../lib/gcc/pic32c/8.3.1/../../../../pic32c/lib/thumb/v7e-m+dp/hard\libc-musl.a(__stderr.o)
 .debug_aranges
                0x00000ec0       0x28 c:/program files/microchip/xc32/v4.00/bin/bin/../../lib/gcc/pic32c/8.3.1/../../../../pic32c/lib/thumb/v7e-m+dp/hard\libc-musl.a(__stdio_close.o)
 .debug_aranges
                0x00000ee8       0x28 c:/program files/microchip/xc32/v4.00/bin/bin/../../lib/gcc/pic32c/8.3.1/../../../../pic32c/lib/thumb/v7e-m+dp/hard\libc-musl.a(__stdio_write.o)
 .debug_aranges
                0x00000f10       0x30 c:/program files/microchip/xc32/v4.00/bin/bin/../../lib/gcc/pic32c/8.3.1/../../../../pic32c/lib/thumb/v7e-m+dp/hard\libc-musl.a(__stdout.o)
 .debug_aranges
                0x00000f40       0x28 c:/program files/microchip/xc32/v4.00/bin/bin/../../lib/gcc/pic32c/8.3.1/../../../../pic32c/lib/thumb/v7e-m+dp/hard\libc-musl.a(__towrite.o)
 .debug_aranges
                0x00000f68       0x20 c:/program files/microchip/xc32/v4.00/bin/bin/../../lib/gcc/pic32c/8.3.1/../../../../pic32c/lib/thumb/v7e-m+dp/hard\libc-musl.a(atoi.o)
 .debug_aranges
                0x00000f88       0x20 c:/program files/microchip/xc32/v4.00/bin/bin/../../lib/gcc/pic32c/8.3.1/../../../../pic32c/lib/thumb/v7e-m+dp/hard\libc-musl.a(read.o)
 .debug_aranges
                0x00000fa8       0x20 c:/program files/microchip/xc32/v4.00/bin/bin/../../lib/gcc/pic32c/8.3.1/../../../../pic32c/lib/thumb/v7e-m+dp/hard\libc-musl.a(writev.o)
 .debug_aranges
                0x00000fc8       0x28 c:/program files/microchip/xc32/v4.00/bin/bin/../../lib/gcc/pic32c/8.3.1/../../../../pic32c/lib/thumb/v7e-m+dp/hard\libc-musl.a(tolower.o)
 .debug_aranges
                0x00000ff0       0x18 c:/program files/microchip/xc32/v4.00/bin/bin/../../lib/gcc/pic32c/8.3.1/../../../../pic32c/lib/thumb/v7e-m+dp/hard\libc-musl.a(__errno_location.o)
 .debug_aranges
                0x00001008       0x20 c:/program files/microchip/xc32/v4.00/bin/bin/../../lib/gcc/pic32c/8.3.1/../../../../pic32c/lib/thumb/v7e-m+dp/hard\libc-musl.a(syscall_ret.o)
 .debug_aranges
                0x00001028       0x20 c:/program files/microchip/xc32/v4.00/bin/bin/../../lib/gcc/pic32c/8.3.1/../../../../pic32c/lib/thumb/v7e-m+dp/hard\libc-musl.a(__overflow.o)
 .debug_aranges
                0x00001048       0x20 c:/program files/microchip/xc32/v4.00/bin/bin/../../lib/gcc/pic32c/8.3.1/../../../../pic32c/lib/thumb/v7e-m+dp/hard\libc-musl.a(__fmt_a.o)
 .debug_aranges
                0x00001068       0x20 c:/program files/microchip/xc32/v4.00/bin/bin/../../lib/gcc/pic32c/8.3.1/../../../../pic32c/lib/thumb/v7e-m+dp/hard\libc-musl.a(__fmt_d.o)
 .debug_aranges
                0x00001088       0x20 c:/program files/microchip/xc32/v4.00/bin/bin/../../lib/gcc/pic32c/8.3.1/../../../../pic32c/lib/thumb/v7e-m+dp/hard\libc-musl.a(__fmt_fp.o)
 .debug_aranges
                0x000010a8       0x20 c:/program files/microchip/xc32/v4.00/bin/bin/../../lib/gcc/pic32c/8.3.1/../../../../pic32c/lib/thumb/v7e-m+dp/hard\libc-musl.a(__fmt_o.o)
 .debug_aranges
                0x000010c8       0x20 c:/program files/microchip/xc32/v4.00/bin/bin/../../lib/gcc/pic32c/8.3.1/../../../../pic32c/lib/thumb/v7e-m+dp/hard\libc-musl.a(__fmt_s.o)
 .debug_aranges
                0x000010e8       0x28 c:/program files/microchip/xc32/v4.00/bin/bin/../../lib/gcc/pic32c/8.3.1/../../../../pic32c/lib/thumb/v7e-m+dp/hard\libc-musl.a(__fmt_u.o)
 .debug_aranges
                0x00001110       0x20 c:/program files/microchip/xc32/v4.00/bin/bin/../../lib/gcc/pic32c/8.3.1/../../../../pic32c/lib/thumb/v7e-m+dp/hard\libc-musl.a(__fmt_x.o)
 .debug_aranges
                0x00001130       0x28 c:/program files/microchip/xc32/v4.00/bin/bin/../../lib/gcc/pic32c/8.3.1/../../../../pic32c/lib/thumb/v7e-m+dp/hard\libc-musl.a(__fwrite.o)
 .debug_aranges
                0x00001158       0x20 c:/program files/microchip/xc32/v4.00/bin/bin/../../lib/gcc/pic32c/8.3.1/../../../../pic32c/lib/thumb/v7e-m+dp/hard\libc-musl.a(__pop_float.o)
 .debug_aranges
                0x00001178       0x20 c:/program files/microchip/xc32/v4.00/bin/bin/../../lib/gcc/pic32c/8.3.1/../../../../pic32c/lib/thumb/v7e-m+dp/hard\libc-musl.a(__pop_int.o)
 .debug_aranges
                0x00001198       0x20 c:/program files/microchip/xc32/v4.00/bin/bin/../../lib/gcc/pic32c/8.3.1/../../../../pic32c/lib/thumb/v7e-m+dp/hard\libc-musl.a(__pop_ptr.o)
 .debug_aranges
                0x000011b8       0x20 c:/program files/microchip/xc32/v4.00/bin/bin/../../lib/gcc/pic32c/8.3.1/../../../../pic32c/lib/thumb/v7e-m+dp/hard\libc-musl.a(strcpy.o)
 .debug_aranges
                0x000011d8       0x28 c:/program files/microchip/xc32/v4.00/bin/bin/../../lib/gcc/pic32c/8.3.1/../../../../pic32c/lib/thumb/v7e-m+dp/hard\libc-musl.a(toupper.o)
 .debug_aranges
                0x00001200       0x20 c:/program files/microchip/xc32/v4.00/bin/bin/../../lib/gcc/pic32c/8.3.1/../../../../pic32c/lib/thumb/v7e-m+dp/hard\libc-musl.a(stpcpy.o)
 .debug_aranges
                0x00001220       0x20 c:/program files/microchip/xc32/v4.00/bin/bin/../../lib/gcc/pic32c/8.3.1/thumb/v7e-m+dp/hard\libgcc.a(_aeabi_uldivmod.o)
 .debug_aranges
                0x00001240       0x20 c:/program files/microchip/xc32/v4.00/bin/bin/../../lib/gcc/pic32c/8.3.1/thumb/v7e-m+dp/hard\libgcc.a(_udivmoddi4.o)
 .debug_aranges
                0x00001260       0x20 c:/program files/microchip/xc32/v4.00/bin/bin/../../lib/gcc/pic32c/8.3.1/thumb/v7e-m+dp/hard\libgcc.a(_dvmd_tls.o)
 .debug_aranges
                0x00001280       0x20 c:/program files/microchip/xc32/v4.00/bin/bin/../../lib/gcc/pic32c/8.3.1/../../../../pic32c/lib/thumb/v7e-m+dp/hard\libpic32c.a(close.o)
 .debug_aranges
                0x000012a0       0x20 c:/program files/microchip/xc32/v4.00/bin/bin/../../lib/gcc/pic32c/8.3.1/../../../../pic32c/lib/thumb/v7e-m+dp/hard\libpic32c.a(lseek.o)
 .debug_aranges
                0x000012c0       0x20 c:/program files/microchip/xc32/v4.00/bin/bin/../../lib/gcc/pic32c/8.3.1/../../../../pic32c/lib/thumb/v7e-m+dp/hard\libpic32c.a(sbrk.o)
 .debug_aranges
                0x000012e0       0x20 c:/program files/microchip/xc32/v4.00/bin/bin/../../lib/gcc/pic32c/8.3.1/../../../../pic32c/lib/thumb/v7e-m+dp/hard\libpic32c.a(write.o)

.debug_ranges   0x00000000     0x1210
 .debug_ranges  0x00000000       0xb0 build/DevBoard/production/_ext/1164684806/drv_bm71.o
 .debug_ranges  0x000000b0       0x50 build/DevBoard/production/_ext/1164684806/drv_bm71_ble.o
 .debug_ranges  0x00000100       0x28 build/DevBoard/production/_ext/1164684806/drv_bm71_command_decode.o
 .debug_ranges  0x00000128       0x70 build/DevBoard/production/_ext/1164684806/drv_bm71_command_send.o
 .debug_ranges  0x00000198       0x28 build/DevBoard/production/_ext/1164684806/drv_bm71_gpio.o
 .debug_ranges  0x000001c0       0x38 build/DevBoard/production/_ext/1164684806/drv_bm71_uart.o
 .debug_ranges  0x000001f8       0x10 build/DevBoard/production/_ext/975527002/plib_clk.o
 .debug_ranges  0x00000208       0x90 build/DevBoard/production/_ext/975528730/plib_efc.o
 .debug_ranges  0x00000298       0x28 build/DevBoard/production/_ext/176903338/plib_nvic.o
 .debug_ranges  0x000002c0       0x78 build/DevBoard/production/_ext/975539406/plib_pio.o
 .debug_ranges  0x00000338      0x128 build/DevBoard/production/_ext/975541657/plib_rtc.o
 .debug_ranges  0x00000460       0x60 build/DevBoard/production/_ext/975541674/plib_rtt.o
 .debug_ranges  0x000004c0       0x38 build/DevBoard/production/_ext/177051549/plib_supc.o
 .debug_ranges  0x000004f8       0x58 build/DevBoard/production/_ext/522720201/plib_tc0.o
 .debug_ranges  0x00000550       0x60 build/DevBoard/production/_ext/29817896/plib_twihs0_master.o
 .debug_ranges  0x000005b0       0x60 build/DevBoard/production/_ext/1195404349/plib_usart1.o
 .debug_ranges  0x00000610       0x78 build/DevBoard/production/_ext/1195404349/plib_usart0.o
 .debug_ranges  0x00000688       0x18 build/DevBoard/production/_ext/1583257634/xc32_monitor.o
 .debug_ranges  0x000006a0       0x48 build/DevBoard/production/_ext/1497937361/sys_int.o
 .debug_ranges  0x000006e8      0x180 build/DevBoard/production/_ext/1790450025/sys_time.o
 .debug_ranges  0x00000868       0x10 build/DevBoard/production/_ext/1844592860/initialization.o
 .debug_ranges  0x00000878       0x10 build/DevBoard/production/_ext/1844592860/interrupts.o
 .debug_ranges  0x00000888       0x38 build/DevBoard/production/_ext/1844592860/exceptions.o
 .debug_ranges  0x000008c0       0x48 build/DevBoard/production/_ext/1844592860/startup_xc32.o
 .debug_ranges  0x00000908       0x10 build/DevBoard/production/_ext/1844592860/tasks.o
 .debug_ranges  0x00000918       0x50 build/DevBoard/production/_ext/1360937237/main.o
 .debug_ranges  0x00000968       0x28 build/DevBoard/production/_ext/1360937237/app.o
 .debug_ranges  0x00000990      0x168 build/DevBoard/production/_ext/1844592860/MAX30102.o
 .debug_ranges  0x00000af8       0x10 c:/program files/microchip/xc32/v4.00/bin/bin/../../lib/gcc/pic32c/8.3.1/../../../../pic32c/lib/thumb/v7e-m+dp/hard\libpic32c.a(data_init.o)
 .debug_ranges  0x00000b08       0x40 c:/program files/microchip/xc32/v4.00/bin/bin/../../lib/gcc/pic32c/8.3.1/../../../../pic32c/lib/thumb/v7e-m+dp/hard\libc-musl.a(__libc_start_main.o)
 .debug_ranges  0x00000b48       0x18 c:/program files/microchip/xc32/v4.00/bin/bin/../../lib/gcc/pic32c/8.3.1/../../../../pic32c/lib/thumb/v7e-m+dp/hard\libc-musl.a(stdin.o)
 .debug_ranges  0x00000b60       0x20 c:/program files/microchip/xc32/v4.00/bin/bin/../../lib/gcc/pic32c/8.3.1/../../../../pic32c/lib/thumb/v7e-m+dp/hard\libc-musl.a(stdout.o)
 .debug_ranges  0x00000b80       0x10 c:/program files/microchip/xc32/v4.00/bin/bin/../../lib/gcc/pic32c/8.3.1/../../../../pic32c/lib/thumb/v7e-m+dp/hard\libc-musl.a(printf.o)
 .debug_ranges  0x00000b90       0x10 c:/program files/microchip/xc32/v4.00/bin/bin/../../lib/gcc/pic32c/8.3.1/../../../../pic32c/lib/thumb/v7e-m+dp/hard\libc-musl.a(puts.o)
 .debug_ranges  0x00000ba0       0x10 c:/program files/microchip/xc32/v4.00/bin/bin/../../lib/gcc/pic32c/8.3.1/../../../../pic32c/lib/thumb/v7e-m+dp/hard\libc-musl.a(setbuf.o)
 .debug_ranges  0x00000bb0       0x10 c:/program files/microchip/xc32/v4.00/bin/bin/../../lib/gcc/pic32c/8.3.1/../../../../pic32c/lib/thumb/v7e-m+dp/hard\libc-musl.a(memcpy.o)
 .debug_ranges  0x00000bc0       0x10 c:/program files/microchip/xc32/v4.00/bin/bin/../../lib/gcc/pic32c/8.3.1/../../../../pic32c/lib/thumb/v7e-m+dp/hard\libc-musl.a(memset.o)
 .debug_ranges  0x00000bd0       0x10 c:/program files/microchip/xc32/v4.00/bin/bin/../../lib/gcc/pic32c/8.3.1/../../../../pic32c/lib/thumb/v7e-m+dp/hard\libc-musl.a(fputs.o)
 .debug_ranges  0x00000be0       0x10 c:/program files/microchip/xc32/v4.00/bin/bin/../../lib/gcc/pic32c/8.3.1/../../../../pic32c/lib/thumb/v7e-m+dp/hard\libc-musl.a(__stdio_read.o)
 .debug_ranges  0x00000bf0       0x10 c:/program files/microchip/xc32/v4.00/bin/bin/../../lib/gcc/pic32c/8.3.1/../../../../pic32c/lib/thumb/v7e-m+dp/hard\libc-musl.a(__towrite_rw.o)
 .debug_ranges  0x00000c00       0x18 c:/program files/microchip/xc32/v4.00/bin/bin/../../lib/gcc/pic32c/8.3.1/../../../../pic32c/lib/thumb/v7e-m+dp/hard\libc-musl.a(fwrite.o)
 .debug_ranges  0x00000c18       0x20 c:/program files/microchip/xc32/v4.00/bin/bin/../../lib/gcc/pic32c/8.3.1/../../../../pic32c/lib/thumb/v7e-m+dp/hard\libc-musl.a(putc.o)
 .debug_ranges  0x00000c38       0x18 c:/program files/microchip/xc32/v4.00/bin/bin/../../lib/gcc/pic32c/8.3.1/../../../../pic32c/lib/thumb/v7e-m+dp/hard\libc-musl.a(setvbuf.o)
 .debug_ranges  0x00000c50       0x18 c:/program files/microchip/xc32/v4.00/bin/bin/../../lib/gcc/pic32c/8.3.1/../../../../pic32c/lib/thumb/v7e-m+dp/hard\libc-musl.a(vfprintf.o)
 .debug_ranges  0x00000c68       0x10 c:/program files/microchip/xc32/v4.00/bin/bin/../../lib/gcc/pic32c/8.3.1/../../../../pic32c/lib/thumb/v7e-m+dp/hard\libc-musl.a(strlen.o)
 .debug_ranges  0x00000c78       0x10 c:/program files/microchip/xc32/v4.00/bin/bin/../../lib/gcc/pic32c/8.3.1/../../../../pic32c/lib/thumb/v7e-m+dp/hard\libc-musl.a(readv.o)
 .debug_ranges  0x00000c88      0x1a0 c:/program files/microchip/xc32/v4.00/bin/bin/../../lib/gcc/pic32c/8.3.1/../../../../pic32c/lib/thumb/v7e-m+dp/hard\libc-musl.a(malloc.o)
 .debug_ranges  0x00000e28       0x10 c:/program files/microchip/xc32/v4.00/bin/bin/../../lib/gcc/pic32c/8.3.1/../../../../pic32c/lib/thumb/v7e-m+dp/hard\libc-musl.a(expand_heap.o)
 .debug_ranges  0x00000e38       0x18 c:/program files/microchip/xc32/v4.00/bin/bin/../../lib/gcc/pic32c/8.3.1/../../../../pic32c/lib/thumb/v7e-m+dp/hard\libc-musl.a(__init_stdio.o)
 .debug_ranges  0x00000e50       0x18 c:/program files/microchip/xc32/v4.00/bin/bin/../../lib/gcc/pic32c/8.3.1/../../../../pic32c/lib/thumb/v7e-m+dp/hard\libc-musl.a(__out.o)